Component: ARM Compiler 5.06 update 7 (build 960) Tool: armlink [4d3601]

==============================================================================

Section Cross References

    main.o(i.advertising_init) refers to memseta.o(.text) for __aeabi_memclr4
    main.o(i.advertising_init) refers to ble_advdata.o(i.ble_advdata_encode) for ble_advdata_encode
    main.o(i.advertising_init) refers to app_error.o(i.app_error_handler_bare) for app_error_handler_bare
    main.o(i.advertising_init) refers to main.o(.constdata) for .constdata
    main.o(i.advertising_init) refers to main.o(.bss) for .bss
    main.o(i.advertising_init) refers to main.o(.data) for .data
    main.o(i.advertising_start) refers to app_error.o(i.app_error_handler_bare) for app_error_handler_bare
    main.o(i.advertising_start) refers to boards.o(i.bsp_board_led_on) for bsp_board_led_on
    main.o(i.advertising_start) refers to main.o(.data) for .data
    main.o(i.assert_nrf_callback) refers to app_error_handler_keil.o(.emb_text) for app_error_handler
    main.o(i.ble_evt_handler) refers to nrf_log_frontend.o(i.nrf_log_frontend_std_0) for nrf_log_frontend_std_0
    main.o(i.ble_evt_handler) refers to boards.o(i.bsp_board_led_on) for bsp_board_led_on
    main.o(i.ble_evt_handler) refers to boards.o(i.bsp_board_led_off) for bsp_board_led_off
    main.o(i.ble_evt_handler) refers to nrf_ble_qwr.o(i.nrf_ble_qwr_conn_handle_assign) for nrf_ble_qwr_conn_handle_assign
    main.o(i.ble_evt_handler) refers to app_error.o(i.app_error_handler_bare) for app_error_handler_bare
    main.o(i.ble_evt_handler) refers to app_button.o(i.app_button_enable) for app_button_enable
    main.o(i.ble_evt_handler) refers to app_button.o(i.app_button_disable) for app_button_disable
    main.o(i.ble_evt_handler) refers to main.o(i.advertising_start) for advertising_start
    main.o(i.ble_evt_handler) refers to main.o(.data) for .data
    main.o(i.ble_evt_handler) refers to nrf_log_frontend.o(log_const_data) for m_nrf_log_app_logs_data_const
    main.o(i.ble_evt_handler) refers to main.o(.bss) for .bss
    main.o(i.button_event_handler) refers to nrf_log_frontend.o(i.nrf_log_frontend_std_0) for nrf_log_frontend_std_0
    main.o(i.button_event_handler) refers to ble_lbs.o(i.ble_lbs_on_button_change) for ble_lbs_on_button_change
    main.o(i.button_event_handler) refers to app_error.o(i.app_error_handler_bare) for app_error_handler_bare
    main.o(i.button_event_handler) refers to nrf_log_frontend.o(log_const_data) for m_nrf_log_app_logs_data_const
    main.o(i.button_event_handler) refers to main.o(.bss) for .bss
    main.o(i.button_event_handler) refers to main.o(.data) for .data
    main.o(i.conn_params_error_handler) refers to app_error.o(i.app_error_handler_bare) for app_error_handler_bare
    main.o(i.led_write_handler) refers to boards.o(i.bsp_board_led_on) for bsp_board_led_on
    main.o(i.led_write_handler) refers to boards.o(i.bsp_board_led_off) for bsp_board_led_off
    main.o(i.led_write_handler) refers to nrf_log_frontend.o(i.nrf_log_frontend_std_0) for nrf_log_frontend_std_0
    main.o(i.led_write_handler) refers to nrf_log_frontend.o(log_const_data) for m_nrf_log_app_logs_data_const
    main.o(i.main) refers to nrf_log_frontend.o(i.nrf_log_init) for nrf_log_init
    main.o(i.main) refers to app_error.o(i.app_error_handler_bare) for app_error_handler_bare
    main.o(i.main) refers to nrf_log_default_backends.o(i.nrf_log_default_backends_init) for nrf_log_default_backends_init
    main.o(i.main) refers to boards.o(i.bsp_board_init) for bsp_board_init
    main.o(i.main) refers to app_timer2.o(i.app_timer_init) for app_timer_init
    main.o(i.main) refers to app_button.o(i.app_button_init) for app_button_init
    main.o(i.main) refers to nrf_pwr_mgmt.o(i.nrf_pwr_mgmt_init) for nrf_pwr_mgmt_init
    main.o(i.main) refers to nrf_sdh.o(i.nrf_sdh_enable_request) for nrf_sdh_enable_request
    main.o(i.main) refers to nrf_sdh_ble.o(i.nrf_sdh_ble_default_cfg_set) for nrf_sdh_ble_default_cfg_set
    main.o(i.main) refers to nrf_sdh_ble.o(i.nrf_sdh_ble_enable) for nrf_sdh_ble_enable
    main.o(i.main) refers to nrf_ble_gatt.o(i.nrf_ble_gatt_init) for nrf_ble_gatt_init
    main.o(i.main) refers to nrf_ble_qwr.o(i.nrf_ble_qwr_init) for nrf_ble_qwr_init
    main.o(i.main) refers to ble_lbs.o(i.ble_lbs_init) for ble_lbs_init
    main.o(i.main) refers to main.o(i.advertising_init) for advertising_init
    main.o(i.main) refers to memseta.o(.text) for __aeabi_memclr4
    main.o(i.main) refers to ble_conn_params.o(i.ble_conn_params_init) for ble_conn_params_init
    main.o(i.main) refers to nrf_log_frontend.o(i.nrf_log_frontend_std_0) for nrf_log_frontend_std_0
    main.o(i.main) refers to main.o(i.advertising_start) for advertising_start
    main.o(i.main) refers to nrf_log_frontend.o(i.nrf_log_frontend_dequeue) for nrf_log_frontend_dequeue
    main.o(i.main) refers to nrf_pwr_mgmt.o(i.nrf_pwr_mgmt_run) for nrf_pwr_mgmt_run
[...]
    m_nrf_sdh_ble_evts_poll                  0x0002bcb4   Data           8  nrf_sdh_ble.o(sdh_stack_observers0)
    sdh_stack_observers0                     0x0002bcbc   Section        8  nrf_sdh_soc.o(sdh_stack_observers0)
    __tagsym$$used                           0x0002bcbc   Number         0  nrf_sdh_soc.o(sdh_stack_observers0)
    m_nrf_sdh_soc_evts_poll                  0x0002bcbc   Data           8  nrf_sdh_soc.o(sdh_stack_observers0)
    sdh_state_observers0                     0x0002bcc4   Section        8  nrf_drv_clock.o(sdh_state_observers0)
    __tagsym$$used                           0x0002bcc4   Number         0  nrf_drv_clock.o(sdh_state_observers0)
    m_sd_state_observer                      0x0002bcc4   Data           8  nrf_drv_clock.o(sdh_state_observers0)
    .data                                    0x200022f0   Section       28  main.o(.data)
    m_adv_handle                             0x200022f0   Data           1  main.o(.data)
    m_conn_handle                            0x200022f2   Data           2  main.o(.data)
    buttons                                  0x200022f4   Data           8  main.o(.data)
    m_adv_data                               0x200022fc   Data          16  main.o(.data)
    .data                                    0x2000230c   Section        8  ble_conn_params.o(.data)
    m_preferred_conn_params                  0x2000230c   Data           8  ble_conn_params.o(.data)
    .data                                    0x20002314   Section       12  nrf_drv_uart.o(.data)
    m_handlers                               0x20002318   Data           4  nrf_drv_uart.o(.data)
    m_contexts                               0x2000231c   Data           4  nrf_drv_uart.o(.data)
    .data                                    0x20002320   Section        8  nrfx_clock.o(.data)
    m_clock_cb                               0x20002320   Data           8  nrfx_clock.o(.data)
    .data                                    0x20002328   Section        8  nrfx_prs.o(.data)
    m_prs_box_4                              0x20002328   Data           8  nrfx_prs.o(.data)
    .data                                    0x20002330   Section       24  app_button.o(.data)
    m_button_count                           0x20002330   Data           1  app_button.o(.data)
    mp_buttons                               0x20002334   Data           4  app_button.o(.data)
    m_detection_delay                        0x20002338   Data           4  app_button.o(.data)
    m_pin_active                             0x20002340   Data           8  app_button.o(.data)
    .data                                    0x20002348   Section       32  app_button.o(.data)
    m_detection_delay_timer_id_data          0x20002348   Data          32  app_button.o(.data)
    .data                                    0x20002368   Section       32  app_timer2.o(.data)
    m_global_active                          0x20002368   Data           1  app_timer2.o(.data)
    mp_active_timer                          0x2000236c   Data           4  app_timer2.o(.data)
    m_rtc_inst                               0x20002370   Data           8  app_timer2.o(.data)
    m_base_counter                           0x20002378   Data           8  app_timer2.o(.data)
    m_stamp64                                0x20002380   Data           8  app_timer2.o(.data)
    .data                                    0x20002388   Section        4  app_timer2.o(.data)
    m_app_timer_sortlist_sortlist_cb         0x20002388   Data           4  app_timer2.o(.data)
    .data                                    0x2000238c   Section       12  drv_rtc.o(.data)
    m_handlers                               0x2000238c   Data           4  drv_rtc.o(.data)
    m_cb                                     0x20002390   Data           8  drv_rtc.o(.data)
    .data                                    0x20002398   Section        8  nrf_pwr_mgmt.o(.data)
    m_pwr_mgmt_evt                           0x20002398   Data           1  nrf_pwr_mgmt.o(.data)
    m_shutdown_started                       0x20002399   Data           1  nrf_pwr_mgmt.o(.data)
    m_sysoff_mtx                             0x2000239c   Data           4  nrf_pwr_mgmt.o(.data)
    .data                                    0x200023a0   Section       24  nrf_log_backend_uart.o(.data)
    m_xfer_done                              0x200023a0   Data           1  nrf_log_backend_uart.o(.data)
    m_async_mode                             0x200023a1   Data           1  nrf_log_backend_uart.o(.data)
    .data                                    0x200023b8   Section        8  nrf_log_default_backends.o(.data)
    log_backend_cb_uart_log_backend          0x200023b8   Data           8  nrf_log_default_backends.o(.data)
    .data                                    0x200023c0   Section        4  nrf_log_frontend.o(.data)
    m_buffer_mask                            0x200023c0   Data           4  nrf_log_frontend.o(.data)
    .data                                    0x200023c4   Section        8  nrf_log_frontend.o(.data)
    log_mempool_nrf_balloc_pool_stack        0x200023c4   Data           8  nrf_log_frontend.o(.data)
    .data                                    0x200023cc   Section        8  nrf_log_frontend.o(.data)
    log_mempool_nrf_balloc_cb                0x200023cc   Data           8  nrf_log_frontend.o(.data)
    .data                                    0x200023d4   Section       64  nrf_log_str_formatter.o(.data)
    m_freq                                   0x200023d4   Data           4  nrf_log_str_formatter.o(.data)
    m_timestamp_div                          0x200023d8   Data           4  nrf_log_str_formatter.o(.data)
    severity_names                           0x200023dc   Data          20  nrf_log_str_formatter.o(.data)
    m_colors                                 0x200023f0   Data          36  nrf_log_str_formatter.o(.data)
    .data                                    0x20002414   Section        3  nrf_sdh.o(.data)
    m_nrf_sdh_enabled                        0x20002414   Data           1  nrf_sdh.o(.data)
    m_nrf_sdh_suspended                      0x20002415   Data           1  nrf_sdh.o(.data)
    m_nrf_sdh_continue                       0x20002416   Data           1  nrf_sdh.o(.data)
    .data                                    0x20002417   Section        1  nrf_sdh_ble.o(.data)
    m_stack_is_enabled                       0x20002417   Data           1  nrf_sdh_ble.o(.data)
    .data                                    0x20002418   Section        4  system_nrf52.o(.data)
    __tagsym$$used                           0x20002418   Number         0  system_nrf52.o(.data)
    .bss                                     0x2000241c   Section       56  main.o(.bss)
    m_lbs                                    0x2000241c   Data          24  main.o(.bss)
    m_gatt                                   0x20002434   Data          20  main.o(.bss)
    m_qwr                                    0x20002448   Data          12  main.o(.bss)
    .bss                                     0x20002454   Section       31  main.o(.bss)
    m_enc_advdata                            0x20002454   Data          31  main.o(.bss)
    .bss                                     0x20002473   Section       31  main.o(.bss)
    m_enc_scan_response_data                 0x20002473   Data          31  main.o(.bss)
    .bss                                     0x20002498   Section       80  ble_conn_params.o(.bss)
    m_timer_data                             0x20002498   Data          32  ble_conn_params.o(.bss)
    m_conn_params_instances                  0x200024b8   Data          20  ble_conn_params.o(.bss)
    m_conn_params_config                     0x200024cc   Data          28  ble_conn_params.o(.bss)
    .bss                                     0x200024e8   Section      124  ble_conn_state.o(.bss)
    m_bcs                                    0x200024e8   Data         124  ble_conn_state.o(.bss)
    .bss                                     0x20002564   Section       20  nrf_drv_clock.o(.bss)
    m_clock_cb                               0x20002564   Data          20  nrf_drv_clock.o(.bss)
    .bss                                     0x20002578   Section       92  nrfx_gpiote.o(.bss)
    m_cb                                     0x20002578   Data          92  nrfx_gpiote.o(.bss)
    .bss                                     0x200025d4   Section       44  nrfx_uart.o(.bss)
    m_cb                                     0x200025d4   Data          44  nrfx_uart.o(.bss)
    .bss                                     0x20002600   Section       36  nrfx_uarte.o(.bss)
    m_cb                                     0x20002600   Data          36  nrfx_uarte.o(.bss)
    .bss                                     0x20002624   Section       16  app_button.o(.bss)
    m_pin_states                             0x20002624   Data          16  app_button.o(.bss)
    .bss                                     0x20002634   Section       16  app_timer2.o(.bss)
    m_req_fifo_inst                          0x20002634   Data          16  app_timer2.o(.bss)
    .bss                                     0x20002644   Section       88  app_timer2.o(.bss)
    m_req_fifo_data                          0x20002644   Data          88  app_timer2.o(.bss)
    .bss                                     0x2000269c   Section       12  app_util_platform.o(.bss)
    .bss                                     0x200026a8   Section       12  nrf_pwr_mgmt.o(.bss)
    m_handlers_iter                          0x200026a8   Data          12  nrf_pwr_mgmt.o(.bss)
    .bss                                     0x200026b4   Section       64  nrf_log_backend_uart.o(.bss)
    m_string_buff                            0x200026b4   Data          64  nrf_log_backend_uart.o(.bss)
    .bss                                     0x200026f4   Section      192  nrf_log_frontend.o(.bss)
    log_mempool_nrf_balloc_pool_mem          0x200026f4   Data         192  nrf_log_frontend.o(.bss)
    .bss                                     0x200027b4   Section      128  nrf_log_frontend.o(.bss)
    m_log_push_ringbuf_buf                   0x200027b4   Data         128  nrf_log_frontend.o(.bss)
    .bss                                     0x20002834   Section       24  nrf_log_frontend.o(.bss)
    m_log_push_ringbuf_cb                    0x20002834   Data          24  nrf_log_frontend.o(.bss)
    .bss                                     0x2000284c   Section     1056  nrf_log_frontend.o(.bss)
    m_log_data                               0x2000284c   Data        1056  nrf_log_frontend.o(.bss)
    STACK                                    0x20002c70   Section     8192  arm_startup_nrf52.o(STACK)

    Global Symbols

    Symbol Name                              Value     Ov Type        Size  Object(Section)

    BuildAttributes$$THM_ISAv4$E$P$D$K$B$S$7EM$VFPi3$EXTD16$VFPS$VFMA$PE$A:L22UL41UL21$X:L11$S22US41US21$IEEE1$IW$USESV6$~STKCKD$USESV7$~SHL$OSPACE$EBA8$MICROLIB$REQ8$EABIv2 0x00000000   Number         0  anon$$obj.o ABSOLUTE
    __ARM_use_no_argv                        0x00000000   Number         0  main.o ABSOLUTE
    __use_no_errno                           0x00000000   Number         0  useno.o ABSOLUTE
    __use_no_exception_handling              0x00000000   Number         0  useno.o ABSOLUTE
    __use_no_fp                              0x00000000   Number         0  useno.o ABSOLUTE
    __use_no_heap                            0x00000000   Number         0  useno.o ABSOLUTE
    __use_no_heap_region                     0x00000000   Number         0  useno.o ABSOLUTE
    __use_no_semihosting                     0x00000000   Number         0  useno.o ABSOLUTE
    __use_no_semihosting_swi                 0x00000000   Number         0  useno.o ABSOLUTE
    __use_no_signal_handling                 0x00000000   Number         0  useno.o ABSOLUTE
    __arm_fini_                               - Undefined Weak Reference
    __cpp_initialize__aeabi_                  - Undefined Weak Reference
    __cxa_finalize                            - Undefined Weak Reference
    _clock_init                               - Undefined Weak Reference
    _microlib_exit                            - Undefined Weak Reference
    log_dynamic_data$$Base                    - Undefined Reference
    pwr_mgmt_data0$$Base                      - Undefined Reference
    pwr_mgmt_data0$$Limit                     - Undefined Reference
    pwr_mgmt_data1$$Base                      - Undefined Reference
    pwr_mgmt_data1$$Limit                     - Undefined Reference
    pwr_mgmt_data2$$Base                      - Undefined Reference
    pwr_mgmt_data2$$Limit                     - Undefined Reference
    sdh_req_observers0$$Base                  - Undefined Reference
    sdh_req_observers0$$Limit                 - Undefined Reference
    sdh_req_observers1$$Base                  - Undefined Reference
    sdh_req_observers1$$Limit                 - Undefined Reference
    sdh_soc_observers1$$Base                  - Undefined Reference
    sdh_soc_observers1$$Limit                 - Undefined Reference
    sdh_stack_observers1$$Base                - Undefined Reference
    sdh_stack_observers1$$Limit               - Undefined Reference
    sdh_state_observers1$$Base                - Undefined Reference
    sdh_state_observers1$$Limit               - Undefined Reference
    __Vectors_Size                           0x00000200   Number         0  arm_startup_nrf52.o ABSOLUTE
    __Vectors                                0x00026000   Data           4  arm_startup_nrf52.o(RESET)
    __Vectors_End                            0x00026200   Data           0  arm_startup_nrf52.o(RESET)
    __main                                   0x00026201   Thumb Code     0  entry.o(.ARM.Collect$$$$00000000)
    _main_stk                                0x00026201   Thumb Code     0  entry2.o(.ARM.Collect$$$$00000001)
    _main_scatterload                        0x00026205   Thumb Code     0  entry5.o(.ARM.Collect$$$$00000004)
    __main_after_scatterload                 0x00026209   Thumb Code     0  entry5.o(.ARM.Collect$$$$00000004)
    _main_clock                              0x00026209   Thumb Code     0  entry7b.o(.ARM.Collect$$$$00000008)
    _main_cpp_init                           0x00026209   Thumb Code     0  entry8b.o(.ARM.Collect$$$$0000000A)
    _main_init                               0x00026209   Thumb Code     0  entry9a.o(.ARM.Collect$$$$0000000B)
    __rt_lib_shutdown_fini                   0x00026211   Thumb Code     0  entry12b.o(.ARM.Collect$$$$0000000E)
    __rt_final_cpp                           0x00026215   Thumb Code     0  entry10a.o(.ARM.Collect$$$$0000000F)
    __rt_final_exit                          0x00026215   Thumb Code     0  entry11a.o(.ARM.Collect$$$$00000011)
    __asm___12_nrf_atfifo_c_51f461e1__nrf_atfifo_wspace_req 0x00026219   Thumb Code    56  nrf_atfifo.o(.emb_text)
    __asm___12_nrf_atfifo_c_51f461e1__nrf_atfifo_wspace_close 0x00026251   Thumb Code    18  nrf_atfifo.o(.emb_text)
    __asm___12_nrf_atfifo_c_51f461e1__nrf_atfifo_rspace_req 0x00026263   Thumb Code    58  nrf_atfifo.o(.emb_text)
    __asm___12_nrf_atfifo_c_51f461e1__nrf_atfifo_rspace_close 0x0002629d   Thumb Code    18  nrf_atfifo.o(.emb_text)
    __asm___12_nrf_atfifo_c_51f461e1__nrf_atfifo_space_clear 0x000262af   Thumb Code    50  nrf_atfifo.o(.emb_text)
    __asm___12_nrf_atomic_c_85ca2469__nrf_atomic_internal_mov 0x000262e1   Thumb Code    24  nrf_atomic.o(.emb_text)
    __asm___12_nrf_atomic_c_85ca2469__nrf_atomic_internal_orr 0x000262f9   Thumb Code    26  nrf_atomic.o(.emb_text)
    __asm___12_nrf_atomic_c_85ca2469__nrf_atomic_internal_and 0x00026313   Thumb Code    26  nrf_atomic.o(.emb_text)
    __asm___12_nrf_atomic_c_85ca2469__nrf_atomic_internal_eor 0x0002632d   Thumb Code    26  nrf_atomic.o(.emb_text)
    __asm___12_nrf_atomic_c_85ca2469__nrf_atomic_internal_add 0x00026347   Thumb Code    26  nrf_atomic.o(.emb_text)
    __asm___12_nrf_atomic_c_85ca2469__nrf_atomic_internal_sub 0x00026361   Thumb Code    26  nrf_atomic.o(.emb_text)
    __asm___12_nrf_atomic_c_85ca2469__nrf_atomic_internal_cmp_exch 0x0002637b   Thumb Code    42  nrf_atomic.o(.emb_text)
    __asm___12_nrf_atomic_c_85ca2469__nrf_atomic_internal_sub_hs 0x000263a5   Thumb Code    30  nrf_atomic.o(.emb_text)
    Reset_Handler                            0x000263c5   Thumb Code     8  arm_startup_nrf52.o(.text)
    NMI_Handler                              0x000263cd   Thumb Code     2  arm_startup_nrf52.o(.text)
    HardFault_Handler                        0x000263cf   Thumb Code     2  arm_startup_nrf52.o(.text)
    MemoryManagement_Handler                 0x000263d1   Thumb Code     2  arm_startup_nrf52.o(.text)
    BusFault_Handler                         0x000263d3   Thumb Code     2  arm_startup_nrf52.o(.text)
    UsageFault_Handler                       0x000263d5   Thumb Code     2  arm_startup_nrf52.o(.text)
    SVC_Handler                              0x000263d7   Thumb Code     2  arm_startup_nrf52.o(.text)
    DebugMon_Handler                         0x000263d9   Thumb Code     2  arm_startup_nrf52.o(.text)
    PendSV_Handler                           0x000263db   Thumb Code     2  arm_startup_nrf52.o(.text)
    SysTick_Handler                          0x000263dd   Thumb Code     2  arm_startup_nrf52.o(.text)
    CCM_AAR_IRQHandler                       0x000263df   Thumb Code     0  arm_startup_nrf52.o(.text)
    COMP_LPCOMP_IRQHandler                   0x000263df   Thumb Code     0  arm_startup_nrf52.o(.text)
    ECB_IRQHandler                           0x000263df   Thumb Code     0  arm_startup_nrf52.o(.text)
    FPU_IRQHandler                           0x000263df   Thumb Code     0  arm_startup_nrf52.o(.text)
    I2S_IRQHandler                           0x000263df   Thumb Code     0  arm_startup_nrf52.o(.text)
    MWU_IRQHandler                           0x000263df   Thumb Code     0  arm_startup_nrf52.o(.text)
    NFCT_IRQHandler                          0x000263df   Thumb Code     0  arm_startup_nrf52.o(.text)
    PDM_IRQHandler                           0x000263df   Thumb Code     0  arm_startup_nrf52.o(.text)
    PWM0_IRQHandler                          0x000263df   Thumb Code     0  arm_startup_nrf52.o(.text)
    PWM1_IRQHandler                          0x000263df   Thumb Code     0  arm_startup_nrf52.o(.text)
    PWM2_IRQHandler                          0x000263df   Thumb Code     0  arm_startup_nrf52.o(.text)
    QDEC_IRQHandler                          0x000263df   Thumb Code     0  arm_startup_nrf52.o(.text)
    RADIO_IRQHandler                         0x000263df   Thumb Code     0  arm_startup_nrf52.o(.text)
    RNG_IRQHandler                           0x000263df   Thumb Code     0  arm_startup_nrf52.o(.text)
    RTC0_IRQHandler                          0x000263df   Thumb Code     0  arm_startup_nrf52.o(.text)
    RTC2_IRQHandler                          0x000263df   Thumb Code     0  arm_startup_nrf52.o(.text)
    SAADC_IRQHandler                         0x000263df   Thumb Code     0  arm_startup_nrf52.o(.text)
    SPIM0_SPIS0_TWIM0_TWIS0_SPI0_TWI0_IRQHandler 0x000263df   Thumb Code     0  arm_startup_nrf52.o(.text)
    SPIM1_SPIS1_TWIM1_TWIS1_SPI1_TWI1_IRQHandler 0x000263df   Thumb Code     0  arm_startup_nrf52.o(.text)
    SPIM2_SPIS2_SPI2_IRQHandler              0x000263df   Thumb Code     0  arm_startup_nrf52.o(.text)
    SWI0_EGU0_IRQHandler                     0x000263df   Thumb Code     0  arm_startup_nrf52.o(.text)
    SWI1_EGU1_IRQHandler                     0x000263df   Thumb Code     0  arm_startup_nrf52.o(.text)
    SWI3_EGU3_IRQHandler                     0x000263df   Thumb Code     0  arm_startup_nrf52.o(.text)
    SWI4_EGU4_IRQHandler                     0x000263df   Thumb Code     0  arm_startup_nrf52.o(.text)
    SWI5_EGU5_IRQHandler                     0x000263df   Thumb Code     0  arm_startup_nrf52.o(.text)
    TEMP_IRQHandler                          0x000263df   Thumb Code     0  arm_startup_nrf52.o(.text)
    TIMER0_IRQHandler                        0x000263df   Thumb Code     0  arm_startup_nrf52.o(.text)
    TIMER1_IRQHandler                        0x000263df   Thumb Code     0  arm_startup_nrf52.o(.text)
    TIMER2_IRQHandler                        0x000263df   Thumb Code     0  arm_startup_nrf52.o(.text)
    TIMER3_IRQHandler                        0x000263df   Thumb Code     0  arm_startup_nrf52.o(.text)
    TIMER4_IRQHandler                        0x000263df   Thumb Code     0  arm_startup_nrf52.o(.text)
    WDT_IRQHandler                           0x000263df   Thumb Code     0  arm_startup_nrf52.o(.text)
    __aeabi_llsl                             0x000263e9   Thumb Code    30  llshl.o(.text)
    _ll_shift_l                              0x000263e9   Thumb Code     0  llshl.o(.text)
    __rt_ctype_table                         0x00026409   Thumb Code     4  ctype_o.o(.text)
    __aeabi_memcpy                           0x00026411   Thumb Code    36  memcpya.o(.text)
    __aeabi_memcpy4                          0x00026411   Thumb Code     0  memcpya.o(.text)
    __aeabi_memcpy8                          0x00026411   Thumb Code     0  memcpya.o(.text)
    __aeabi_memset                           0x00026435   Thumb Code    14  memseta.o(.text)
    __aeabi_memset4                          0x00026435   Thumb Code     0  memseta.o(.text)
    __aeabi_memset8                          0x00026435   Thumb Code     0  memseta.o(.text)
    __aeabi_memclr                           0x00026443   Thumb Code     4  memseta.o(.text)
    __aeabi_memclr4                          0x00026443   Thumb Code     0  memseta.o(.text)
    __aeabi_memclr8                          0x00026443   Thumb Code     0  memseta.o(.text)
    _memset$wrapper                          0x00026447   Thumb Code    18  memseta.o(.text)
    strlen                                   0x00026459   Thumb Code    14  strlen.o(.text)
    __scatterload                            0x00026469   Thumb Code    28  init.o(.text)
    __scatterload_rt2                        0x00026469   Thumb Code     0  init.o(.text)
    __decompress                             0x0002648d   Thumb Code     0  __dczerorl2.o(.text)
    __decompress1                            0x0002648d   Thumb Code    86  __dczerorl2.o(.text)
    GPIOTE_IRQHandler                        0x000264e5   Thumb Code   154  nrfx_gpiote.o(i.GPIOTE_IRQHandler)
    POWER_CLOCK_IRQHandler                   0x00026589   Thumb Code    82  nrfx_clock.o(i.POWER_CLOCK_IRQHandler)
    RTC1_IRQHandler                          0x000265e1   Thumb Code    12  drv_rtc.o(i.RTC1_IRQHandler)
    SWI2_EGU2_IRQHandler                     0x000265f1   Thumb Code     4  nrf_sdh.o(i.SWI2_EGU2_IRQHandler)
    SystemInit                               0x000265f5   Thumb Code   660  system_nrf52.o(i.SystemInit)
    UARTE0_UART0_IRQHandler                  0x000268cd   Thumb Code     6  nrfx_prs.o(i.UARTE0_UART0_IRQHandler)
    __scatterload_copy                       0x000268d9   Thumb Code    14  handlers.o(i.__scatterload_copy)
    __scatterload_null                       0x000268e7   Thumb Code     2  handlers.o(i.__scatterload_null)
    __scatterload_zeroinit                   0x000268e9   Thumb Code    14  handlers.o(i.__scatterload_zeroinit)
    app_button_disable                       0x000269e1   Thumb Code    64  app_button.o(i.app_button_disable)
    app_button_enable                        0x00026a29   Thumb Code    32  app_button.o(i.app_button_enable)
    app_button_init                          0x00026a4d   Thumb Code   106  app_button.o(i.app_button_init)
    app_error_fault_handler                  0x00026acd   Thumb Code    86  app_error_weak.o(i.app_error_fault_handler)
    app_error_handler_bare                   0x00026b51   Thumb Code    22  app_error.o(i.app_error_handler_bare)
    app_timer_cnt_get                        0x00026b69   Thumb Code     6  app_timer2.o(i.app_timer_cnt_get)
    app_timer_create                         0x00026b75   Thumb Code    32  app_timer2.o(i.app_timer_create)
    app_timer_init                           0x00026b95   Thumb Code    70  app_timer2.o(i.app_timer_init)
    app_timer_start                          0x00026bf1   Thumb Code    84  app_timer2.o(i.app_timer_start)
    app_timer_stop                           0x00026c45   Thumb Code    68  app_timer2.o(i.app_timer_stop)
    app_util_critical_region_enter           0x00026c89   Thumb Code    64  app_util_platform.o(i.app_util_critical_region_enter)
    app_util_critical_region_exit            0x00026cd1   Thumb Code    46  app_util_platform.o(i.app_util_critical_region_exit)
    ble_advdata_encode                       0x00026e15   Thumb Code   386  ble_advdata.o(i.ble_advdata_encode)
    ble_conn_params_init                     0x00026f99   Thumb Code    90  ble_conn_params.o(i.ble_conn_params_init)
    ble_lbs_init                             0x00027371   Thumb Code   190  ble_lbs.o(i.ble_lbs_init)
    ble_lbs_on_ble_evt                       0x00027435   Thumb Code    46  ble_lbs.o(i.ble_lbs_on_ble_evt)
    ble_lbs_on_button_change                 0x00027463   Thumb Code    46  ble_lbs.o(i.ble_lbs_on_button_change)
    ble_srv_is_notification_enabled          0x00027491   Thumb Code     8  ble_srv_common.o(i.ble_srv_is_notification_enabled)
    bsp_board_init                           0x00027499   Thumb Code    80  boards.o(i.bsp_board_init)
    bsp_board_led_off                        0x000274ed   Thumb Code    10  boards.o(i.bsp_board_led_off)
    bsp_board_led_on                         0x000274fd   Thumb Code    10  boards.o(i.bsp_board_led_on)
    bsp_board_leds_off                       0x0002750d   Thumb Code    18  boards.o(i.bsp_board_leds_off)
    buffer_is_empty                          0x000275e5   Thumb Code    18  nrf_log_frontend.o(i.buffer_is_empty)
    characteristic_add                       0x00027711   Thumb Code   400  ble_srv_common.o(i.characteristic_add)
    conn_handle_list_get                     0x000278fd   Thumb Code    62  ble_conn_state.o(i.conn_handle_list_get)
    drv_rtc_compare_disable                  0x00027b2d   Thumb Code    20  drv_rtc.o(i.drv_rtc_compare_disable)
    drv_rtc_compare_pending                  0x00027b41   Thumb Code    14  drv_rtc.o(i.drv_rtc_compare_pending)
    drv_rtc_compare_set                      0x00027b4f   Thumb Code    80  drv_rtc.o(i.drv_rtc_compare_set)
    drv_rtc_counter_get                      0x00027b9f   Thumb Code     8  drv_rtc.o(i.drv_rtc_counter_get)
    drv_rtc_init                             0x00027ba9   Thumb Code   148  drv_rtc.o(i.drv_rtc_init)
    drv_rtc_irq_trigger                      0x00027c81   Thumb Code    30  drv_rtc.o(i.drv_rtc_irq_trigger)
    drv_rtc_overflow_enable                  0x00027c9f   Thumb Code     8  drv_rtc.o(i.drv_rtc_overflow_enable)
    drv_rtc_overflow_pending                 0x00027ca7   Thumb Code     8  drv_rtc.o(i.drv_rtc_overflow_pending)
    drv_rtc_start                            0x00027caf   Thumb Code     8  drv_rtc.o(i.drv_rtc_start)
    drv_rtc_stop                             0x00027cb7   Thumb Code     8  drv_rtc.o(i.drv_rtc_stop)
    drv_rtc_windowed_compare_set             0x00027cbf   Thumb Code   222  drv_rtc.o(i.drv_rtc_windowed_compare_set)
    evt_handle                               0x00027db1   Thumb Code   216  app_button.o(i.evt_handle)
    log_pending_hook                         0x00028151   Thumb Code     2  nrf_log_frontend.o(i.log_pending_hook)
    main                                     0x000281f9   Thumb Code   330  main.o(i.main)
    nrf_atfifo_init                          0x00028547   Thumb Code    38  nrf_atfifo.o(i.nrf_atfifo_init)
    nrf_atfifo_item_alloc                    0x0002856d   Thumb Code    22  nrf_atfifo.o(i.nrf_atfifo_item_alloc)
    nrf_atfifo_item_free                     0x00028583   Thumb Code    22  nrf_atfifo.o(i.nrf_atfifo_item_free)
    nrf_atfifo_item_get                      0x00028599   Thumb Code    22  nrf_atfifo.o(i.nrf_atfifo_item_get)
    nrf_atfifo_item_put                      0x000285af   Thumb Code    22  nrf_atfifo.o(i.nrf_atfifo_item_put)
    nrf_atflags_clear                        0x000285c5   Thumb Code    22  nrf_atflags.o(i.nrf_atflags_clear)
    nrf_atflags_get                          0x000285db   Thumb Code    22  nrf_atflags.o(i.nrf_atflags_get)
    nrf_atflags_set                          0x000285f1   Thumb Code    20  nrf_atflags.o(i.nrf_atflags_set)
    nrf_atomic_flag_clear_fetch              0x00028605   Thumb Code     6  nrf_atomic.o(i.nrf_atomic_flag_clear_fetch)
    nrf_atomic_flag_set                      0x0002860b   Thumb Code     6  nrf_atomic.o(i.nrf_atomic_flag_set)
    nrf_atomic_u32_add                       0x00028611   Thumb Code    12  nrf_atomic.o(i.nrf_atomic_u32_add)
    nrf_atomic_u32_and                       0x0002861d   Thumb Code    12  nrf_atomic.o(i.nrf_atomic_u32_and)
    nrf_atomic_u32_fetch_and                 0x00028629   Thumb Code    10  nrf_atomic.o(i.nrf_atomic_u32_fetch_and)
    nrf_atomic_u32_fetch_store               0x00028633   Thumb Code    10  nrf_atomic.o(i.nrf_atomic_u32_fetch_store)
    nrf_atomic_u32_or                        0x0002863d   Thumb Code    12  nrf_atomic.o(i.nrf_atomic_u32_or)
    nrf_atomic_u32_sub                       0x00028649   Thumb Code    12  nrf_atomic.o(i.nrf_atomic_u32_sub)
    nrf_balloc_alloc                         0x00028655   Thumb Code    68  nrf_balloc.o(i.nrf_balloc_alloc)
    nrf_balloc_free                          0x00028699   Thumb Code    48  nrf_balloc.o(i.nrf_balloc_free)
    nrf_balloc_init                          0x000286c9   Thumb Code    48  nrf_balloc.o(i.nrf_balloc_init)
    nrf_ble_gatt_init                        0x00028709   Thumb Code    34  nrf_ble_gatt.o(i.nrf_ble_gatt_init)
    nrf_ble_gatt_on_ble_evt                  0x0002872d   Thumb Code   270  nrf_ble_gatt.o(i.nrf_ble_gatt_on_ble_evt)
    nrf_ble_qwr_conn_handle_assign           0x0002887d   Thumb Code    22  nrf_ble_qwr.o(i.nrf_ble_qwr_conn_handle_assign)
    nrf_ble_qwr_init                         0x00028893   Thumb Code    36  nrf_ble_qwr.o(i.nrf_ble_qwr_init)
    nrf_ble_qwr_on_ble_evt                   0x000288b7   Thumb Code   182  nrf_ble_qwr.o(i.nrf_ble_qwr_on_ble_evt)
    nrf_drv_clock_init                       0x0002898d   Thumb Code    56  nrf_drv_clock.o(i.nrf_drv_clock_init)
    nrf_drv_clock_lfclk_release              0x000289cd   Thumb Code    48  nrf_drv_clock.o(i.nrf_drv_clock_lfclk_release)
    nrf_drv_uart_init                        0x00028a01   Thumb Code    90  nrf_drv_uart.o(i.nrf_drv_uart_init)
    nrf_fprintf                              0x00028a69   Thumb Code    26  nrf_fprintf.o(i.nrf_fprintf)
    nrf_fprintf_buffer_flush                 0x00028a83   Thumb Code    24  nrf_fprintf.o(i.nrf_fprintf_buffer_flush)
    nrf_fprintf_fmt                          0x00028a9b   Thumb Code   474  nrf_fprintf_format.o(i.nrf_fprintf_fmt)
    nrf_log_backend_add                      0x00028e1d   Thumb Code    86  nrf_log_frontend.o(i.nrf_log_backend_add)
    nrf_log_backend_serial_put               0x00028e79   Thumb Code   194  nrf_log_backend_serial.o(i.nrf_log_backend_serial_put)
    nrf_log_backend_uart_init                0x00028f3d   Thumb Code     6  nrf_log_backend_uart.o(i.nrf_log_backend_uart_init)
    nrf_log_color_id_get                     0x00028f89   Thumb Code    42  nrf_log_frontend.o(i.nrf_log_color_id_get)
    nrf_log_default_backends_init            0x00028fb9   Thumb Code    24  nrf_log_default_backends.o(i.nrf_log_default_backends_init)
    nrf_log_frontend_dequeue                 0x00028fd5   Thumb Code   524  nrf_log_frontend.o(i.nrf_log_frontend_dequeue)
    nrf_log_frontend_std_0                   0x00029209   Thumb Code     8  nrf_log_frontend.o(i.nrf_log_frontend_std_0)
    nrf_log_frontend_std_1                   0x00029211   Thumb Code    14  nrf_log_frontend.o(i.nrf_log_frontend_std_1)
    nrf_log_frontend_std_2                   0x0002921f   Thumb Code    16  nrf_log_frontend.o(i.nrf_log_frontend_std_2)
    nrf_log_hexdump_entry_process            0x00029231   Thumb Code   150  nrf_log_str_formatter.o(i.nrf_log_hexdump_entry_process)
    nrf_log_init                             0x000292e1   Thumb Code    28  nrf_log_frontend.o(i.nrf_log_init)
    nrf_log_module_cnt_get                   0x00029309   Thumb Code    10  nrf_log_frontend.o(i.nrf_log_module_cnt_get)
    nrf_log_module_name_get                  0x0002931d   Thumb Code    24  nrf_log_frontend.o(i.nrf_log_module_name_get)
    nrf_log_panic                            0x00029339   Thumb Code    36  nrf_log_frontend.o(i.nrf_log_panic)
    nrf_log_std_entry_process                0x00029361   Thumb Code   182  nrf_log_str_formatter.o(i.nrf_log_std_entry_process)
    nrf_memobj_alloc                         0x00029417   Thumb Code    96  nrf_memobj.o(i.nrf_memobj_alloc)
    nrf_memobj_free                          0x00029477   Thumb Code    50  nrf_memobj.o(i.nrf_memobj_free)
    nrf_memobj_get                           0x000294a9   Thumb Code     8  nrf_memobj.o(i.nrf_memobj_get)
    nrf_memobj_pool_init                     0x000294b1   Thumb Code     4  nrf_memobj.o(i.nrf_memobj_pool_init)
    nrf_memobj_put                           0x000294b5   Thumb Code    30  nrf_memobj.o(i.nrf_memobj_put)
    nrf_memobj_read                          0x000294d3   Thumb Code    16  nrf_memobj.o(i.nrf_memobj_read)
    nrf_memobj_write                         0x000294e3   Thumb Code    16  nrf_memobj.o(i.nrf_memobj_write)
    nrf_pwr_mgmt_init                        0x000294f5   Thumb Code    28  nrf_pwr_mgmt.o(i.nrf_pwr_mgmt_init)
    nrf_pwr_mgmt_run                         0x0002951d   Thumb Code    64  nrf_pwr_mgmt.o(i.nrf_pwr_mgmt_run)
    nrf_ringbuf_init                         0x00029565   Thumb Code    28  nrf_ringbuf.o(i.nrf_ringbuf_init)
    nrf_sdh_ble_app_ram_start_get            0x0002958d   Thumb Code    16  nrf_sdh_ble.o(i.nrf_sdh_ble_app_ram_start_get)
    nrf_sdh_ble_default_cfg_set              0x000295a1   Thumb Code   228  nrf_sdh_ble.o(i.nrf_sdh_ble_default_cfg_set)
    nrf_sdh_ble_enable                       0x000296a1   Thumb Code   116  nrf_sdh_ble.o(i.nrf_sdh_ble_enable)
    nrf_sdh_enable_request                   0x0002982d   Thumb Code   102  nrf_sdh.o(i.nrf_sdh_enable_request)
    nrf_sdh_evts_poll                        0x000298a1   Thumb Code    32  nrf_sdh.o(i.nrf_sdh_evts_poll)
    nrf_sdh_is_enabled                       0x000298c5   Thumb Code     6  nrf_sdh.o(i.nrf_sdh_is_enabled)
    nrf_section_iter_init                    0x0002990d   Thumb Code    10  nrf_section_iter.o(i.nrf_section_iter_init)
    nrf_section_iter_next                    0x0002993b   Thumb Code    32  nrf_section_iter.o(i.nrf_section_iter_next)
    nrf_sortlist_add                         0x0002995b   Thumb Code    34  nrf_sortlist.o(i.nrf_sortlist_add)
    nrf_sortlist_peek                        0x0002997d   Thumb Code     6  nrf_sortlist.o(i.nrf_sortlist_peek)
    nrf_sortlist_pop                         0x00029983   Thumb Code    14  nrf_sortlist.o(i.nrf_sortlist_pop)
    nrf_sortlist_remove                      0x00029991   Thumb Code    30  nrf_sortlist.o(i.nrf_sortlist_remove)
    nrf_strerror_find                        0x000299b1   Thumb Code    52  nrf_strerror.o(i.nrf_strerror_find)
    nrf_strerror_get                         0x000299e9   Thumb Code    14  nrf_strerror.o(i.nrf_strerror_get)
    nrfx_clock_enable                        0x00029a45   Thumb Code    34  nrfx_clock.o(i.nrfx_clock_enable)
    nrfx_clock_init                          0x00029a71   Thumb Code    26  nrfx_clock.o(i.nrfx_clock_init)
    nrfx_clock_lfclk_stop                    0x00029a91   Thumb Code    38  nrfx_clock.o(i.nrfx_clock_lfclk_stop)
    nrfx_gpiote_in_event_disable             0x00029ad1   Thumb Code    66  nrfx_gpiote.o(i.nrfx_gpiote_in_event_disable)
    nrfx_gpiote_in_event_enable              0x00029b19   Thumb Code   152  nrfx_gpiote.o(i.nrfx_gpiote_in_event_enable)
    nrfx_gpiote_in_init                      0x00029bb9   Thumb Code   190  nrfx_gpiote.o(i.nrfx_gpiote_in_init)
    nrfx_gpiote_in_is_set                    0x00029c85   Thumb Code    20  nrfx_gpiote.o(i.nrfx_gpiote_in_is_set)
    nrfx_gpiote_init                         0x00029c99   Thumb Code   102  nrfx_gpiote.o(i.nrfx_gpiote_init)
    nrfx_gpiote_is_init                      0x00029d0d   Thumb Code    14  nrfx_gpiote.o(i.nrfx_gpiote_is_init)
    nrfx_prs_acquire                         0x00029d31   Thumb Code    58  nrfx_prs.o(i.nrfx_prs_acquire)
    nrfx_prs_release                         0x00029d6b   Thumb Code    18  nrfx_prs.o(i.nrfx_prs_release)
    nrfx_uart_0_irq_handler                  0x00029d7d   Thumb Code     8  nrfx_uart.o(i.nrfx_uart_0_irq_handler)
    nrfx_uart_init                           0x00029d8d   Thumb Code   200  nrfx_uart.o(i.nrfx_uart_init)
    nrfx_uart_tx                             0x00029e61   Thumb Code   162  nrfx_uart.o(i.nrfx_uart_tx)
    nrfx_uart_tx_in_progress                 0x00029f09   Thumb Code    26  nrfx_uart.o(i.nrfx_uart_tx_in_progress)
    nrfx_uart_uninit                         0x00029f29   Thumb Code   182  nrfx_uart.o(i.nrfx_uart_uninit)
    nrfx_uarte_0_irq_handler                 0x00029fe9   Thumb Code     8  nrfx_uarte.o(i.nrfx_uarte_0_irq_handler)
    nrfx_uarte_init                          0x00029ff9   Thumb Code   100  nrfx_uarte.o(i.nrfx_uarte_init)
    nrfx_uarte_tx                            0x0002a065   Thumb Code   166  nrfx_uarte.o(i.nrfx_uarte_tx)
    nrfx_uarte_tx_in_progress                0x0002a111   Thumb Code    22  nrfx_uarte.o(i.nrfx_uarte_tx_in_progress)
    nrfx_uarte_uninit                        0x0002a12d   Thumb Code   254  nrfx_uarte.o(i.nrfx_uarte_uninit)
    nvmc_config                              0x0002a235   Thumb Code    14  system_nrf52.o(i.nvmc_config)
    nrf_log_backend_uart_api                 0x0002b338   Data          12  nrf_log_backend_uart.o(.constdata)
    m_ram_start                              0x0002b3e8   Data           4  nrf_sdh_ble.o(.constdata)
    __ctype_table                            0x0002b414   Data         129  ctype_o.o(.constdata)
    Region$$Table$$Base                      0x0002bbc0   Number         0  anon$$obj.o(Region$$Table)
    Region$$Table$$Limit                     0x0002bbe0   Number         0  anon$$obj.o(Region$$Table)
    log_const_data$$Base                     0x0002bbf0   Number         0  nrf_ble_gatt.o(log_const_data)
    m_nrf_log_nrf_ble_gatt_logs_data_const   0x0002bbf0   Data           8  nrf_ble_gatt.o(log_const_data)
    m_nrf_log_clock_logs_data_const          0x0002bbf8   Data           8  nrf_drv_clock.o(log_const_data)
    m_nrf_log_CLOCK_logs_data_const          0x0002bc00   Data           8  nrfx_clock.o(log_const_data)
    m_nrf_log_GPIOTE_logs_data_const         0x0002bc08   Data           8  nrfx_gpiote.o(log_const_data)
    m_nrf_log_PRS_logs_data_const            0x0002bc10   Data           8  nrfx_prs.o(log_const_data)
    m_nrf_log_UART_logs_data_const           0x0002bc18   Data           8  nrfx_uart.o(log_const_data)
    m_nrf_log_UARTE_logs_data_const          0x0002bc20   Data           8  nrfx_uarte.o(log_const_data)
    m_nrf_log_app_button_logs_data_const     0x0002bc28   Data           8  app_button.o(log_const_data)
    m_nrf_log_app_timer_logs_data_const      0x0002bc30   Data           8  app_timer2.o(log_const_data)
    m_nrf_log_pwr_mgmt_logs_data_const       0x0002bc38   Data           8  nrf_pwr_mgmt.o(log_const_data)
    m_nrf_log_sortlist_logs_data_const       0x0002bc40   Data           8  nrf_sortlist.o(log_const_data)
    m_nrf_log_app_logs_data_const            0x0002bc48   Data           8  nrf_log_frontend.o(log_const_data)
    m_nrf_log_nrf_sdh_logs_data_const        0x0002bc50   Data           8  nrf_sdh.o(log_const_data)
    m_nrf_log_nrf_sdh_ble_logs_data_const    0x0002bc58   Data           8  nrf_sdh_ble.o(log_const_data)
    m_nrf_log_nrf_sdh_soc_logs_data_const    0x0002bc60   Data           8  nrf_sdh_soc.o(log_const_data)
    log_const_data$$Limit                    0x0002bc68   Number         0  nrf_sdh_soc.o(log_const_data)
    log_mempool                              0x0002bc68   Data          20  nrf_log_frontend.o(nrf_balloc)
    sdh_ble_observers0$$Base                 0x0002bc7c   Number         0  ble_conn_state.o(sdh_ble_observers0)
    sdh_ble_observers0$$Limit                0x0002bc84   Number         0  ble_conn_state.o(sdh_ble_observers0)
    sdh_ble_observers1$$Base                 0x0002bc84   Number         0  main.o(sdh_ble_observers1)
    sdh_ble_observers1$$Limit                0x0002bc94   Number         0  ble_conn_params.o(sdh_ble_observers1)
    sdh_ble_observers2$$Base                 0x0002bc94   Number         0  main.o(sdh_ble_observers2)
    sdh_ble_observers2$$Limit                0x0002bca4   Number         0  main.o(sdh_ble_observers2)
    sdh_ble_observers3$$Base                 0x0002bca4   Number         0  main.o(sdh_ble_observers3)
    sdh_ble_observers3$$Limit                0x0002bcac   Number         0  main.o(sdh_ble_observers3)
    sdh_soc_observers0$$Base                 0x0002bcac   Number         0  nrf_drv_clock.o(sdh_soc_observers0)
    sdh_soc_observers0$$Limit                0x0002bcb4   Number         0  nrf_drv_clock.o(sdh_soc_observers0)
    sdh_stack_observers0$$Base               0x0002bcb4   Number         0  nrf_sdh_ble.o(sdh_stack_observers0)
    sdh_stack_observers0$$Limit              0x0002bcc4   Number         0  nrf_sdh_soc.o(sdh_stack_observers0)
    sdh_state_observers0$$Base               0x0002bcc4   Number         0  nrf_drv_clock.o(sdh_state_observers0)
    sdh_state_observers0$$Limit              0x0002bccc   Number         0  nrf_drv_clock.o(sdh_state_observers0)
    Image$$RW_IRAM1$$Base                    0x200022f0   Number         0  anon$$obj.o ABSOLUTE
    nrf_drv_uart_use_easy_dma                0x20002314   Data           1  nrf_drv_uart.o(.data)
    m_uart                                   0x200023a4   Data          20  nrf_log_backend_uart.o(.data)
    SystemCoreClock                          0x20002418   Data           4  system_nrf52.o(.data)
    nrf_nvic_state                           0x2000269c   Data          12  app_util_platform.o(.bss)
    __initial_sp                             0x20004c70   Data           0  arm_startup_nrf52.o(STACK)



==============================================================================

Memory Map of the image

  Image Entry point : 0x00026201

  Load Region LR_IROM1 (Base: 0x00026000, Size: 0x00005df8, Max: 0x0005a000, ABSOLUTE, COMPRESSED[0x00005d2c])

    Execution Region ER_IROM1 (Exec base: 0x00026000, Load base: 0x00026000, Size: 0x00005ccc, Max: 0x0005a000, ABSOLUTE)

    Exec Addr    Load Addr    Size         Type   Attr      Idx    E Section Name        Object

    0x00026000   0x00026000   0x00000200   Data   RO         4749    RESET               arm_startup_nrf52.o
    0x00026200   0x00026200   0x00000000   Code   RO         4818  * .ARM.Collect$$$$00000000  mc_w.l(entry.o)
    0x00026200   0x00026200   0x00000004   Code   RO         4870    .ARM.Collect$$$$00000001  mc_w.l(entry2.o)
    0x00026204   0x00026204   0x00000004   Code   RO         4873    .ARM.Collect$$$$00000004  mc_w.l(entry5.o)
    0x00026208   0x00026208   0x00000000   Code   RO         4875    .ARM.Collect$$$$00000008  mc_w.l(entry7b.o)
    0x00026208   0x00026208   0x00000000   Code   RO         4877    .ARM.Collect$$$$0000000A  mc_w.l(entry8b.o)
    0x00026208   0x00026208   0x00000008   Code   RO         4878    .ARM.Collect$$$$0000000B  mc_w.l(entry9a.o)
    0x00026210   0x00026210   0x00000004   Code   RO         4885    .ARM.Collect$$$$0000000E  mc_w.l(entry12b.o)
    0x00026214   0x00026214   0x00000000   Code   RO         4880    .ARM.Collect$$$$0000000F  mc_w.l(entry10a.o)
    0x00026214   0x00026214   0x00000000   Code   RO         4882    .ARM.Collect$$$$00000011  mc_w.l(entry11a.o)
    0x00026214   0x00026214   0x00000004   Code   RO         4871    .ARM.Collect$$$$00002712  mc_w.l(entry2.o)
    0x00026218   0x00026218   0x000000c8   Code   RO         3040    .emb_text           nrf_atfifo.o
    0x000262e0   0x000262e0   0x000000e2   Code   RO         3176    .emb_text           nrf_atomic.o
    0x000263c2   0x000263c2   0x00000002   PAD
    0x000263c4   0x000263c4   0x00000024   Code   RO         4750    .text               arm_startup_nrf52.o
    0x000263e8   0x000263e8   0x0000001e   Code   RO         4826    .text               mc_w.l(llshl.o)
    0x00026406   0x00026406   0x00000002   PAD
    0x00026408   0x00026408   0x00000008   Code   RO         4828    .text               mc_w.l(ctype_o.o)
    0x00026410   0x00026410   0x00000024   Code   RO         4856    .text               mc_w.l(memcpya.o)
    0x00026434   0x00026434   0x00000024   Code   RO         4858    .text               mc_w.l(memseta.o)
    0x00026458   0x00026458   0x0000000e   Code   RO         4860    .text               mc_w.l(strlen.o)
    0x00026466   0x00026466   0x00000002   PAD
    0x00026468   0x00026468   0x00000024   Code   RO         4888    .text               mc_w.l(init.o)
    0x0002648c   0x0002648c   0x00000056   Code   RO         4898    .text               mc_w.l(__dczerorl2.o)
    0x000264e2   0x000264e2   0x00000002   PAD
    0x000264e4   0x000264e4   0x000000a4   Code   RO         1656    i.GPIOTE_IRQHandler  nrfx_gpiote.o
    0x00026588   0x00026588   0x00000058   Code   RO         1517    i.POWER_CLOCK_IRQHandler  nrfx_clock.o
    0x000265e0   0x000265e0   0x00000010   Code   RO         2826    i.RTC1_IRQHandler   drv_rtc.o
    0x000265f0   0x000265f0   0x00000004   Code   RO         4540    i.SWI2_EGU2_IRQHandler  nrf_sdh.o
    0x000265f4   0x000265f4   0x000002d8   Code   RO         4758    i.SystemInit        system_nrf52.o
    0x000268cc   0x000268cc   0x0000000c   Code   RO         1961    i.UARTE0_UART0_IRQHandler  nrfx_prs.o
    0x000268d8   0x000268d8   0x0000000e   Code   RO         4892    i.__scatterload_copy  mc_w.l(handlers.o)
    0x000268e6   0x000268e6   0x00000002   Code   RO         4893    i.__scatterload_null  mc_w.l(handlers.o)
    0x000268e8   0x000268e8   0x0000000e   Code   RO         4894    i.__scatterload_zeroinit  mc_w.l(handlers.o)
    0x000268f6   0x000268f6   0x00000002   PAD
    0x000268f8   0x000268f8   0x00000024   Code   RO         4541    i.__sd_nvic_app_accessible_irq  nrf_sdh.o
    0x0002691c   0x0002691c   0x000000a4   Code   RO            4    i.advertising_init  main.o
    0x000269c0   0x000269c0   0x00000020   Code   RO            5    i.advertising_start  main.o
    0x000269e0   0x000269e0   0x00000048   Code   RO         2363    i.app_button_disable  app_button.o
    0x00026a28   0x00026a28   0x00000024   Code   RO         2364    i.app_button_enable  app_button.o
    0x00026a4c   0x00026a4c   0x00000080   Code   RO         2365    i.app_button_init   app_button.o
    0x00026acc   0x00026acc   0x00000084   Code   RO         2522    i.app_error_fault_handler  app_error_weak.o
    0x00026b50   0x00026b50   0x00000016   Code   RO         2462    i.app_error_handler_bare  app_error.o
    0x00026b66   0x00026b66   0x00000002   PAD
    0x00026b68   0x00026b68   0x0000000c   Code   RO         2617    i.app_timer_cnt_get  app_timer2.o
    0x00026b74   0x00026b74   0x00000020   Code   RO         2618    i.app_timer_create  app_timer2.o
    0x00026b94   0x00026b94   0x0000005c   Code   RO         2619    i.app_timer_init    app_timer2.o
    0x00026bf0   0x00026bf0   0x00000054   Code   RO         2622    i.app_timer_start   app_timer2.o
    0x00026c44   0x00026c44   0x00000044   Code   RO         2623    i.app_timer_stop    app_timer2.o
    0x00026c88   0x00026c88   0x00000048   Code   RO         2758    i.app_util_critical_region_enter  app_util_platform.o
    0x00026cd0   0x00026cd0   0x00000034   Code   RO         2759    i.app_util_critical_region_exit  app_util_platform.o
    0x00026d04   0x00026d04   0x00000088   Code   RO         2015    i.apply_config      nrfx_uart.o
    0x00026d8c   0x00026d8c   0x00000088   Code   RO         2203    i.apply_config      nrfx_uarte.o
    0x00026e14   0x00026e14   0x00000182   Code   RO          526    i.ble_advdata_encode  ble_advdata.o
    0x00026f96   0x00026f96   0x00000002   PAD
    0x00026f98   0x00026f98   0x00000068   Code   RO          654    i.ble_conn_params_init  ble_conn_params.o
    0x00027000   0x00027000   0x00000060   Code   RO          532    i.ble_device_addr_encode  ble_advdata.o
    0x00027060   0x00027060   0x000000fc   Code   RO            7    i.ble_evt_handler   main.o
    0x0002715c   0x0002715c   0x000000fc   Code   RO          656    i.ble_evt_handler   ble_conn_params.o
    0x00027258   0x00027258   0x00000118   Code   RO          762    i.ble_evt_handler   ble_conn_state.o
    0x00027370   0x00027370   0x000000c4   Code   RO         1123    i.ble_lbs_init      ble_lbs.o
    0x00027434   0x00027434   0x0000002e   Code   RO         1124    i.ble_lbs_on_ble_evt  ble_lbs.o
    0x00027462   0x00027462   0x0000002e   Code   RO         1125    i.ble_lbs_on_button_change  ble_lbs.o
    0x00027490   0x00027490   0x00000008   Code   RO          917    i.ble_srv_is_notification_enabled  ble_srv_common.o
    0x00027498   0x00027498   0x00000054   Code   RO          357    i.bsp_board_init    boards.o
    0x000274ec   0x000274ec   0x00000010   Code   RO          360    i.bsp_board_led_off  boards.o
    0x000274fc   0x000274fc   0x00000010   Code   RO          361    i.bsp_board_led_on  boards.o
    0x0002750c   0x0002750c   0x00000012   Code   RO          363    i.bsp_board_leds_off  boards.o
    0x0002751e   0x0002751e   0x00000002   PAD
    0x00027520   0x00027520   0x00000094   Code   RO         3933    i.buf_prealloc      nrf_log_frontend.o
    0x000275b4   0x000275b4   0x0000002e   Code   RO         3388    i.buffer_add        nrf_fprintf_format.o
    0x000275e2   0x000275e2   0x00000002   PAD
    0x000275e4   0x000275e4   0x00000018   Code   RO         3934    i.buffer_is_empty   nrf_log_frontend.o
    0x000275fc   0x000275fc   0x00000078   Code   RO            8    i.button_event_handler  main.o
    0x00027674   0x00027674   0x00000028   Code   RO         2367    i.button_get        app_button.o
    0x0002769c   0x0002769c   0x0000001c   Code   RO         1657    i.channel_free      nrfx_gpiote.o
    0x000276b8   0x000276b8   0x00000048   Code   RO         1658    i.channel_port_alloc  nrfx_gpiote.o
    0x00027700   0x00027700   0x00000010   Code   RO         1659    i.channel_port_get  nrfx_gpiote.o
    0x00027710   0x00027710   0x00000190   Code   RO          919    i.characteristic_add  ble_srv_common.o
    0x000278a0   0x000278a0   0x00000028   Code   RO         1163    i.clock_clk_started_notify  nrf_drv_clock.o
    0x000278c8   0x000278c8   0x0000001c   Code   RO         1164    i.clock_irq_handler  nrf_drv_clock.o
    0x000278e4   0x000278e4   0x00000018   Code   RO         2625    i.compare_func      app_timer2.o
    0x000278fc   0x000278fc   0x0000003e   Code   RO          763    i.conn_handle_list_get  ble_conn_state.o
    0x0002793a   0x0002793a   0x00000088   Code   RO          533    i.conn_int_encode   ble_advdata.o
    0x000279c2   0x000279c2   0x00000004   Code   RO            9    i.conn_params_error_handler  main.o
    0x000279c6   0x000279c6   0x00000002   PAD
    0x000279c8   0x000279c8   0x00000048   Code   RO          657    i.conn_params_negotiation  ble_conn_params.o
    0x00027a10   0x00027a10   0x000000c0   Code   RO          977    i.data_length_update  nrf_ble_gatt.o
    0x00027ad0   0x00027ad0   0x00000048   Code   RO         2368    i.detection_delay_timeout_handler  app_button.o
    0x00027b18   0x00027b18   0x00000014   Code   RO         3935    i.dropped_sat16_get  nrf_log_frontend.o
    0x00027b2c   0x00027b2c   0x00000014   Code   RO         2827    i.drv_rtc_compare_disable  drv_rtc.o
    0x00027b40   0x00027b40   0x0000000e   Code   RO         2830    i.drv_rtc_compare_pending  drv_rtc.o
    0x00027b4e   0x00027b4e   0x00000050   Code   RO         2831    i.drv_rtc_compare_set  drv_rtc.o
    0x00027b9e   0x00027b9e   0x00000008   Code   RO         2832    i.drv_rtc_counter_get  drv_rtc.o
    0x00027ba6   0x00027ba6   0x00000002   PAD
    0x00027ba8   0x00027ba8   0x000000d8   Code   RO         2833    i.drv_rtc_init      drv_rtc.o
    0x00027c80   0x00027c80   0x0000001e   Code   RO         2834    i.drv_rtc_irq_trigger  drv_rtc.o
    0x00027c9e   0x00027c9e   0x00000008   Code   RO         2836    i.drv_rtc_overflow_enable  drv_rtc.o
    0x00027ca6   0x00027ca6   0x00000008   Code   RO         2837    i.drv_rtc_overflow_pending  drv_rtc.o
    0x00027cae   0x00027cae   0x00000008   Code   RO         2838    i.drv_rtc_start     drv_rtc.o
    0x00027cb6   0x00027cb6   0x00000008   Code   RO         2839    i.drv_rtc_stop      drv_rtc.o
    0x00027cbe   0x00027cbe   0x000000de   Code   RO         2844    i.drv_rtc_windowed_compare_set  drv_rtc.o
    0x00027d9c   0x00027d9c   0x00000012   Code   RO         2845    i.evt_enable        drv_rtc.o
    0x00027dae   0x00027dae   0x00000002   PAD
    0x00027db0   0x00027db0   0x000000e0   Code   RO         2369    i.evt_handle        app_button.o
    0x00027e90   0x00027e90   0x00000014   Code   RO         2846    i.evt_pending       drv_rtc.o
    0x00027ea4   0x00027ea4   0x0000000a   Code   RO          764    i.flag_toggle       ble_conn_state.o
    0x00027eae   0x00027eae   0x00000002   PAD
    0x00027eb0   0x00027eb0   0x00000034   Code   RO         2626    i.get_now           app_timer2.o
    0x00027ee4   0x00027ee4   0x0000003c   Code   RO         2370    i.gpiote_event_handler  app_button.o
    0x00027f20   0x00027f20   0x00000014   Code   RO          658    i.instance_get      ble_conn_params.o
    0x00027f34   0x00027f34   0x000000a6   Code   RO         3389    i.int_print         nrf_fprintf_format.o
    0x00027fda   0x00027fda   0x00000002   PAD
    0x00027fdc   0x00027fdc   0x00000088   Code   RO         2204    i.interrupts_enable  nrfx_uarte.o
    0x00028064   0x00028064   0x00000034   Code   RO         3936    i.invalid_packets_omit  nrf_log_frontend.o
    0x00028098   0x00028098   0x00000044   Code   RO          659    i.is_conn_params_ok  ble_conn_params.o
    0x000280dc   0x000280dc   0x00000060   Code   RO           10    i.led_write_handler  main.o
    0x0002813c   0x0002813c   0x00000014   Code   RO          978    i.link_init         nrf_ble_gatt.o
    0x00028150   0x00028150   0x00000002   Code   RO         3937    i.log_pending_hook  nrf_log_frontend.o
    0x00028152   0x00028152   0x00000002   PAD
    0x00028154   0x00028154   0x000000a4   Code   RO         3938    i.log_skip          nrf_log_frontend.o
    0x000281f8   0x000281f8   0x00000194   Code   RO           11    i.main              main.o
    0x0002838c   0x0002838c   0x00000064   Code   RO          534    i.manuf_specific_data_encode  ble_advdata.o
    0x000283f0   0x000283f0   0x0000007e   Code   RO         3428    i.memobj_op         nrf_memobj.o
    0x0002846e   0x0002846e   0x00000002   PAD
    0x00028470   0x00028470   0x00000030   Code   RO         3939    i.module_idx_get    nrf_log_frontend.o
    0x000284a0   0x000284a0   0x000000a6   Code   RO          535    i.name_encode       ble_advdata.o
    0x00028546   0x00028546   0x00000026   Code   RO         3044    i.nrf_atfifo_init   nrf_atfifo.o
    0x0002856c   0x0002856c   0x00000016   Code   RO         3045    i.nrf_atfifo_item_alloc  nrf_atfifo.o
    0x00028582   0x00028582   0x00000016   Code   RO         3046    i.nrf_atfifo_item_free  nrf_atfifo.o
    0x00028598   0x00028598   0x00000016   Code   RO         3047    i.nrf_atfifo_item_get  nrf_atfifo.o
    0x000285ae   0x000285ae   0x00000016   Code   RO         3048    i.nrf_atfifo_item_put  nrf_atfifo.o
    0x000285c4   0x000285c4   0x00000016   Code   RO         3110    i.nrf_atflags_clear  nrf_atflags.o
    0x000285da   0x000285da   0x00000016   Code   RO         3115    i.nrf_atflags_get   nrf_atflags.o
    0x000285f0   0x000285f0   0x00000014   Code   RO         3117    i.nrf_atflags_set   nrf_atflags.o
    0x00028604   0x00028604   0x00000006   Code   RO         3178    i.nrf_atomic_flag_clear_fetch  nrf_atomic.o
    0x0002860a   0x0002860a   0x00000006   Code   RO         3179    i.nrf_atomic_flag_set  nrf_atomic.o
    0x00028610   0x00028610   0x0000000c   Code   RO         3181    i.nrf_atomic_u32_add  nrf_atomic.o
    0x0002861c   0x0002861c   0x0000000c   Code   RO         3182    i.nrf_atomic_u32_and  nrf_atomic.o
    0x00028628   0x00028628   0x0000000a   Code   RO         3185    i.nrf_atomic_u32_fetch_and  nrf_atomic.o
    0x00028632   0x00028632   0x0000000a   Code   RO         3187    i.nrf_atomic_u32_fetch_store  nrf_atomic.o
    0x0002863c   0x0002863c   0x0000000c   Code   RO         3191    i.nrf_atomic_u32_or  nrf_atomic.o
    0x00028648   0x00028648   0x0000000c   Code   RO         3193    i.nrf_atomic_u32_sub  nrf_atomic.o
    0x00028654   0x00028654   0x00000044   Code   RO         3312    i.nrf_balloc_alloc  nrf_balloc.o
    0x00028698   0x00028698   0x00000030   Code   RO         3313    i.nrf_balloc_free   nrf_balloc.o
    0x000286c8   0x000286c8   0x00000030   Code   RO         3314    i.nrf_balloc_init   nrf_balloc.o
    0x000286f8   0x000286f8   0x00000010   Code   RO         1660    i.nrf_bitmask_bit_is_set  nrfx_gpiote.o
    0x00028708   0x00028708   0x00000022   Code   RO          984    i.nrf_ble_gatt_init  nrf_ble_gatt.o
    0x0002872a   0x0002872a   0x00000002   PAD
    0x0002872c   0x0002872c   0x00000150   Code   RO          985    i.nrf_ble_gatt_on_ble_evt  nrf_ble_gatt.o
    0x0002887c   0x0002887c   0x00000016   Code   RO         1079    i.nrf_ble_qwr_conn_handle_assign  nrf_ble_qwr.o
    0x00028892   0x00028892   0x00000024   Code   RO         1080    i.nrf_ble_qwr_init  nrf_ble_qwr.o
    0x000288b6   0x000288b6   0x000000b6   Code   RO         1081    i.nrf_ble_qwr_on_ble_evt  nrf_ble_qwr.o
    0x0002896c   0x0002896c   0x0000000e   Code   RO         1518    i.nrf_clock_event_check  nrfx_clock.o
    0x0002897a   0x0002897a   0x00000010   Code   RO         1519    i.nrf_clock_event_clear  nrfx_clock.o
    0x0002898a   0x0002898a   0x00000002   PAD
    0x0002898c   0x0002898c   0x00000040   Code   RO         1171    i.nrf_drv_clock_init  nrf_drv_clock.o
    0x000289cc   0x000289cc   0x00000034   Code   RO         1175    i.nrf_drv_clock_lfclk_release  nrf_drv_clock.o
    0x00028a00   0x00028a00   0x00000068   Code   RO         1326    i.nrf_drv_uart_init  nrf_drv_uart.o
    0x00028a68   0x00028a68   0x0000001a   Code   RO         3349    i.nrf_fprintf       nrf_fprintf.o
    0x00028a82   0x00028a82   0x00000018   Code   RO         3350    i.nrf_fprintf_buffer_flush  nrf_fprintf.o
    0x00028a9a   0x00028a9a   0x000001da   Code   RO         3390    i.nrf_fprintf_fmt   nrf_fprintf_format.o
    0x00028c74   0x00028c74   0x00000024   Code   RO          367    i.nrf_gpio_cfg      boards.o
    0x00028c98   0x00028c98   0x00000024   Code   RO         1661    i.nrf_gpio_cfg      nrfx_gpiote.o
    0x00028cbc   0x00028cbc   0x00000024   Code   RO         2016    i.nrf_gpio_cfg      nrfx_uart.o
    0x00028ce0   0x00028ce0   0x00000024   Code   RO         2205    i.nrf_gpio_cfg      nrfx_uarte.o
    0x00028d04   0x00028d04   0x00000012   Code   RO         2017    i.nrf_gpio_cfg_default  nrfx_uart.o
    0x00028d16   0x00028d16   0x00000012   Code   RO         2206    i.nrf_gpio_cfg_default  nrfx_uarte.o
    0x00028d28   0x00028d28   0x00000012   Code   RO         2018    i.nrf_gpio_cfg_input  nrfx_uart.o
    0x00028d3a   0x00028d3a   0x00000012   Code   RO         2207    i.nrf_gpio_cfg_input  nrfx_uarte.o
    0x00028d4c   0x00028d4c   0x00000014   Code   RO         2019    i.nrf_gpio_cfg_output  nrfx_uart.o
    0x00028d60   0x00028d60   0x00000014   Code   RO         2208    i.nrf_gpio_cfg_output  nrfx_uarte.o
    0x00028d74   0x00028d74   0x00000022   Code   RO         1663    i.nrf_gpio_cfg_sense_set  nrfx_gpiote.o
    0x00028d96   0x00028d96   0x00000002   PAD
    0x00028d98   0x00028d98   0x0000002c   Code   RO         1664    i.nrf_gpio_latches_read_and_clear  nrfx_gpiote.o
    0x00028dc4   0x00028dc4   0x0000001e   Code   RO         1665    i.nrf_gpio_pin_present_check  nrfx_gpiote.o
    0x00028de2   0x00028de2   0x00000016   Code   RO          368    i.nrf_gpio_pin_write  boards.o
    0x00028df8   0x00028df8   0x00000014   Code   RO         1666    i.nrf_gpiote_event_clear  nrfx_gpiote.o
    0x00028e0c   0x00028e0c   0x00000010   Code   RO         1667    i.nrf_gpiote_event_is_set  nrfx_gpiote.o
    0x00028e1c   0x00028e1c   0x0000005c   Code   RO         3940    i.nrf_log_backend_add  nrf_log_frontend.o
    0x00028e78   0x00028e78   0x000000c2   Code   RO         3784    i.nrf_log_backend_serial_put  nrf_log_backend_serial.o
    0x00028f3a   0x00028f3a   0x00000002   Code   RO         3824    i.nrf_log_backend_uart_flush  nrf_log_backend_uart.o
    0x00028f3c   0x00028f3c   0x00000006   Code   RO         3825    i.nrf_log_backend_uart_init  nrf_log_backend_uart.o
    0x00028f42   0x00028f42   0x00000002   PAD
    0x00028f44   0x00028f44   0x0000002c   Code   RO         3826    i.nrf_log_backend_uart_panic_set  nrf_log_backend_uart.o
    0x00028f70   0x00028f70   0x00000018   Code   RO         3827    i.nrf_log_backend_uart_put  nrf_log_backend_uart.o
    0x00028f88   0x00028f88   0x00000030   Code   RO         3942    i.nrf_log_color_id_get  nrf_log_frontend.o
    0x00028fb8   0x00028fb8   0x0000001c   Code   RO         3897    i.nrf_log_default_backends_init  nrf_log_default_backends.o
    0x00028fd4   0x00028fd4   0x00000234   Code   RO         3943    i.nrf_log_frontend_dequeue  nrf_log_frontend.o
    0x00029208   0x00029208   0x00000008   Code   RO         3945    i.nrf_log_frontend_std_0  nrf_log_frontend.o
    0x00029210   0x00029210   0x0000000e   Code   RO         3946    i.nrf_log_frontend_std_1  nrf_log_frontend.o
    0x0002921e   0x0002921e   0x00000010   Code   RO         3947    i.nrf_log_frontend_std_2  nrf_log_frontend.o
    0x0002922e   0x0002922e   0x00000002   PAD
    0x00029230   0x00029230   0x000000b0   Code   RO         4126    i.nrf_log_hexdump_entry_process  nrf_log_str_formatter.o
    0x000292e0   0x000292e0   0x00000028   Code   RO         3952    i.nrf_log_init      nrf_log_frontend.o
    0x00029308   0x00029308   0x00000014   Code   RO         3953    i.nrf_log_module_cnt_get  nrf_log_frontend.o
    0x0002931c   0x0002931c   0x0000001c   Code   RO         3956    i.nrf_log_module_name_get  nrf_log_frontend.o
    0x00029338   0x00029338   0x00000028   Code   RO         3957    i.nrf_log_panic     nrf_log_frontend.o
    0x00029360   0x00029360   0x000000b6   Code   RO         4127    i.nrf_log_std_entry_process  nrf_log_str_formatter.o
    0x00029416   0x00029416   0x00000060   Code   RO         3429    i.nrf_memobj_alloc  nrf_memobj.o
    0x00029476   0x00029476   0x00000032   Code   RO         3430    i.nrf_memobj_free   nrf_memobj.o
    0x000294a8   0x000294a8   0x00000008   Code   RO         3431    i.nrf_memobj_get    nrf_memobj.o
    0x000294b0   0x000294b0   0x00000004   Code   RO         3432    i.nrf_memobj_pool_init  nrf_memobj.o
    0x000294b4   0x000294b4   0x0000001e   Code   RO         3433    i.nrf_memobj_put    nrf_memobj.o
    0x000294d2   0x000294d2   0x00000010   Code   RO         3434    i.nrf_memobj_read   nrf_memobj.o
    0x000294e2   0x000294e2   0x00000010   Code   RO         3435    i.nrf_memobj_write  nrf_memobj.o
    0x000294f2   0x000294f2   0x00000002   PAD
    0x000294f4   0x000294f4   0x00000028   Code   RO         3507    i.nrf_pwr_mgmt_init  nrf_pwr_mgmt.o
    0x0002951c   0x0002951c   0x00000044   Code   RO         3508    i.nrf_pwr_mgmt_run  nrf_pwr_mgmt.o
    0x00029560   0x00029560   0x00000004   Code   RO           12    i.nrf_qwr_error_handler  main.o
    0x00029564   0x00029564   0x0000001c   Code   RO         3584    i.nrf_ringbuf_init  nrf_ringbuf.o
    0x00029580   0x00029580   0x0000000c   Code   RO         2847    i.nrf_rtc_event_clear  drv_rtc.o
    0x0002958c   0x0002958c   0x00000014   Code   RO         4661    i.nrf_sdh_ble_app_ram_start_get  nrf_sdh_ble.o
    0x000295a0   0x000295a0   0x00000100   Code   RO         4662    i.nrf_sdh_ble_default_cfg_set  nrf_sdh_ble.o
    0x000296a0   0x000296a0   0x00000130   Code   RO         4663    i.nrf_sdh_ble_enable  nrf_sdh_ble.o
    0x000297d0   0x000297d0   0x0000005c   Code   RO         4664    i.nrf_sdh_ble_evts_poll  nrf_sdh_ble.o
    0x0002982c   0x0002982c   0x00000074   Code   RO         4543    i.nrf_sdh_enable_request  nrf_sdh.o
    0x000298a0   0x000298a0   0x00000024   Code   RO         4544    i.nrf_sdh_evts_poll  nrf_sdh.o
    0x000298c4   0x000298c4   0x0000000c   Code   RO         4545    i.nrf_sdh_is_enabled  nrf_sdh.o
    0x000298d0   0x000298d0   0x0000003c   Code   RO         4715    i.nrf_sdh_soc_evts_poll  nrf_sdh_soc.o
    0x0002990c   0x0002990c   0x0000000a   Code   RO         3642    i.nrf_section_iter_init  nrf_section_iter.o
    0x00029916   0x00029916   0x00000024   Code   RO         3643    i.nrf_section_iter_item_set  nrf_section_iter.o
    0x0002993a   0x0002993a   0x00000020   Code   RO         3644    i.nrf_section_iter_next  nrf_section_iter.o
    0x0002995a   0x0002995a   0x00000022   Code   RO         3677    i.nrf_sortlist_add  nrf_sortlist.o
    0x0002997c   0x0002997c   0x00000006   Code   RO         3679    i.nrf_sortlist_peek  nrf_sortlist.o
    0x00029982   0x00029982   0x0000000e   Code   RO         3680    i.nrf_sortlist_pop  nrf_sortlist.o
    0x00029990   0x00029990   0x0000001e   Code   RO         3681    i.nrf_sortlist_remove  nrf_sortlist.o
    0x000299ae   0x000299ae   0x00000002   PAD
    0x000299b0   0x000299b0   0x00000038   Code   RO         3733    i.nrf_strerror_find  nrf_strerror.o
    0x000299e8   0x000299e8   0x00000014   Code   RO         3734    i.nrf_strerror_get  nrf_strerror.o
    0x000299fc   0x000299fc   0x0000000a   Code   RO         2020    i.nrf_uart_event_check  nrfx_uart.o
    0x00029a06   0x00029a06   0x0000000c   Code   RO         2021    i.nrf_uart_event_clear  nrfx_uart.o
    0x00029a12   0x00029a12   0x0000000c   Code   RO         2022    i.nrf_uart_int_enable_check  nrfx_uart.o
    0x00029a1e   0x00029a1e   0x0000000a   Code   RO         2209    i.nrf_uarte_event_check  nrfx_uarte.o
    0x00029a28   0x00029a28   0x0000000c   Code   RO         2210    i.nrf_uarte_event_clear  nrfx_uarte.o
    0x00029a34   0x00029a34   0x00000010   Code   RO         1178    i.nrf_wdt_started   nrf_drv_clock.o
    0x00029a44   0x00029a44   0x0000002c   Code   RO         1524    i.nrfx_clock_enable  nrfx_clock.o
    0x00029a70   0x00029a70   0x00000020   Code   RO         1527    i.nrfx_clock_init   nrfx_clock.o
    0x00029a90   0x00029a90   0x00000030   Code   RO         1530    i.nrfx_clock_lfclk_stop  nrfx_clock.o
    0x00029ac0   0x00029ac0   0x00000010   Code   RO         2848    i.nrfx_coredep_delay_us  drv_rtc.o
    0x00029ad0   0x00029ad0   0x00000048   Code   RO         1672    i.nrfx_gpiote_in_event_disable  nrfx_gpiote.o
    0x00029b18   0x00029b18   0x000000a0   Code   RO         1673    i.nrfx_gpiote_in_event_enable  nrfx_gpiote.o
    0x00029bb8   0x00029bb8   0x000000cc   Code   RO         1675    i.nrfx_gpiote_in_init  nrfx_gpiote.o
    0x00029c84   0x00029c84   0x00000014   Code   RO         1676    i.nrfx_gpiote_in_is_set  nrfx_gpiote.o
    0x00029c98   0x00029c98   0x00000074   Code   RO         1678    i.nrfx_gpiote_init  nrfx_gpiote.o
    0x00029d0c   0x00029d0c   0x00000014   Code   RO         1679    i.nrfx_gpiote_is_init  nrfx_gpiote.o
    0x00029d20   0x00029d20   0x00000010   Code   RO         2211    i.nrfx_is_in_ram    nrfx_uarte.o
    0x00029d30   0x00029d30   0x0000003a   Code   RO         1962    i.nrfx_prs_acquire  nrfx_prs.o
    0x00029d6a   0x00029d6a   0x00000012   Code   RO         1963    i.nrfx_prs_release  nrfx_prs.o
    0x00029d7c   0x00029d7c   0x00000010   Code   RO         2023    i.nrfx_uart_0_irq_handler  nrfx_uart.o
    0x00029d8c   0x00029d8c   0x000000d4   Code   RO         2025    i.nrfx_uart_init    nrfx_uart.o
    0x00029e60   0x00029e60   0x000000a8   Code   RO         2031    i.nrfx_uart_tx      nrfx_uart.o
    0x00029f08   0x00029f08   0x00000020   Code   RO         2033    i.nrfx_uart_tx_in_progress  nrfx_uart.o
    0x00029f28   0x00029f28   0x000000c0   Code   RO         2034    i.nrfx_uart_uninit  nrfx_uart.o
    0x00029fe8   0x00029fe8   0x00000010   Code   RO         2212    i.nrfx_uarte_0_irq_handler  nrfx_uarte.o
    0x00029ff8   0x00029ff8   0x0000006c   Code   RO         2214    i.nrfx_uarte_init   nrfx_uarte.o
    0x0002a064   0x0002a064   0x000000ac   Code   RO         2218    i.nrfx_uarte_tx     nrfx_uarte.o
    0x0002a110   0x0002a110   0x0000001c   Code   RO         2220    i.nrfx_uarte_tx_in_progress  nrfx_uarte.o
    0x0002a12c   0x0002a12c   0x00000108   Code   RO         2221    i.nrfx_uarte_uninit  nrfx_uarte.o
    0x0002a234   0x0002a234   0x00000018   Code   RO         4759    i.nvmc_config       system_nrf52.o
    0x0002a24c   0x0002a24c   0x0000001c   Code   RO           13    i.on_conn_params_evt  main.o
    0x0002a268   0x0002a268   0x000000a8   Code   RO          986    i.on_connected_evt  nrf_ble_gatt.o
    0x0002a310   0x0002a310   0x000000ac   Code   RO          987    i.on_exchange_mtu_request_evt  nrf_ble_gatt.o
    0x0002a3bc   0x0002a3bc   0x0000001c   Code   RO         1697    i.pin_configured_set  nrfx_gpiote.o
    0x0002a3d8   0x0002a3d8   0x00000018   Code   RO         1698    i.pin_in_use_by_port  nrfx_gpiote.o
    0x0002a3f0   0x0002a3f0   0x00000018   Code   RO         1699    i.pin_in_use_by_te  nrfx_gpiote.o
    0x0002a408   0x0002a408   0x000000b4   Code   RO         1700    i.port_event_handle  nrfx_gpiote.o
    0x0002a4bc   0x0002a4bc   0x00000010   Code   RO         1701    i.port_handler_polarity_get  nrfx_gpiote.o
    0x0002a4cc   0x0002a4cc   0x0000003c   Code   RO         4129    i.postfix_process   nrf_log_str_formatter.o
    0x0002a508   0x0002a508   0x00000098   Code   RO         4130    i.prefix_process    nrf_log_str_formatter.o
    0x0002a5a0   0x0002a5a0   0x00000018   Code   RO         1964    i.prs_box_get       nrfx_prs.o
    0x0002a5b8   0x0002a5b8   0x0000005c   Code   RO         2627    i.rtc_irq           app_timer2.o
    0x0002a614   0x0002a614   0x0000006c   Code   RO         2628    i.rtc_schedule      app_timer2.o
    0x0002a680   0x0002a680   0x0000008c   Code   RO         2629    i.rtc_update        app_timer2.o
    0x0002a70c   0x0002a70c   0x00000032   Code   RO         2035    i.rx_byte           nrfx_uart.o
    0x0002a73e   0x0002a73e   0x00000016   Code   RO         2036    i.rx_done_event     nrfx_uart.o
    0x0002a754   0x0002a754   0x00000016   Code   RO         2222    i.rx_done_event     nrfx_uarte.o
    0x0002a76a   0x0002a76a   0x00000002   PAD
    0x0002a76c   0x0002a76c   0x00000058   Code   RO         1179    i.sd_state_evt_handler  nrf_drv_clock.o
    0x0002a7c4   0x0002a7c4   0x00000030   Code   RO         4550    i.sdh_request_observer_notify  nrf_sdh.o
    0x0002a7f4   0x0002a7f4   0x0000002c   Code   RO         4551    i.sdh_state_observer_notify  nrf_sdh.o
    0x0002a820   0x0002a820   0x00000010   Code   RO          660    i.send_error_evt    ble_conn_params.o
    0x0002a830   0x0002a830   0x00000040   Code   RO         3828    i.serial_tx         nrf_log_backend_uart.o
    0x0002a870   0x0002a870   0x00000088   Code   RO          536    i.service_data_encode  ble_advdata.o
    0x0002a8f8   0x0002a8f8   0x00000030   Code   RO          921    i.set_security_req  ble_srv_common.o
    0x0002a928   0x0002a928   0x00000018   Code   RO         1180    i.soc_evt_handler   nrf_drv_clock.o
    0x0002a940   0x0002a940   0x00000058   Code   RO         4553    i.softdevices_evt_irq_enable  nrf_sdh.o
    0x0002a998   0x0002a998   0x0000000c   Code   RO         2630    i.sortlist_pop      app_timer2.o
    0x0002a9a4   0x0002a9a4   0x00000030   Code   RO         2371    i.state_set         app_button.o
    0x0002a9d4   0x0002a9d4   0x00000098   Code   RO         3959    i.std_n             nrf_log_frontend.o
    0x0002aa6c   0x0002aa6c   0x00000098   Code   RO         2631    i.timer_expire      app_timer2.o
    0x0002ab04   0x0002ab04   0x00000080   Code   RO         2632    i.timer_req_process  app_timer2.o
    0x0002ab84   0x0002ab84   0x00000038   Code   RO         2633    i.timer_req_schedule  app_timer2.o
    0x0002abbc   0x0002abbc   0x00000018   Code   RO         2372    i.timer_start       app_button.o
    0x0002abd4   0x0002abd4   0x00000020   Code   RO         2038    i.tx_byte           nrfx_uart.o
    0x0002abf4   0x0002abf4   0x0000001a   Code   RO         2039    i.tx_done_event     nrfx_uart.o
    0x0002ac0e   0x0002ac0e   0x0000001a   Code   RO         2223    i.tx_done_event     nrfx_uarte.o
    0x0002ac28   0x0002ac28   0x00000030   Code   RO         1327    i.uart_evt_handler  nrf_drv_uart.o
    0x0002ac58   0x0002ac58   0x0000000c   Code   RO         3829    i.uart_evt_handler  nrf_log_backend_uart.o
    0x0002ac64   0x0002ac64   0x00000050   Code   RO         3830    i.uart_init         nrf_log_backend_uart.o
    0x0002acb4   0x0002acb4   0x0000012a   Code   RO         2040    i.uart_irq_handler  nrfx_uart.o
    0x0002adde   0x0002adde   0x00000002   PAD
    0x0002ade0   0x0002ade0   0x00000030   Code   RO         1328    i.uarte_evt_handler  nrf_drv_uart.o
    0x0002ae10   0x0002ae10   0x00000112   Code   RO         2224    i.uarte_irq_handler  nrfx_uarte.o
    0x0002af22   0x0002af22   0x0000000a   Code   RO          537    i.uint16_encode     ble_advdata.o
    0x0002af2c   0x0002af2c   0x000000b4   Code   RO         3391    i.unsigned_print    nrf_fprintf_format.o
    0x0002afe0   0x0002afe0   0x00000068   Code   RO          661    i.update_timeout_handler  ble_conn_params.o
    0x0002b048   0x0002b048   0x00000024   Code   RO         1082    i.user_mem_reply    nrf_ble_qwr.o
    0x0002b06c   0x0002b06c   0x00000020   Code   RO         2373    i.usr_event         app_button.o
    0x0002b08c   0x0002b08c   0x00000030   Code   RO          538    i.uuid_list_encode  ble_advdata.o
    0x0002b0bc   0x0002b0bc   0x0000009e   Code   RO          539    i.uuid_list_sized_encode  ble_advdata.o
    0x0002b15a   0x0002b15a   0x00000002   PAD
    0x0002b15c   0x0002b15c   0x00000004   Data   RO           17    .constdata          main.o
    0x0002b160   0x0002b160   0x00000008   Data   RO          369    .constdata          boards.o
    0x0002b168   0x0002b168   0x00000016   Data   RO          988    .constdata          nrf_ble_gatt.o
    0x0002b17e   0x0002b17e   0x00000002   PAD
    0x0002b180   0x0002b180   0x00000010   Data   RO         1126    .constdata          ble_lbs.o
    0x0002b190   0x0002b190   0x00000004   Data   RO         1703    .constdata          nrfx_gpiote.o
    0x0002b194   0x0002b194   0x00000004   Data   RO         2043    .constdata          nrfx_uart.o
    0x0002b198   0x0002b198   0x00000004   Data   RO         2227    .constdata          nrfx_uarte.o
    0x0002b19c   0x0002b19c   0x00000008   Data   RO         2375    .constdata          app_button.o
    0x0002b1a4   0x0002b1a4   0x00000014   Data   RO         2636    .constdata          app_timer2.o
    0x0002b1b8   0x0002b1b8   0x00000008   PAD
    0x0002b1c0   0x0002b1c0   0x00000006   Data   RO         2849    .constdata          drv_rtc.o
    0x0002b1c6   0x0002b1c6   0x00000010   Data   RO         3392    .constdata          nrf_fprintf_format.o
    0x0002b1d6   0x0002b1d6   0x00000002   PAD
    0x0002b1d8   0x0002b1d8   0x00000018   Data   RO         3512    .constdata          nrf_pwr_mgmt.o
    0x0002b1f0   0x0002b1f0   0x0000000c   Data   RO         3513    .constdata          nrf_pwr_mgmt.o
    0x0002b1fc   0x0002b1fc   0x0000013c   Data   RO         3735    .constdata          nrf_strerror.o
    0x0002b338   0x0002b338   0x0000000c   Data   RO         3832    .constdata          nrf_log_backend_uart.o
    0x0002b344   0x0002b344   0x00000020   Data   RO         3833    .constdata          nrf_log_backend_uart.o
    0x0002b364   0x0002b364   0x0000000c   Data   RO         3964    .constdata          nrf_log_frontend.o
    0x0002b370   0x0002b370   0x00000010   Data   RO         4554    .constdata          nrf_sdh.o
    0x0002b380   0x0002b380   0x00000028   Data   RO         4555    .constdata          nrf_sdh.o
    0x0002b3a8   0x0002b3a8   0x00000010   Data   RO         4556    .constdata          nrf_sdh.o
    0x0002b3b8   0x0002b3b8   0x00000010   Data   RO         4557    .constdata          nrf_sdh.o
    0x0002b3c8   0x0002b3c8   0x00000020   Data   RO         4665    .constdata          nrf_sdh_ble.o
    0x0002b3e8   0x0002b3e8   0x00000010   Data   RO         4666    .constdata          nrf_sdh_ble.o
    0x0002b3f8   0x0002b3f8   0x00000010   Data   RO         4716    .constdata          nrf_sdh_soc.o
    0x0002b408   0x0002b408   0x0000000c   Data   RO         4717    .constdata          nrf_sdh_soc.o
    0x0002b414   0x0002b414   0x00000081   Data   RO         4829    .constdata          mc_w.l(ctype_o.o)
    0x0002b495   0x0002b495   0x00000003   PAD
    0x0002b498   0x0002b498   0x00000004   Data   RO         4830    .constdata          mc_w.l(ctype_o.o)
    0x0002b49c   0x0002b49c   0x000000a2   Data   RO          989    .conststring        nrf_ble_gatt.o
    0x0002b53e   0x0002b53e   0x00000002   PAD
    0x0002b540   0x0002b540   0x000003eb   Data   RO         3736    .conststring        nrf_strerror.o
    0x0002b92b   0x0002b92b   0x00000001   PAD
    0x0002b92c   0x0002b92c   0x00000066   Data   RO         4131    .conststring        nrf_log_str_formatter.o
    0x0002b992   0x0002b992   0x00000002   PAD
    0x0002b994   0x0002b994   0x00000188   Data   RO         4667    .conststring        nrf_sdh_ble.o
    0x0002bb1c   0x0002bb1c   0x0000000d   Data   RO          990    .conststrlit        nrf_ble_gatt.o
    0x0002bb29   0x0002bb29   0x00000003   PAD
    0x0002bb2c   0x0002bb2c   0x00000006   Data   RO         1186    .conststrlit        nrf_drv_clock.o
    0x0002bb32   0x0002bb32   0x00000002   PAD
    0x0002bb34   0x0002bb34   0x00000006   Data   RO         1534    .conststrlit        nrfx_clock.o
    0x0002bb3a   0x0002bb3a   0x00000002   PAD
    0x0002bb3c   0x0002bb3c   0x00000007   Data   RO         1707    .conststrlit        nrfx_gpiote.o
    0x0002bb43   0x0002bb43   0x00000001   PAD
    0x0002bb44   0x0002bb44   0x00000004   Data   RO         1966    .conststrlit        nrfx_prs.o
    0x0002bb48   0x0002bb48   0x00000005   Data   RO         2046    .conststrlit        nrfx_uart.o
    0x0002bb4d   0x0002bb4d   0x00000003   PAD
    0x0002bb50   0x0002bb50   0x00000006   Data   RO         2230    .conststrlit        nrfx_uarte.o
    0x0002bb56   0x0002bb56   0x00000002   PAD
    0x0002bb58   0x0002bb58   0x0000000b   Data   RO         2376    .conststrlit        app_button.o
    0x0002bb63   0x0002bb63   0x00000001   PAD
    0x0002bb64   0x0002bb64   0x0000000a   Data   RO         2637    .conststrlit        app_timer2.o
    0x0002bb6e   0x0002bb6e   0x00000002   PAD
    0x0002bb70   0x0002bb70   0x00000009   Data   RO         3514    .conststrlit        nrf_pwr_mgmt.o
    0x0002bb79   0x0002bb79   0x00000003   PAD
    0x0002bb7c   0x0002bb7c   0x00000009   Data   RO         3682    .conststrlit        nrf_sortlist.o
    0x0002bb85   0x0002bb85   0x00000003   PAD
    0x0002bb88   0x0002bb88   0x00000011   Data   RO         3898    .conststrlit        nrf_log_default_backends.o
    0x0002bb99   0x0002bb99   0x00000003   PAD
    0x0002bb9c   0x0002bb9c   0x00000004   Data   RO         3965    .conststrlit        nrf_log_frontend.o
    0x0002bba0   0x0002bba0   0x00000008   Data   RO         4558    .conststrlit        nrf_sdh.o
    0x0002bba8   0x0002bba8   0x0000000c   Data   RO         4668    .conststrlit        nrf_sdh_ble.o
    0x0002bbb4   0x0002bbb4   0x0000000c   Data   RO         4718    .conststrlit        nrf_sdh_soc.o
    0x0002bbc0   0x0002bbc0   0x00000020   Data   RO         4890    Region$$Table       anon$$obj.o
    0x0002bbe0   0x0002bbe0   0x00000010   Data   RO         3900    log_backends        nrf_log_default_backends.o
    0x0002bbf0   0x0002bbf0   0x00000008   Data   RO          991    log_const_data      nrf_ble_gatt.o
    0x0002bbf8   0x0002bbf8   0x00000008   Data   RO         1187    log_const_data      nrf_drv_clock.o
    0x0002bc00   0x0002bc00   0x00000008   Data   RO         1536    log_const_data      nrfx_clock.o
    0x0002bc08   0x0002bc08   0x00000008   Data   RO         1708    log_const_data      nrfx_gpiote.o
    0x0002bc10   0x0002bc10   0x00000008   Data   RO         1968    log_const_data      nrfx_prs.o
    0x0002bc18   0x0002bc18   0x00000008   Data   RO         2047    log_const_data      nrfx_uart.o
    0x0002bc20   0x0002bc20   0x00000008   Data   RO         2231    log_const_data      nrfx_uarte.o
    0x0002bc28   0x0002bc28   0x00000008   Data   RO         2379    log_const_data      app_button.o
    0x0002bc30   0x0002bc30   0x00000008   Data   RO         2640    log_const_data      app_timer2.o
    0x0002bc38   0x0002bc38   0x00000008   Data   RO         3516    log_const_data      nrf_pwr_mgmt.o
    0x0002bc40   0x0002bc40   0x00000008   Data   RO         3683    log_const_data      nrf_sortlist.o
    0x0002bc48   0x0002bc48   0x00000008   Data   RO         3969    log_const_data      nrf_log_frontend.o
    0x0002bc50   0x0002bc50   0x00000008   Data   RO         4560    log_const_data      nrf_sdh.o
    0x0002bc58   0x0002bc58   0x00000008   Data   RO         4670    log_const_data      nrf_sdh_ble.o
    0x0002bc60   0x0002bc60   0x00000008   Data   RO         4719    log_const_data      nrf_sdh_soc.o
    0x0002bc68   0x0002bc68   0x00000014   Data   RO         3970    nrf_balloc          nrf_log_frontend.o
    0x0002bc7c   0x0002bc7c   0x00000008   Data   RO          768    sdh_ble_observers0  ble_conn_state.o
    0x0002bc84   0x0002bc84   0x00000008   Data   RO           19    sdh_ble_observers1  main.o
    0x0002bc8c   0x0002bc8c   0x00000008   Data   RO          664    sdh_ble_observers1  ble_conn_params.o
    0x0002bc94   0x0002bc94   0x00000010   Data   RO           20    sdh_ble_observers2  main.o
    0x0002bca4   0x0002bca4   0x00000008   Data   RO           21    sdh_ble_observers3  main.o
    0x0002bcac   0x0002bcac   0x00000008   Data   RO         1188    sdh_soc_observers0  nrf_drv_clock.o
    0x0002bcb4   0x0002bcb4   0x00000008   Data   RO         4671    sdh_stack_observers0  nrf_sdh_ble.o
    0x0002bcbc   0x0002bcbc   0x00000008   Data   RO         4720    sdh_stack_observers0  nrf_sdh_soc.o
    0x0002bcc4   0x0002bcc4   0x00000008   Data   RO         1189    sdh_state_observers0  nrf_drv_clock.o


    Execution Region RW_IRAM1 (Exec base: 0x200022f0, Load base: 0x0002bccc, Size: 0x00002980, Max: 0x0000dd10, ABSOLUTE, COMPRESSED[0x00000060])

    Exec Addr    Load Addr    Size         Type   Attr      Idx    E Section Name        Object

    0x200022f0   COMPRESSED   0x0000001c   Data   RW           18    .data               main.o
    0x2000230c   COMPRESSED   0x00000008   Data   RW          663    .data               ble_conn_params.o
    0x20002314   COMPRESSED   0x0000000c   Data   RW         1329    .data               nrf_drv_uart.o
    0x20002320   COMPRESSED   0x00000008   Data   RW         1535    .data               nrfx_clock.o
    0x20002328   COMPRESSED   0x00000008   Data   RW         1967    .data               nrfx_prs.o
    0x20002330   COMPRESSED   0x00000018   Data   RW         2377    .data               app_button.o
    0x20002348   COMPRESSED   0x00000020   Data   RW         2378    .data               app_button.o
    0x20002368   COMPRESSED   0x00000020   Data   RW         2638    .data               app_timer2.o
    0x20002388   COMPRESSED   0x00000004   Data   RW         2639    .data               app_timer2.o
    0x2000238c   COMPRESSED   0x0000000c   Data   RW         2850    .data               drv_rtc.o
    0x20002398   COMPRESSED   0x00000008   Data   RW         3515    .data               nrf_pwr_mgmt.o
    0x200023a0   COMPRESSED   0x00000018   Data   RW         3834    .data               nrf_log_backend_uart.o
    0x200023b8   COMPRESSED   0x00000008   Data   RW         3899    .data               nrf_log_default_backends.o
    0x200023c0   COMPRESSED   0x00000004   Data   RW         3966    .data               nrf_log_frontend.o
    0x200023c4   COMPRESSED   0x00000008   Data   RW         3967    .data               nrf_log_frontend.o
    0x200023cc   COMPRESSED   0x00000008   Data   RW         3968    .data               nrf_log_frontend.o
    0x200023d4   COMPRESSED   0x00000040   Data   RW         4132    .data               nrf_log_str_formatter.o
    0x20002414   COMPRESSED   0x00000003   Data   RW         4559    .data               nrf_sdh.o
    0x20002417   COMPRESSED   0x00000001   Data   RW         4669    .data               nrf_sdh_ble.o
    0x20002418   COMPRESSED   0x00000004   Data   RW         4761    .data               system_nrf52.o
    0x2000241c        -       0x00000038   Zero   RW           14    .bss                main.o
    0x20002454        -       0x0000001f   Zero   RW           15    .bss                main.o
    0x20002473        -       0x0000001f   Zero   RW           16    .bss                main.o
    0x20002492   COMPRESSED   0x00000006   PAD
    0x20002498        -       0x00000050   Zero   RW          662    .bss                ble_conn_params.o
    0x200024e8        -       0x0000007c   Zero   RW          767    .bss                ble_conn_state.o
    0x20002564        -       0x00000014   Zero   RW         1181    .bss                nrf_drv_clock.o
    0x20002578        -       0x0000005c   Zero   RW         1702    .bss                nrfx_gpiote.o
    0x200025d4        -       0x0000002c   Zero   RW         2041    .bss                nrfx_uart.o
    0x20002600        -       0x00000024   Zero   RW         2225    .bss                nrfx_uarte.o
    0x20002624        -       0x00000010   Zero   RW         2374    .bss                app_button.o
    0x20002634        -       0x00000010   Zero   RW         2634    .bss                app_timer2.o
    0x20002644        -       0x00000058   Zero   RW         2635    .bss                app_timer2.o
    0x2000269c        -       0x0000000c   Zero   RW         2764    .bss                app_util_platform.o
    0x200026a8        -       0x0000000c   Zero   RW         3511    .bss                nrf_pwr_mgmt.o
    0x200026b4        -       0x00000040   Zero   RW         3831    .bss                nrf_log_backend_uart.o
    0x200026f4        -       0x000000c0   Zero   RW         3960    .bss                nrf_log_frontend.o
    0x200027b4        -       0x00000080   Zero   RW         3961    .bss                nrf_log_frontend.o
    0x20002834        -       0x00000018   Zero   RW         3962    .bss                nrf_log_frontend.o
    0x2000284c        -       0x00000420   Zero   RW         3963    .bss                nrf_log_frontend.o
    0x20002c6c   COMPRESSED   0x00000004   PAD
    0x20002c70        -       0x00002000   Zero   RW         4747    STACK               arm_startup_nrf52.o


==============================================================================

Image component sizes


      Code (inc. data)   RO Data    RW Data    ZI Data      Debug   Object Name

       736         74         27         56         16      18271   app_button.o
        22          0          0          0          0       2481   app_error.o
       132         46          0          0          0      34069   app_error_weak.o
      1052         90         38         36        104      16857   app_timer2.o
       124         14          0          0         12      10522   app_util_platform.o
        36          8        512          0       8192        912   arm_startup_nrf52.o
      1236          0          0          0          0      97771   ble_advdata.o
       636         44          8          8         80      14307   ble_conn_params.o
       352          6          8          0        124       6245   ble_conn_state.o
       288          6         16          0          0       4803   ble_lbs.o
       456          6          0          0          0       3315   ble_srv_common.o
       192         16          8          0          0       9553   boards.o
       704         76          6         12          0      48241   drv_rtc.o
      1104        238         36         28        118     173010   main.o
       326          0          0          0          0       5835   nrf_atfifo.o
        64          0          0          0          0       2940   nrf_atflags.o
       306          0          0          0          0       7855   nrf_atomic.o
       164          0          0          0          0       3560   nrf_balloc.o
       922        272        205          0          0      37075   nrf_ble_gatt.o
       276          0          0          0          0       6133   nrf_ble_qwr.o
       312         36         30          0         20      44988   nrf_drv_clock.o
       200         26          0         12          0      17652   nrf_drv_uart.o
        50          0          0          0          0       3517   nrf_fprintf.o
       866          4         16          0          0       6482   nrf_fprintf_format.o
       194          0          0          0          0      11549   nrf_log_backend_serial.o
       232         44         44         24         64      15706   nrf_log_backend_uart.o
        28          4         33          8          0       3305   nrf_log_default_backends.o
      1480        128         44         20       1400      30113   nrf_log_frontend.o
       570        108        102         64          0       5568   nrf_log_str_formatter.o
       346          0          0          0          0       9447   nrf_memobj.o
       108         16         53          8         12      40778   nrf_pwr_mgmt.o
        28          0          0          0          0       2327   nrf_ringbuf.o
       384         46        104          3          0      42555   nrf_sdh.o
       672        230        468          1          0       5761   nrf_sdh_ble.o
        60          4         56          0          0       2420   nrf_sdh_soc.o
        78          0          0          0          0       2708   nrf_section_iter.o
        84          0         17          0          0       4009   nrf_sortlist.o
        76         10       1319          0          0       2675   nrf_strerror.o
       242         32         14          8          0      46832   nrfx_clock.o
      1340        112         19          0         92      66212   nrfx_gpiote.o
       112         16         12          8          0       4392   nrfx_prs.o
      1310         42         17          0         44      30149   nrfx_uart.o
      1312         42         18          0         36      25639   nrfx_uarte.o
       752         78          0          4          0      32121   system_nrf52.o

    ----------------------------------------------------------------------
     20008       1874       3304        300      10324     960660   Object Totals
         0          0         32          0          0          0   (incl. Generated)
        44          0         42          0         10          0   (incl. Padding)

    ----------------------------------------------------------------------

      Code (inc. data)   RO Data    RW Data    ZI Data      Debug   Library Member Name

        86          0          0          0          0          0   __dczerorl2.o
         8          4        133          0          0         68   ctype_o.o
         0          0          0          0          0          0   entry.o
         0          0          0          0          0          0   entry10a.o
         0          0          0          0          0          0   entry11a.o
         4          0          0          0          0          0   entry12b.o
         8          4          0          0          0          0   entry2.o
         4          0          0          0          0          0   entry5.o
         0          0          0          0          0          0   entry7b.o
         0          0          0          0          0          0   entry8b.o
         8          4          0          0          0          0   entry9a.o
        30          0          0          0          0          0   handlers.o
        36          8          0          0          0         68   init.o
        30          0          0          0          0         68   llshl.o
        36          0          0          0          0         68   memcpya.o
        36          0          0          0          0        108   memseta.o
        14          0          0          0          0         68   strlen.o

    ----------------------------------------------------------------------
       308         20        136          0          0        448   Library Totals
         8          0          3          0          0          0   (incl. Padding)

    ----------------------------------------------------------------------

      Code (inc. data)   RO Data    RW Data    ZI Data      Debug   Library Name

       300         20        133          0          0        448   mc_w.l

    ----------------------------------------------------------------------
       308         20        136          0          0        448   Library Totals

    ----------------------------------------------------------------------

==============================================================================


      Code (inc. data)   RO Data    RW Data    ZI Data      Debug   

     20316       1894       3440        300      10324     935488   Grand Totals
     20316       1894       3440         96      10324     935488   ELF Image Totals (compressed)
     20316       1894       3440         96          0          0   ROM Totals

==============================================================================

    Total RO  Size (Code + RO Data)                23756 (  23.20kB)
    Total RW  Size (RW Data + ZI Data)             10624 (  10.38kB)
    Total ROM Size (Code + RO Data + RW Data)      23852 (  23.29kB)

==============================================================================

