Archive member included to satisfy reference by file (symbol)

C:/Program Files/SEGGER/SEGGER Embedded Studio for ARM 6.32a/lib/libc_v7em_fpv4_sp_d16_hard_t_le_eabi_balanced.a(mbops.o)
                              Output/Debug/Obj/timer_pca10040/nrf_log_str_formatter.o (isprint)
C:/Program Files/SEGGER/SEGGER Embedded Studio for ARM 6.32a/lib/libc_v7em_fpv4_sp_d16_hard_t_le_eabi_balanced.a(sortops.o)
                              C:/Program Files/SEGGER/SEGGER Embedded Studio for ARM 6.32a/lib/libc_v7em_fpv4_sp_d16_hard_t_le_eabi_balanced.a(mbops.o) (bsearch)
C:/Program Files/SEGGER/SEGGER Embedded Studio for ARM 6.32a/lib/libc_v7em_fpv4_sp_d16_hard_t_le_eabi_balanced.a(strasmops_arm.o)
                              Output/Debug/Obj/timer_pca10040/nrf_log_frontend.o (strlen)
C:/Program Files/SEGGER/SEGGER Embedded Studio for ARM 6.32a/lib/libc_v7em_fpv4_sp_d16_hard_t_le_eabi_balanced.a(strops.o)
                              C:/Program Files/SEGGER/SEGGER Embedded Studio for ARM 6.32a/lib/libc_v7em_fpv4_sp_d16_hard_t_le_eabi_balanced.a(mbops.o) (strcat)
C:/Program Files/SEGGER/SEGGER Embedded Studio for ARM 6.32a/lib/libc_v7em_fpv4_sp_d16_hard_t_le_eabi_balanced.a(timeops.o)
                              C:/Program Files/SEGGER/SEGGER Embedded Studio for ARM 6.32a/lib/libc_v7em_fpv4_sp_d16_hard_t_le_eabi_balanced.a(mbops.o) (__SEGGER_RTL_string_list_encode)
C:/Program Files/SEGGER/SEGGER Embedded Studio for ARM 6.32a/lib/libc_v7em_fpv4_sp_d16_hard_t_le_eabi_balanced.a(prinops.o)
                              Output/Debug/Obj/timer_pca10040/main.o (printf)
C:/Program Files/SEGGER/SEGGER Embedded Studio for ARM 6.32a/lib/libc_v7em_fpv4_sp_d16_hard_t_le_eabi_balanced.a(__SEGGER_RTL_vfprintf_long.o)
                              (__SEGGER_RTL_vfprintf_long)
C:/Program Files/SEGGER/SEGGER Embedded Studio for ARM 6.32a/lib/libc_v7em_fpv4_sp_d16_hard_t_le_eabi_balanced.a(__SEGGER_RTL_vfscanf_long.o)
                              (__SEGGER_RTL_vfscanf_long)
C:/Program Files/SEGGER/SEGGER Embedded Studio for ARM 6.32a/lib/libc_v7em_fpv4_sp_d16_hard_t_le_eabi_balanced.a(errno.o)
                              C:/Program Files/SEGGER/SEGGER Embedded Studio for ARM 6.32a/lib/libc_v7em_fpv4_sp_d16_hard_t_le_eabi_balanced.a(mbops.o) (__aeabi_errno_addr)
C:/Program Files/SEGGER/SEGGER Embedded Studio for ARM 6.32a/lib/libc_v7em_fpv4_sp_d16_hard_t_le_eabi_balanced.a(fileops.o)
                              C:/Program Files/SEGGER/SEGGER Embedded Studio for ARM 6.32a/lib/libc_v7em_fpv4_sp_d16_hard_t_le_eabi_balanced.a(prinops.o) (fwrite)
C:/Program Files/SEGGER/SEGGER Embedded Studio for ARM 6.32a/lib/libc_v7em_fpv4_sp_d16_hard_t_le_eabi_balanced.a(floatasmops_arm.o)
                              C:/Program Files/SEGGER/SEGGER Embedded Studio for ARM 6.32a/lib/libc_v7em_fpv4_sp_d16_hard_t_le_eabi_balanced.a(timeops.o) (__aeabi_i2d)
C:/Program Files/SEGGER/SEGGER Embedded Studio for ARM 6.32a/lib/libc_v7em_fpv4_sp_d16_hard_t_le_eabi_balanced.a(intasmops_arm.o)
                              C:/Program Files/SEGGER/SEGGER Embedded Studio for ARM 6.32a/lib/libc_v7em_fpv4_sp_d16_hard_t_le_eabi_balanced.a(__SEGGER_RTL_vfprintf_long.o) (__aeabi_uldivmod)
C:/Program Files/SEGGER/SEGGER Embedded Studio for ARM 6.32a/lib/libc_v7em_fpv4_sp_d16_hard_t_le_eabi_balanced.a(intops.o)
                              C:/Program Files/SEGGER/SEGGER Embedded Studio for ARM 6.32a/lib/libc_v7em_fpv4_sp_d16_hard_t_le_eabi_balanced.a(timeops.o) (div)
C:/Program Files/SEGGER/SEGGER Embedded Studio for ARM 6.32a/lib/libc_v7em_fpv4_sp_d16_hard_t_le_eabi_balanced.a(utilops.o)
                              C:/Program Files/SEGGER/SEGGER Embedded Studio for ARM 6.32a/lib/libc_v7em_fpv4_sp_d16_hard_t_le_eabi_balanced.a(__SEGGER_RTL_vfscanf_long.o) (__SEGGER_RTL_digit)
C:/Program Files/SEGGER/SEGGER Embedded Studio for ARM 6.32a/lib/prinops_rtt_v7em_little.a(prinops_rtt.o)
                              C:/Program Files/SEGGER/SEGGER Embedded Studio for ARM 6.32a/lib/libc_v7em_fpv4_sp_d16_hard_t_le_eabi_balanced.a(fileops.o) (__SEGGER_RTL_X_file_stat)
C:/Program Files/SEGGER/SEGGER Embedded Studio for ARM 6.32a/lib/prinops_rtt_v7em_little.a(SEGGER_RTT.o)
                              C:/Program Files/SEGGER/SEGGER Embedded Studio for ARM 6.32a/lib/prinops_rtt_v7em_little.a(prinops_rtt.o) (SEGGER_RTT_Read)
C:/Program Files/SEGGER/SEGGER Embedded Studio for ARM 6.32a/lib/heapops_basic_v7em_little.a(heapops_basic.o)
                              Output/Debug/Obj/timer_pca10040/thumb_crt0.o (__SEGGER_RTL_init_heap)
C:/Program Files/SEGGER/SEGGER Embedded Studio for ARM 6.32a/lib/heapops_disable_interrupts_locking_v7em_little.a(heapops.o)
                              C:/Program Files/SEGGER/SEGGER Embedded Studio for ARM 6.32a/lib/libc_v7em_fpv4_sp_d16_hard_t_le_eabi_balanced.a(mbops.o) (malloc)

Discarded input sections

 .text          0x0000000000000000        0x0 Output/Debug/Obj/timer_pca10040/thumb_crt0.o
[...]
Memory Configuration

Name             Origin             Length             Attributes
UNPLACED_SECTIONS 0x0000000100000000 0x0000000000000000 xw
RAM1             0x0000000020000000 0x0000000000010000 xw
FLASH1           0x0000000000000000 0x0000000000080000 xw
*default*        0x0000000000000000 0xffffffffffffffff

Linker script and memory map

                0x0000000000002bfc                __SEGGER_RTL_vfprintf = __SEGGER_RTL_vfprintf_long
                0x0000000000000000                __SEGGER_RTL_vfscanf = __SEGGER_RTL_vfscanf_long
                0x0000000020000000                __RAM1_segment_start__ = 0x20000000
                0x0000000020010000                __RAM1_segment_end__ = 0x20010000
                0x0000000000010000                __RAM1_segment_size__ = 0x10000
                0x0000000000000000                __FLASH1_segment_start__ = 0x0
                0x0000000000080000                __FLASH1_segment_end__ = 0x80000
                0x0000000000080000                __FLASH1_segment_size__ = 0x80000
                0x0000000000002000                __HEAPSIZE__ = 0x2000
                0x0000000000000000                __STACKSIZE_PROCESS__ = 0x0
                0x0000000000002000                __STACKSIZE__ = 0x2000
                0x0000000020000000                __vectors_ram_load_start__ = 0x20000000

.vectors_ram    0x0000000020000000        0x0
                0x0000000020000000                __vectors_ram_start__ = .
                0x0000000020000000                __app_ram_start__ = __vectors_ram_start__
 *(.vectors_ram .vectors_ram.*)
                0x0000000020000000                __vectors_ram_end__ = (__vectors_ram_start__ + SIZEOF (.vectors_ram))
                0x0000000000000000                __vectors_ram_size__ = SIZEOF (.vectors_ram)
                0x0000000020000000                __vectors_ram_load_end__ = __vectors_ram_end__
                0x0000000000000001                . = ASSERT (((__vectors_ram_start__ == __vectors_ram_end__) || ((__vectors_ram_end__ - __RAM1_segment_start__) <= __RAM1_segment_size__)), error: .vectors_ram is too large to fit in RAM1 memory segment)
                0x0000000020000000                __nrf_sections_run_load_start__ = ALIGN (__vectors_ram_end__, 0x4)

.nrf_sections_run
                0x0000000020000000        0x0
                0x0000000020000000                __nrf_sections_run_start__ = .
                0x0000000020000000                __start_nrf_sections_run = __nrf_sections_run_start__
 *(.nrf_sections_run .nrf_sections_run.*)
                0x0000000020000000                __nrf_sections_run_end__ = (__nrf_sections_run_start__ + SIZEOF (.nrf_sections_run))
                0x0000000000000000                __nrf_sections_run_size__ = SIZEOF (.nrf_sections_run)
                0x0000000020000000                __nrf_sections_run_load_end__ = __nrf_sections_run_end__
                0x0000000000000001                . = ASSERT (((__nrf_sections_run_start__ == __nrf_sections_run_end__) || ((__nrf_sections_run_end__ - __RAM1_segment_start__) <= __RAM1_segment_size__)), error: .nrf_sections_run is too large to fit in RAM1 memory segment)
                0x0000000000000000                __vectors_load_start__ = 0x0

.vectors        0x0000000000000000      0x200
                0x0000000000000000                __vectors_start__ = .
 *(.vectors .vectors.*)
 .vectors       0x0000000000000000      0x200 Output/Debug/Obj/timer_pca10040/ses_startup_nrf52.o
                0x0000000000000000                _vectors
                0x0000000000000200                __vectors_end__ = (__vectors_start__ + SIZEOF (.vectors))
                0x0000000000000200                __vectors_size__ = SIZEOF (.vectors)
                0x0000000000000200                __vectors_load_end__ = __vectors_end__
                0x0000000000000001                . = ASSERT (((__vectors_start__ == __vectors_end__) || ((__vectors_end__ - __FLASH1_segment_start__) <= __FLASH1_segment_size__)), error: .vectors is too large to fit in FLASH1 memory segment)
                0x0000000000000200                __init_load_start__ = ALIGN (__vectors_end__, 0x4)

.init           0x0000000000000200      0x1cc
                0x0000000000000200                __init_start__ = .
 *(.init .init.*)
 .init          0x0000000000000200      0x158 Output/Debug/Obj/timer_pca10040/thumb_crt0.o
                0x0000000000000200                _start
                0x00000000000002ae                exit
 .init          0x0000000000000358       0x18 Output/Debug/Obj/timer_pca10040/ses_startup_nrf52.o
                0x0000000000000358                NMI_Handler
                0x000000000000035a                HardFault_Handler
                0x000000000000035c                MemoryManagement_Handler
                0x000000000000035e                BusFault_Handler
                0x0000000000000360                UsageFault_Handler
                0x0000000000000362                SVC_Handler
                0x0000000000000364                DebugMon_Handler
                0x0000000000000366                PendSV_Handler
                0x0000000000000368                SysTick_Handler
                0x000000000000036a                PWM1_IRQHandler
                0x000000000000036a                GPIOTE_IRQHandler
                0x000000000000036a                SWI0_EGU0_IRQHandler
                0x000000000000036a                POWER_CLOCK_IRQHandler
                0x000000000000036a                RADIO_IRQHandler
                0x000000000000036a                PDM_IRQHandler
                0x000000000000036a                TEMP_IRQHandler
                0x000000000000036a                QDEC_IRQHandler
                0x000000000000036a                RTC0_IRQHandler
                0x000000000000036a                FPU_IRQHandler
                0x000000000000036a                SPIM0_SPIS0_TWIM0_TWIS0_SPI0_TWI0_IRQHandler
                0x000000000000036a                SWI2_EGU2_IRQHandler
                0x000000000000036a                UARTE0_UART0_IRQHandler
                0x000000000000036a                TIMER4_IRQHandler
                0x000000000000036a                I2S_IRQHandler
                0x000000000000036a                SWI4_EGU4_IRQHandler
                0x000000000000036a                Dummy_Handler
                0x000000000000036a                TIMER1_IRQHandler
                0x000000000000036a                PWM2_IRQHandler
                0x000000000000036a                ECB_IRQHandler
                0x000000000000036a                SPIM1_SPIS1_TWIM1_TWIS1_SPI1_TWI1_IRQHandler
                0x000000000000036a                SAADC_IRQHandler
                0x000000000000036a                CCM_AAR_IRQHandler
                0x000000000000036a                WDT_IRQHandler
                0x000000000000036a                TIMER3_IRQHandler
                0x000000000000036a                SWI5_EGU5_IRQHandler
                0x000000000000036a                RNG_IRQHandler
                0x000000000000036a                RTC2_IRQHandler
                0x000000000000036a                PWM0_IRQHandler
                0x000000000000036a                SWI3_EGU3_IRQHandler
                0x000000000000036a                RTC1_IRQHandler
                0x000000000000036a                SWI1_EGU1_IRQHandler
                0x000000000000036a                SPIM2_SPIS2_SPI2_IRQHandler
                0x000000000000036a                NFCT_IRQHandler
                0x000000000000036a                TIMER2_IRQHandler
                0x000000000000036a                MWU_IRQHandler
                0x000000000000036a                COMP_LPCOMP_IRQHandler
                0x000000000000036c                nRFInitialize
 .init          0x0000000000000370       0x5c Output/Debug/Obj/timer_pca10040/ses_startup_nrf_common.o
                0x0000000000000370                Reset_Handler
                0x0000000000000374                afterInitialize
                0x0000000000000398                InitializeUserMemorySections
                0x00000000000003cc                __init_end__ = (__init_start__ + SIZEOF (.init))
                0x00000000000001cc                __init_size__ = SIZEOF (.init)
                0x00000000000003cc                __init_load_end__ = __init_end__
                0x0000000000000001                . = ASSERT (((__init_start__ == __init_end__) || ((__init_end__ - __FLASH1_segment_start__) <= __FLASH1_segment_size__)), error: .init is too large to fit in FLASH1 memory segment)
                0x00000000000003cc                __init_rodata_load_start__ = ALIGN (__init_end__, 0x4)

.init_rodata    0x00000000000003cc        0x0
                0x00000000000003cc                __init_rodata_start__ = .
 *(.init_rodata .init_rodata.*)
                0x00000000000003cc                __init_rodata_end__ = (__init_rodata_start__ + SIZEOF (.init_rodata))
                0x0000000000000000                __init_rodata_size__ = SIZEOF (.init_rodata)
                0x00000000000003cc                __init_rodata_load_end__ = __init_rodata_end__
                0x0000000000000001                . = ASSERT (((__init_rodata_start__ == __init_rodata_end__) || ((__init_rodata_end__ - __FLASH1_segment_start__) <= __FLASH1_segment_size__)), error: .init_rodata is too large to fit in FLASH1 memory segment)
                0x00000000000003cc                __text_load_start__ = ALIGN (__init_rodata_end__, 0x4)

.text           0x00000000000003cc     0x312c
                0x00000000000003cc                __text_start__ = .
 *(.text .text.* .gnu.linkonce.t.* .glue_7t .glue_7 .gcc_except_table .ARM.extab* .gnu.linkonce.armextab.*)
 .glue_7        0x00000000000003cc        0x0 linker stubs
 .glue_7t       0x00000000000003cc        0x0 linker stubs
 .text.nrf_log_backend_put
                0x00000000000003cc       0x1c Output/Debug/Obj/timer_pca10040/nrf_log_frontend.o
 .text.nrf_log_backend_panic_set
                0x00000000000003e8       0x18 Output/Debug/Obj/timer_pca10040/nrf_log_frontend.o
 .text.nrf_log_backend_flush
                0x0000000000000400       0x18 Output/Debug/Obj/timer_pca10040/nrf_log_frontend.o
 .text.nrf_log_backend_enable
                0x0000000000000418       0x12 Output/Debug/Obj/timer_pca10040/nrf_log_frontend.o
 .text.nrf_log_backend_is_enabled
                0x000000000000042a       0x10 Output/Debug/Obj/timer_pca10040/nrf_log_frontend.o
 *fill*         0x000000000000043a        0x2 
 .text.nrf_log_module_cnt_get
                0x000000000000043c       0x14 Output/Debug/Obj/timer_pca10040/nrf_log_frontend.o
                0x000000000000043c                nrf_log_module_cnt_get
 .text.invalid_packets_omit
                0x0000000000000450       0x6e Output/Debug/Obj/timer_pca10040/nrf_log_frontend.o
 *fill*         0x00000000000004be        0x2 
 .text.log_skip
                0x00000000000004c0      0x118 Output/Debug/Obj/timer_pca10040/nrf_log_frontend.o
 .text.dropped_sat16_get
                0x00000000000005d8       0x28 Output/Debug/Obj/timer_pca10040/nrf_log_frontend.o
 .text.std_header_set
                0x0000000000000600       0xb4 Output/Debug/Obj/timer_pca10040/nrf_log_frontend.o
 .text.log_pending_hook
                0x00000000000006b4        0x4 Output/Debug/Obj/timer_pca10040/nrf_log_frontend.o
                0x00000000000006b4                log_pending_hook
 .text.buf_prealloc
                0x00000000000006b8      0x128 Output/Debug/Obj/timer_pca10040/nrf_log_frontend.o
 .text.std_n    0x00000000000007e0       0x98 Output/Debug/Obj/timer_pca10040/nrf_log_frontend.o
 .text.nrf_log_frontend_std_0
                0x0000000000000878       0x1c Output/Debug/Obj/timer_pca10040/nrf_log_frontend.o
                0x0000000000000878                nrf_log_frontend_std_0
 .text.nrf_log_frontend_std_1
                0x0000000000000894       0x22 Output/Debug/Obj/timer_pca10040/nrf_log_frontend.o
                0x0000000000000894                nrf_log_frontend_std_1
 .text.nrf_log_frontend_std_2
                0x00000000000008b6       0x28 Output/Debug/Obj/timer_pca10040/nrf_log_frontend.o
                0x00000000000008b6                nrf_log_frontend_std_2
 .text.nrf_log_frontend_std_5
                0x00000000000008de       0x34 Output/Debug/Obj/timer_pca10040/nrf_log_frontend.o
                0x00000000000008de                nrf_log_frontend_std_5
 *fill*         0x0000000000000912        0x2 
 .text.buffer_is_empty
                0x0000000000000914       0x1c Output/Debug/Obj/timer_pca10040/nrf_log_frontend.o
                0x0000000000000914                buffer_is_empty
 .text.nrf_log_frontend_dequeue
                0x0000000000000930      0x3a0 Output/Debug/Obj/timer_pca10040/nrf_log_frontend.o
                0x0000000000000930                nrf_log_frontend_dequeue
 .text.nrf_log_panic
                0x0000000000000cd0       0x3c Output/Debug/Obj/timer_pca10040/nrf_log_frontend.o
                0x0000000000000cd0                nrf_log_panic
 .text.nrf_gpio_pin_port_decode
                0x0000000000000d0c       0x30 Output/Debug/Obj/timer_pca10040/boards.o
 .text.nrf_gpio_cfg
                0x0000000000000d3c       0x62 Output/Debug/Obj/timer_pca10040/boards.o
 .text.nrf_gpio_cfg_output
                0x0000000000000d9e       0x22 Output/Debug/Obj/timer_pca10040/boards.o
 .text.nrf_gpio_cfg_input
                0x0000000000000dc0       0x2a Output/Debug/Obj/timer_pca10040/boards.o
 .text.nrf_gpio_pin_set
                0x0000000000000dea       0x28 Output/Debug/Obj/timer_pca10040/boards.o
 .text.nrf_gpio_pin_clear
                0x0000000000000e12       0x28 Output/Debug/Obj/timer_pca10040/boards.o
 .text.nrf_gpio_pin_write
                0x0000000000000e3a       0x24 Output/Debug/Obj/timer_pca10040/boards.o
 .text.nrf_gpio_port_out_set
                0x0000000000000e5e       0x14 Output/Debug/Obj/timer_pca10040/boards.o
 .text.nrf_gpio_port_out_clear
                0x0000000000000e72       0x14 Output/Debug/Obj/timer_pca10040/boards.o
 .text.nrf_gpio_pin_present_check
                0x0000000000000e86       0x40 Output/Debug/Obj/timer_pca10040/boards.o
 *fill*         0x0000000000000ec6        0x2 
 .text.bsp_board_led_off
                0x0000000000000ec8       0x34 Output/Debug/Obj/timer_pca10040/boards.o
                0x0000000000000ec8                bsp_board_led_off
 .text.bsp_board_leds_off
                0x0000000000000efc       0x26 Output/Debug/Obj/timer_pca10040/boards.o
                0x0000000000000efc                bsp_board_leds_off
 *fill*         0x0000000000000f22        0x2 
 .text.bsp_board_leds_init
                0x0000000000000f24       0x34 Output/Debug/Obj/timer_pca10040/boards.o
 .text.bsp_board_buttons_init
                0x0000000000000f58       0x34 Output/Debug/Obj/timer_pca10040/boards.o
 .text.bsp_board_init
                0x0000000000000f8c       0x2a Output/Debug/Obj/timer_pca10040/boards.o
                0x0000000000000f8c                bsp_board_init
 *fill*         0x0000000000000fb6        0x2 
 .text.app_error_save_and_stop
                0x0000000000000fb8       0x98 Output/Debug/Obj/timer_pca10040/app_error.o
                0x0000000000000fb8                app_error_save_and_stop
 .text.app_error_handler
                0x0000000000001050       0x1c Output/Debug/Obj/timer_pca10040/app_error_handler_gcc.o
                0x0000000000001050                app_error_handler
 .text.app_error_fault_handler
                0x000000000000106c      0x104 Output/Debug/Obj/timer_pca10040/app_error_weak.o
                0x000000000000106c                app_error_fault_handler
 .text.app_util_disable_irq
                0x0000000000001170       0x18 Output/Debug/Obj/timer_pca10040/app_util_platform.o
                0x0000000000001170                app_util_disable_irq
 .text.app_util_enable_irq
                0x0000000000001188       0x20 Output/Debug/Obj/timer_pca10040/app_util_platform.o
                0x0000000000001188                app_util_enable_irq
 .text.app_util_critical_region_enter
                0x00000000000011a8       0x28 Output/Debug/Obj/timer_pca10040/app_util_platform.o
                0x00000000000011a8                app_util_critical_region_enter
 .text.app_util_critical_region_exit
                0x00000000000011d0       0x2c Output/Debug/Obj/timer_pca10040/app_util_platform.o
                0x00000000000011d0                app_util_critical_region_exit
 .text.privilege_level_get
                0x00000000000011fc       0x3a Output/Debug/Obj/timer_pca10040/app_util_platform.o
                0x00000000000011fc                privilege_level_get
 .text.assert_nrf_callback
                0x0000000000001236       0x2c Output/Debug/Obj/timer_pca10040/nrf_assert.o
                0x0000000000001236                assert_nrf_callback
 .text.nrf_atomic_u32_fetch_store
                0x0000000000001262       0x2e Output/Debug/Obj/timer_pca10040/nrf_atomic.o
                0x0000000000001262                nrf_atomic_u32_fetch_store
 .text.nrf_atomic_u32_or
                0x0000000000001290       0x30 Output/Debug/Obj/timer_pca10040/nrf_atomic.o
                0x0000000000001290                nrf_atomic_u32_or
 .text.nrf_atomic_u32_fetch_and
                0x00000000000012c0       0x30 Output/Debug/Obj/timer_pca10040/nrf_atomic.o
                0x00000000000012c0                nrf_atomic_u32_fetch_and
 .text.nrf_atomic_u32_add
                0x00000000000012f0       0x30 Output/Debug/Obj/timer_pca10040/nrf_atomic.o
                0x00000000000012f0                nrf_atomic_u32_add
 .text.nrf_atomic_u32_sub
                0x0000000000001320       0x30 Output/Debug/Obj/timer_pca10040/nrf_atomic.o
                0x0000000000001320                nrf_atomic_u32_sub
 .text.nrf_atomic_flag_set
                0x0000000000001350       0x18 Output/Debug/Obj/timer_pca10040/nrf_atomic.o
                0x0000000000001350                nrf_atomic_flag_set
 .text.nrf_atomic_flag_clear_fetch
                0x0000000000001368       0x18 Output/Debug/Obj/timer_pca10040/nrf_atomic.o
                0x0000000000001368                nrf_atomic_flag_clear_fetch
 .text.nrf_balloc_idx2block
                0x0000000000001380       0x38 Output/Debug/Obj/timer_pca10040/nrf_balloc.o
 .text.nrf_balloc_block2idx
                0x00000000000013b8       0x34 Output/Debug/Obj/timer_pca10040/nrf_balloc.o
 .text.nrf_balloc_alloc
                0x00000000000013ec       0x84 Output/Debug/Obj/timer_pca10040/nrf_balloc.o
                0x00000000000013ec                nrf_balloc_alloc
 .text.nrf_balloc_free
                0x0000000000001470       0x58 Output/Debug/Obj/timer_pca10040/nrf_balloc.o
                0x0000000000001470                nrf_balloc_free
 .text.nrf_memobj_alloc
                0x00000000000014c8       0xae Output/Debug/Obj/timer_pca10040/nrf_memobj.o
                0x00000000000014c8                nrf_memobj_alloc
 .text.nrf_memobj_free
                0x0000000000001576       0x74 Output/Debug/Obj/timer_pca10040/nrf_memobj.o
                0x0000000000001576                nrf_memobj_free
 .text.nrf_memobj_get
                0x00000000000015ea       0x1e Output/Debug/Obj/timer_pca10040/nrf_memobj.o
                0x00000000000015ea                nrf_memobj_get
 .text.nrf_memobj_put
                0x0000000000001608       0x34 Output/Debug/Obj/timer_pca10040/nrf_memobj.o
                0x0000000000001608                nrf_memobj_put
 .text.memobj_op
                0x000000000000163c      0x124 Output/Debug/Obj/timer_pca10040/nrf_memobj.o
 .text.nrf_memobj_write
                0x0000000000001760       0x3c Output/Debug/Obj/timer_pca10040/nrf_memobj.o
                0x0000000000001760                nrf_memobj_write
 .text.nrf_strerror_get
                0x000000000000179c       0x28 Output/Debug/Obj/timer_pca10040/nrf_strerror.o
                0x000000000000179c                nrf_strerror_get
 .text.nrf_strerror_find
                0x00000000000017c4       0x68 Output/Debug/Obj/timer_pca10040/nrf_strerror.o
                0x00000000000017c4                nrf_strerror_find
 .text.__NVIC_EnableIRQ
                0x000000000000182c       0x34 Output/Debug/Obj/timer_pca10040/nrfx_timer.o
 .text.__NVIC_SetPriority
                0x0000000000001860       0x50 Output/Debug/Obj/timer_pca10040/nrfx_timer.o
 .text.nrfx_get_irq_number
                0x00000000000018b0       0x10 Output/Debug/Obj/timer_pca10040/nrfx_timer.o
 .text._NRFX_IRQ_PRIORITY_SET
                0x00000000000018c0       0x40 Output/Debug/Obj/timer_pca10040/nrfx_timer.o
 .text._NRFX_IRQ_ENABLE
                0x0000000000001900       0x1c Output/Debug/Obj/timer_pca10040/nrfx_timer.o
 .text.nrf_timer_task_trigger
                0x000000000000191c       0x1c Output/Debug/Obj/timer_pca10040/nrfx_timer.o
 .text.nrf_timer_event_clear
                0x0000000000001938       0x2a Output/Debug/Obj/timer_pca10040/nrfx_timer.o
 .text.nrf_timer_event_check
                0x0000000000001962       0x24 Output/Debug/Obj/timer_pca10040/nrfx_timer.o
 .text.nrf_timer_int_enable_check
                0x0000000000001986       0x20 Output/Debug/Obj/timer_pca10040/nrfx_timer.o
 .text.nrf_timer_mode_set
                0x00000000000019a6       0x2a Output/Debug/Obj/timer_pca10040/nrfx_timer.o
 .text.nrf_timer_mode_get
                0x00000000000019d0       0x12 Output/Debug/Obj/timer_pca10040/nrfx_timer.o
 .text.nrf_timer_bit_width_set
                0x00000000000019e2       0x2a Output/Debug/Obj/timer_pca10040/nrfx_timer.o
 .text.nrf_timer_frequency_set
                0x0000000000001a0c       0x2a Output/Debug/Obj/timer_pca10040/nrfx_timer.o
 .text.nrf_timer_cc_read
                0x0000000000001a36       0x1e Output/Debug/Obj/timer_pca10040/nrfx_timer.o
 .text.nrf_timer_capture_task_get
                0x0000000000001a54       0x12 Output/Debug/Obj/timer_pca10040/nrfx_timer.o
 .text.nrf_timer_compare_event_get
                0x0000000000001a66       0x14 Output/Debug/Obj/timer_pca10040/nrfx_timer.o
 .text.nrf_timer_compare_int_get
                0x0000000000001a7a       0x14 Output/Debug/Obj/timer_pca10040/nrfx_timer.o
 *fill*         0x0000000000001a8e        0x2 
 .text.nrfx_timer_init
                0x0000000000001a90      0x1f8 Output/Debug/Obj/timer_pca10040/nrfx_timer.o
                0x0000000000001a90                nrfx_timer_init
 .text.nrfx_timer_enable
                0x0000000000001c88       0x5c Output/Debug/Obj/timer_pca10040/nrfx_timer.o
                0x0000000000001c88                nrfx_timer_enable
 .text.nrfx_timer_increment
                0x0000000000001ce4       0x5c Output/Debug/Obj/timer_pca10040/nrfx_timer.o
                0x0000000000001ce4                nrfx_timer_increment
 .text.nrfx_timer_capture
                0x0000000000001d40       0x7c Output/Debug/Obj/timer_pca10040/nrfx_timer.o
                0x0000000000001d40                nrfx_timer_capture
 .text.irq_handler
                0x0000000000001dbc       0x8e Output/Debug/Obj/timer_pca10040/nrfx_timer.o
 *fill*         0x0000000000001e4a        0x2 
 .text.TIMER0_IRQHandler
                0x0000000000001e4c       0x18 Output/Debug/Obj/timer_pca10040/nrfx_timer.o
                0x0000000000001e4c                TIMER0_IRQHandler
 .text.nrfx_coredep_delay_us
                0x0000000000001e64       0x30 Output/Debug/Obj/timer_pca10040/main.o
 .text.nrf_delay_ms
                0x0000000000001e94       0x2a Output/Debug/Obj/timer_pca10040/main.o
 .text.timer_led_event_handler
                0x0000000000001ebe       0x10 Output/Debug/Obj/timer_pca10040/main.o
                0x0000000000001ebe                timer_led_event_handler
 *fill*         0x0000000000001ece        0x2 
 .text.main     0x0000000000001ed0       0x88 Output/Debug/Obj/timer_pca10040/main.o
                0x0000000000001ed0                main
 .text.__NVIC_SystemReset
                0x0000000000001f58       0x28 Output/Debug/Obj/timer_pca10040/system_nrf52.o
 .text.nrf52_errata_12
                0x0000000000001f80       0x88 Output/Debug/Obj/timer_pca10040/system_nrf52.o
 .text.nrf52_errata_16
                0x0000000000002008       0x68 Output/Debug/Obj/timer_pca10040/system_nrf52.o
 .text.nrf52_errata_31
                0x0000000000002070       0x88 Output/Debug/Obj/timer_pca10040/system_nrf52.o
 .text.nrf52_errata_32
                0x00000000000020f8       0x68 Output/Debug/Obj/timer_pca10040/system_nrf52.o
 .text.nrf52_errata_36
                0x0000000000002160       0x88 Output/Debug/Obj/timer_pca10040/system_nrf52.o
 .text.nrf52_errata_37
                0x00000000000021e8       0x68 Output/Debug/Obj/timer_pca10040/system_nrf52.o
 .text.nrf52_errata_57
                0x0000000000002250       0x68 Output/Debug/Obj/timer_pca10040/system_nrf52.o
 .text.nrf52_errata_66
                0x00000000000022b8       0x88 Output/Debug/Obj/timer_pca10040/system_nrf52.o
 .text.nrf52_errata_108
                0x0000000000002340       0x88 Output/Debug/Obj/timer_pca10040/system_nrf52.o
 .text.nrf52_errata_136
                0x00000000000023c8       0x88 Output/Debug/Obj/timer_pca10040/system_nrf52.o
 .text.nrf52_errata_182
                0x0000000000002450       0x60 Output/Debug/Obj/timer_pca10040/system_nrf52.o
 .text.nrf52_errata_249
                0x00000000000024b0       0x60 Output/Debug/Obj/timer_pca10040/system_nrf52.o
 .text.nrf52_handle_approtect
                0x0000000000002510       0x20 Output/Debug/Obj/timer_pca10040/system_nrf52.o
 .text.nvmc_wait
                0x0000000000002530       0x18 Output/Debug/Obj/timer_pca10040/system_nrf52.o
                0x0000000000002530                nvmc_wait
 .text.nvmc_config
                0x0000000000002548       0x20 Output/Debug/Obj/timer_pca10040/system_nrf52.o
                0x0000000000002548                nvmc_config
 .text.SystemCoreClockUpdate
                0x0000000000002568       0x14 Output/Debug/Obj/timer_pca10040/system_nrf52.o
                0x0000000000002568                SystemCoreClockUpdate
 .text.SystemInit
                0x000000000000257c      0x2ac Output/Debug/Obj/timer_pca10040/system_nrf52.o
                0x000000000000257c                SystemInit
 .text.libc.__SEGGER_RTL_current_locale
                0x0000000000002828       0x1a C:/Program Files/SEGGER/SEGGER Embedded Studio for ARM 6.32a/lib/libc_v7em_fpv4_sp_d16_hard_t_le_eabi_balanced.a(mbops.o)
                0x0000000000002828                __SEGGER_RTL_current_locale
 .text.libc.__SEGGER_RTL_ascii_mbtowc
                0x0000000000002842       0x2e C:/Program Files/SEGGER/SEGGER Embedded Studio for ARM 6.32a/lib/libc_v7em_fpv4_sp_d16_hard_t_le_eabi_balanced.a(mbops.o)
                0x0000000000002842                __SEGGER_RTL_ascii_mbtowc
 .text.libc.__SEGGER_RTL_ascii_wctomb
                0x0000000000002870        0xe C:/Program Files/SEGGER/SEGGER Embedded Studio for ARM 6.32a/lib/libc_v7em_fpv4_sp_d16_hard_t_le_eabi_balanced.a(mbops.o)
                0x0000000000002870                __SEGGER_RTL_ascii_wctomb
 .text.libc.__SEGGER_RTL_ascii_isctype
                0x000000000000287e       0x20 C:/Program Files/SEGGER/SEGGER Embedded Studio for ARM 6.32a/lib/libc_v7em_fpv4_sp_d16_hard_t_le_eabi_balanced.a(mbops.o)
 .text.libc.__SEGGER_RTL_ascii_toupper
                0x000000000000289e        0xc C:/Program Files/SEGGER/SEGGER Embedded Studio for ARM 6.32a/lib/libc_v7em_fpv4_sp_d16_hard_t_le_eabi_balanced.a(mbops.o)
 .text.libc.__SEGGER_RTL_ascii_tolower
                0x00000000000028aa        0xc C:/Program Files/SEGGER/SEGGER Embedded Studio for ARM 6.32a/lib/libc_v7em_fpv4_sp_d16_hard_t_le_eabi_balanced.a(mbops.o)
 .text.libc.__SEGGER_RTL_ascii_iswctype
                0x00000000000028b6       0x20 C:/Program Files/SEGGER/SEGGER Embedded Studio for ARM 6.32a/lib/libc_v7em_fpv4_sp_d16_hard_t_le_eabi_balanced.a(mbops.o)
 .text.libc.__SEGGER_RTL_ascii_towupper
                0x00000000000028d6        0xc C:/Program Files/SEGGER/SEGGER Embedded Studio for ARM 6.32a/lib/libc_v7em_fpv4_sp_d16_hard_t_le_eabi_balanced.a(mbops.o)
 .text.libc.__SEGGER_RTL_ascii_towlower
                0x00000000000028e2        0xc C:/Program Files/SEGGER/SEGGER Embedded Studio for ARM 6.32a/lib/libc_v7em_fpv4_sp_d16_hard_t_le_eabi_balanced.a(mbops.o)
 *fill*         0x00000000000028ee        0x2 
 .text.libc.strlen
                0x00000000000028f0       0x60 C:/Program Files/SEGGER/SEGGER Embedded Studio for ARM 6.32a/lib/libc_v7em_fpv4_sp_d16_hard_t_le_eabi_balanced.a(strasmops_arm.o)
                0x00000000000028f0                strlen
 .text.libc.memcpy
                0x0000000000002950       0x64 C:/Program Files/SEGGER/SEGGER Embedded Studio for ARM 6.32a/lib/libc_v7em_fpv4_sp_d16_hard_t_le_eabi_balanced.a(strasmops_arm.o)
                0x0000000000002950                __aeabi_memcpy
                0x0000000000002950                memcpy
                0x0000000000002972                __aeabi_memcpy8
                0x0000000000002972                __aeabi_memcpy4
 .text.libc.__aeabi_memclr
                0x00000000000029b4       0x68 C:/Program Files/SEGGER/SEGGER Embedded Studio for ARM 6.32a/lib/libc_v7em_fpv4_sp_d16_hard_t_le_eabi_balanced.a(strasmops_arm.o)
                0x00000000000029b4                __aeabi_memclr8
                0x00000000000029b4                __aeabi_memclr
                0x00000000000029b4                __aeabi_memclr4
                0x00000000000029b6                __aeabi_memset4
                0x00000000000029b6                __aeabi_memset8
                0x00000000000029b6                __aeabi_memset
                0x00000000000029bc                memset
 .text.libc.strnlen
                0x0000000000002a1c       0x4c C:/Program Files/SEGGER/SEGGER Embedded Studio for ARM 6.32a/lib/libc_v7em_fpv4_sp_d16_hard_t_le_eabi_balanced.a(strops.o)
                0x0000000000002a1c                strnlen
 .text.libc.__SEGGER_RTL_putc
                0x0000000000002a68       0x90 C:/Program Files/SEGGER/SEGGER Embedded Studio for ARM 6.32a/lib/libc_v7em_fpv4_sp_d16_hard_t_le_eabi_balanced.a(prinops.o)
                0x0000000000002a68                __SEGGER_RTL_putc
 .text.libc.__SEGGER_RTL_prin_flush
                0x0000000000002af8       0x16 C:/Program Files/SEGGER/SEGGER Embedded Studio for ARM 6.32a/lib/libc_v7em_fpv4_sp_d16_hard_t_le_eabi_balanced.a(prinops.o)
                0x0000000000002af8                __SEGGER_RTL_prin_flush
 .text.libc.__SEGGER_RTL_print_padding
                0x0000000000002b0e       0x1e C:/Program Files/SEGGER/SEGGER Embedded Studio for ARM 6.32a/lib/libc_v7em_fpv4_sp_d16_hard_t_le_eabi_balanced.a(prinops.o)
                0x0000000000002b0e                __SEGGER_RTL_print_padding
 .text.libc.__SEGGER_RTL_pre_padding
                0x0000000000002b2c       0x12 C:/Program Files/SEGGER/SEGGER Embedded Studio for ARM 6.32a/lib/libc_v7em_fpv4_sp_d16_hard_t_le_eabi_balanced.a(prinops.o)
                0x0000000000002b2c                __SEGGER_RTL_pre_padding
 .text.libc.vfprintf
                0x0000000000002b3e       0x1c C:/Program Files/SEGGER/SEGGER Embedded Studio for ARM 6.32a/lib/libc_v7em_fpv4_sp_d16_hard_t_le_eabi_balanced.a(prinops.o)
                0x0000000000002b3e                vfprintf
 .text.libc.vfprintf_l
                0x0000000000002b5a       0x6c C:/Program Files/SEGGER/SEGGER Embedded Studio for ARM 6.32a/lib/libc_v7em_fpv4_sp_d16_hard_t_le_eabi_balanced.a(prinops.o)
                0x0000000000002b5a                vfprintf_l
 .text.libc.__SEGGER_RTL_stream_write
                0x0000000000002bc6        0xa C:/Program Files/SEGGER/SEGGER Embedded Studio for ARM 6.32a/lib/libc_v7em_fpv4_sp_d16_hard_t_le_eabi_balanced.a(prinops.o)
 .text.libc.printf
                0x0000000000002bd0       0x2c C:/Program Files/SEGGER/SEGGER Embedded Studio for ARM 6.32a/lib/libc_v7em_fpv4_sp_d16_hard_t_le_eabi_balanced.a(prinops.o)
                0x0000000000002bd0                printf
 .text.libc.__SEGGER_RTL_vfprintf_long
                0x0000000000002bfc      0x570 C:/Program Files/SEGGER/SEGGER Embedded Studio for ARM 6.32a/lib/libc_v7em_fpv4_sp_d16_hard_t_le_eabi_balanced.a(__SEGGER_RTL_vfprintf_long.o)
                0x0000000000002bfc                __SEGGER_RTL_vfprintf_long
 .text.libc.fwrite
                0x000000000000316c       0x2e C:/Program Files/SEGGER/SEGGER Embedded Studio for ARM 6.32a/lib/libc_v7em_fpv4_sp_d16_hard_t_le_eabi_balanced.a(fileops.o)
                0x000000000000316c                fwrite
 *fill*         0x000000000000319a        0x2 
 .text.libc.__aeabi_uldivmod
                0x000000000000319c      0x130 C:/Program Files/SEGGER/SEGGER Embedded Studio for ARM 6.32a/lib/libc_v7em_fpv4_sp_d16_hard_t_le_eabi_balanced.a(intasmops_arm.o)
                0x000000000000319c                __aeabi_uldivmod
 .text.__SEGGER_RTL_X_file_stat
                0x00000000000032cc       0x30 C:/Program Files/SEGGER/SEGGER Embedded Studio for ARM 6.32a/lib/prinops_rtt_v7em_little.a(prinops_rtt.o)
                0x00000000000032cc                __SEGGER_RTL_X_file_stat
 .text.__SEGGER_RTL_X_file_bufsize
                0x00000000000032fc        0x4 C:/Program Files/SEGGER/SEGGER Embedded Studio for ARM 6.32a/lib/prinops_rtt_v7em_little.a(prinops_rtt.o)
                0x00000000000032fc                __SEGGER_RTL_X_file_bufsize
 .text.__SEGGER_RTL_X_file_write
                0x0000000000003300        0x8 C:/Program Files/SEGGER/SEGGER Embedded Studio for ARM 6.32a/lib/prinops_rtt_v7em_little.a(prinops_rtt.o)
                0x0000000000003300                __SEGGER_RTL_X_file_write
 .text._DoInit  0x0000000000003308       0x68 C:/Program Files/SEGGER/SEGGER Embedded Studio for ARM 6.32a/lib/prinops_rtt_v7em_little.a(SEGGER_RTT.o)
 .text._WriteNoCheck
                0x0000000000003370       0x54 C:/Program Files/SEGGER/SEGGER Embedded Studio for ARM 6.32a/lib/prinops_rtt_v7em_little.a(SEGGER_RTT.o)
 .text._WriteBlocking
                0x00000000000033c4       0x64 C:/Program Files/SEGGER/SEGGER Embedded Studio for ARM 6.32a/lib/prinops_rtt_v7em_little.a(SEGGER_RTT.o)
 .text.SEGGER_RTT_WriteNoLock
                0x0000000000003428       0x88 C:/Program Files/SEGGER/SEGGER Embedded Studio for ARM 6.32a/lib/prinops_rtt_v7em_little.a(SEGGER_RTT.o)
                0x0000000000003428                SEGGER_RTT_WriteNoLock
 .text.SEGGER_RTT_Write
                0x00000000000034b0       0x34 C:/Program Files/SEGGER/SEGGER Embedded Studio for ARM 6.32a/lib/prinops_rtt_v7em_little.a(SEGGER_RTT.o)
                0x00000000000034b0                SEGGER_RTT_Write
 .text.__SEGGER_RTL_init_heap
                0x00000000000034e4       0x14 C:/Program Files/SEGGER/SEGGER Embedded Studio for ARM 6.32a/lib/heapops_basic_v7em_little.a(heapops_basic.o)
                0x00000000000034e4                __SEGGER_RTL_init_heap
                0x00000000000034f8                __text_end__ = (__text_start__ + SIZEOF (.text))
                0x000000000000312c                __text_size__ = SIZEOF (.text)
                0x00000000000034f8                __text_load_end__ = __text_end__

.vfp11_veneer   0x0000000100000000        0x0
 .vfp11_veneer  0x0000000100000000        0x0 linker stubs

.v4_bx          0x0000000100000000        0x0
 .v4_bx         0x0000000100000000        0x0 linker stubs

.iplt           0x0000000100000000        0x0
 .iplt          0x0000000100000000        0x0 Output/Debug/Obj/timer_pca10040/thumb_crt0.o
                0x0000000000000001                . = ASSERT (((__text_start__ == __text_end__) || ((__text_end__ - __FLASH1_segment_start__) <= __FLASH1_segment_size__)), error: .text is too large to fit in FLASH1 memory segment)
                0x00000000000034f8                __log_const_data_load_start__ = ALIGN (__text_end__, 0x4)

.log_const_data
                0x00000000000034f8       0x10
                0x00000000000034f8                __log_const_data_start__ = .
                0x00000000000034f8                __start_log_const_data = __log_const_data_start__
 *(SORT_BY_NAME(.log_const_data*))
 .log_const_data_TIMER
                0x00000000000034f8        0x8 Output/Debug/Obj/timer_pca10040/nrfx_timer.o
                0x00000000000034f8                m_nrf_log_TIMER_logs_data_const
 .log_const_data_app
                0x0000000000003500        0x8 Output/Debug/Obj/timer_pca10040/nrf_log_frontend.o
                0x0000000000003500                m_nrf_log_app_logs_data_const
                0x0000000000003508                __log_const_data_end__ = (__log_const_data_start__ + SIZEOF (.log_const_data))
                0x0000000000000010                __log_const_data_size__ = SIZEOF (.log_const_data)
                0x0000000000003508                __stop_log_const_data = __log_const_data_end__
                0x0000000000003508                __log_const_data_load_end__ = __log_const_data_end__
                0x0000000000000001                . = ASSERT (((__log_const_data_start__ == __log_const_data_end__) || ((__log_const_data_end__ - __FLASH1_segment_start__) <= __FLASH1_segment_size__)), error: .log_const_data is too large to fit in FLASH1 memory segment)
                0x0000000000003508                __log_backends_load_start__ = ALIGN (__log_const_data_end__, 0x4)

.log_backends   0x0000000000003508        0x0
                0x0000000000003508                __log_backends_start__ = .
                0x0000000000003508                __start_log_backends = __log_backends_start__
 *(SORT_BY_NAME(.log_backends*))
                0x0000000000003508                __log_backends_end__ = (__log_backends_start__ + SIZEOF (.log_backends))
                0x0000000000000000                __log_backends_size__ = SIZEOF (.log_backends)
                0x0000000000003508                __stop_log_backends = __log_backends_end__
                0x0000000000003508                __log_backends_load_end__ = __log_backends_end__
                0x0000000000000001                . = ASSERT (((__log_backends_start__ == __log_backends_end__) || ((__log_backends_end__ - __FLASH1_segment_start__) <= __FLASH1_segment_size__)), error: .log_backends is too large to fit in FLASH1 memory segment)
                0x0000000000003508                __nrf_balloc_load_start__ = ALIGN (__log_backends_end__, 0x4)

.nrf_balloc     0x0000000000003508       0x14
                0x0000000000003508                __nrf_balloc_start__ = .
                0x0000000000003508                __start_nrf_balloc = __nrf_balloc_start__
 *(.nrf_balloc*)
 .nrf_balloc    0x0000000000003508       0x14 Output/Debug/Obj/timer_pca10040/nrf_log_frontend.o
                0x0000000000003508                log_mempool
                0x000000000000351c                __nrf_balloc_end__ = (__nrf_balloc_start__ + SIZEOF (.nrf_balloc))
                0x0000000000000014                __nrf_balloc_size__ = SIZEOF (.nrf_balloc)
                0x000000000000351c                __stop_nrf_balloc = __nrf_balloc_end__
                0x000000000000351c                __nrf_balloc_load_end__ = __nrf_balloc_end__
                0x0000000000000001                . = ASSERT (((__nrf_balloc_start__ == __nrf_balloc_end__) || ((__nrf_balloc_end__ - __FLASH1_segment_start__) <= __FLASH1_segment_size__)), error: .nrf_balloc is too large to fit in FLASH1 memory segment)
                0x000000000000351c                __nrf_sections_load_start__ = ALIGN (__nrf_balloc_end__, 0x4)

.nrf_sections   0x000000000000351c        0x0
                0x000000000000351c                __nrf_sections_start__ = .
                0x000000000000351c                __start_nrf_sections = __nrf_sections_start__
 *(.nrf_sections .nrf_sections.*)
                0x000000000000351c                __nrf_sections_end__ = (__nrf_sections_start__ + SIZEOF (.nrf_sections))
                0x0000000000000000                __nrf_sections_size__ = SIZEOF (.nrf_sections)
                0x000000000000351c                __nrf_sections_load_end__ = __nrf_sections_end__
                0x0000000000000001                . = ASSERT (((__nrf_sections_start__ == __nrf_sections_end__) || ((__nrf_sections_end__ - __FLASH1_segment_start__) <= __FLASH1_segment_size__)), error: .nrf_sections is too large to fit in FLASH1 memory segment)
                0x000000000000351c                __log_dynamic_data_load_start__ = ALIGN (__nrf_sections_end__, 0x4)

.log_dynamic_data
                0x0000000020000000        0x0 load address 0x000000000000351c
                0x0000000020000000                __log_dynamic_data_start__ = .
 *(SORT_BY_NAME(.log_dynamic_data*))
                0x0000000020000000                __log_dynamic_data_end__ = (__log_dynamic_data_start__ + SIZEOF (.log_dynamic_data))
                0x0000000000000000                __log_dynamic_data_size__ = SIZEOF (.log_dynamic_data)
                0x000000000000351c                __log_dynamic_data_load_end__ = (__log_dynamic_data_load_start__ + SIZEOF (.log_dynamic_data))
                0x0000000000000001                . = ASSERT (((__log_dynamic_data_load_start__ == __log_dynamic_data_load_end__) || ((__log_dynamic_data_load_end__ - __FLASH1_segment_start__) <= __FLASH1_segment_size__)), error: .log_dynamic_data is too large to fit in FLASH1 memory segment)

.log_dynamic_data_run
                0x0000000020000000        0x0
                0x0000000020000000                __log_dynamic_data_run_start__ = .
                0x0000000020000000                __start_log_dynamic_data = __log_dynamic_data_run_start__
                0x0000000020000000                __log_dynamic_data_run_end__ = (__log_dynamic_data_run_start__ + SIZEOF (.log_dynamic_data))
                0x0000000000000000                __log_dynamic_data_run_size__ = (__log_dynamic_data_run_end__ - __log_dynamic_data_run_start__)
                0x0000000020000000                __stop_log_dynamic_data = __log_dynamic_data_run_end__
                0x0000000020000000                __log_dynamic_data_run_load_end__ = __log_dynamic_data_run_end__
                0x0000000000000001                . = ASSERT (((__log_dynamic_data_run_start__ == __log_dynamic_data_run_end__) || ((__log_dynamic_data_run_end__ - __RAM1_segment_start__) <= __RAM1_segment_size__)), error: .log_dynamic_data_run is too large to fit in RAM1 memory segment)
                0x000000000000351c                __log_filter_data_load_start__ = ALIGN ((__log_dynamic_data_load_start__ + SIZEOF (.log_dynamic_data)), 0x4)

.log_filter_data
                0x0000000020000000        0x0 load address 0x000000000000351c
                0x0000000020000000                __log_filter_data_start__ = .
 *(SORT_BY_NAME(.log_filter_data*))
                0x0000000020000000                __log_filter_data_end__ = (__log_filter_data_start__ + SIZEOF (.log_filter_data))
                0x0000000000000000                __log_filter_data_size__ = SIZEOF (.log_filter_data)
                0x000000000000351c                __log_filter_data_load_end__ = (__log_filter_data_load_start__ + SIZEOF (.log_filter_data))
                0x0000000000000001                . = ASSERT (((__log_filter_data_load_start__ == __log_filter_data_load_end__) || ((__log_filter_data_load_end__ - __FLASH1_segment_start__) <= __FLASH1_segment_size__)), error: .log_filter_data is too large to fit in FLASH1 memory segment)

.log_filter_data_run
                0x0000000020000000        0x0
                0x0000000020000000                __log_filter_data_run_start__ = .
                0x0000000020000000                __start_log_filter_data = __log_filter_data_run_start__
                0x0000000020000000                __log_filter_data_run_end__ = (__log_filter_data_run_start__ + SIZEOF (.log_filter_data))
                0x0000000000000000                __log_filter_data_run_size__ = (__log_filter_data_run_end__ - __log_filter_data_run_start__)
                0x0000000020000000                __stop_log_filter_data = __log_filter_data_run_end__
                0x0000000020000000                __log_filter_data_run_load_end__ = __log_filter_data_run_end__
                0x0000000000000001                . = ASSERT (((__log_filter_data_run_start__ == __log_filter_data_run_end__) || ((__log_filter_data_run_end__ - __RAM1_segment_start__) <= __RAM1_segment_size__)), error: .log_filter_data_run is too large to fit in RAM1 memory segment)
                0x0000000020000000                __nrf_sections_run_end_load_start__ = ALIGN (__log_filter_data_run_end__, 0x4)

.nrf_sections_run_end
                0x0000000020000000        0x0
                0x0000000020000000                __nrf_sections_run_end_start__ = .
                0x0000000020000000                __end_nrf_sections_run = __nrf_sections_run_end_start__
 *(.nrf_sections_run_end .nrf_sections_run_end.*)
                0x0000000020000000                __nrf_sections_run_end_end__ = (__nrf_sections_run_end_start__ + SIZEOF (.nrf_sections_run_end))
                0x0000000000000000                __nrf_sections_run_end_size__ = SIZEOF (.nrf_sections_run_end)
                0x0000000020000000                __nrf_sections_run_end_load_end__ = __nrf_sections_run_end_end__
                0x0000000000000001                . = ASSERT (((__nrf_sections_run_end_start__ == __nrf_sections_run_end_end__) || ((__nrf_sections_run_end_end__ - __RAM1_segment_start__) <= __RAM1_segment_size__)), error: .nrf_sections_run_end is too large to fit in RAM1 memory segment)
                0x000000000000351c                __dtors_load_start__ = ALIGN ((__log_filter_data_load_start__ + SIZEOF (.log_filter_data)), 0x4)

.dtors          0x000000000000351c        0x0
                0x000000000000351c                __dtors_start__ = .
 *(SORT_BY_NAME(.dtors.*))
 *(.dtors)
 *(.fini_array)
 *(SORT_BY_NAME(.fini_array.*))
                0x000000000000351c                __dtors_end__ = (__dtors_start__ + SIZEOF (.dtors))
                0x0000000000000000                __dtors_size__ = SIZEOF (.dtors)
                0x000000000000351c                __dtors_load_end__ = __dtors_end__
                0x0000000000000001                . = ASSERT (((__dtors_start__ == __dtors_end__) || ((__dtors_end__ - __FLASH1_segment_start__) <= __FLASH1_segment_size__)), error: .dtors is too large to fit in FLASH1 memory segment)
                0x000000000000351c                __ctors_load_start__ = ALIGN (__dtors_end__, 0x4)

.ctors          0x000000000000351c        0x0
                0x000000000000351c                __ctors_start__ = .
 *(SORT_BY_NAME(.ctors.*))
 *(.ctors)
 *(.init_array)
 *(SORT_BY_NAME(.init_array.*))
                0x000000000000351c                __ctors_end__ = (__ctors_start__ + SIZEOF (.ctors))
                0x0000000000000000                __ctors_size__ = SIZEOF (.ctors)
                0x000000000000351c                __ctors_load_end__ = __ctors_end__
                0x0000000000000001                . = ASSERT (((__ctors_start__ == __ctors_end__) || ((__ctors_end__ - __FLASH1_segment_start__) <= __FLASH1_segment_size__)), error: .ctors is too large to fit in FLASH1 memory segment)
                0x000000000000351c                __rodata_load_start__ = ALIGN (__ctors_end__, 0x4)

.rodata         0x000000000000351c      0xae1
                0x000000000000351c                __rodata_start__ = .
 *(.rodata .rodata.* .gnu.linkonce.r.*)
 .rodata        0x000000000000351c       0x75 Output/Debug/Obj/timer_pca10040/nrf_log_frontend.o
 *fill*         0x0000000000003591        0x3 
 .rodata        0x0000000000003594       0x79 Output/Debug/Obj/timer_pca10040/boards.o
 *fill*         0x000000000000360d        0x3 
 .rodata.m_board_led_list
                0x0000000000003610        0x4 Output/Debug/Obj/timer_pca10040/boards.o
 .rodata.m_board_btn_list
                0x0000000000003614        0x4 Output/Debug/Obj/timer_pca10040/boards.o
 .rodata        0x0000000000003618       0x70 Output/Debug/Obj/timer_pca10040/app_error_weak.o
 .rodata        0x0000000000003688       0x5c Output/Debug/Obj/timer_pca10040/app_util_platform.o
 .rodata        0x00000000000036e4       0x57 Output/Debug/Obj/timer_pca10040/nrf_balloc.o
 *fill*         0x000000000000373b        0x1 
 .rodata        0x000000000000373c       0x57 Output/Debug/Obj/timer_pca10040/nrf_memobj.o
 *fill*         0x0000000000003793        0x1 
 .rodata.m_unknown_str
                0x0000000000003794       0x13 Output/Debug/Obj/timer_pca10040/nrf_strerror.o
 *fill*         0x00000000000037a7        0x1 
 .rodata        0x00000000000037a8      0x3bd Output/Debug/Obj/timer_pca10040/nrf_strerror.o
 *fill*         0x0000000000003b65        0x3 
 .rodata.nrf_strerror_array
                0x0000000000003b68      0x118 Output/Debug/Obj/timer_pca10040/nrf_strerror.o
 .rodata        0x0000000000003c80       0x8c Output/Debug/Obj/timer_pca10040/nrfx_timer.o
 .rodata.TIMER_LED
                0x0000000000003d0c        0x8 Output/Debug/Obj/timer_pca10040/main.o
                0x0000000000003d0c                TIMER_LED
 .rodata        0x0000000000003d14       0x74 Output/Debug/Obj/timer_pca10040/main.o
 *fill*         0x0000000000003d88        0x8 
 .rodata.delay_machine_code.0
                0x0000000000003d90        0x6 Output/Debug/Obj/timer_pca10040/main.o
 *fill*         0x0000000000003d96        0x2 
 .rodata.libc.__SEGGER_RTL_c_locale
                0x0000000000003d98        0xc C:/Program Files/SEGGER/SEGGER Embedded Studio for ARM 6.32a/lib/libc_v7em_fpv4_sp_d16_hard_t_le_eabi_balanced.a(mbops.o)
                0x0000000000003d98                __SEGGER_RTL_c_locale
 .rodata.libc..L.str
                0x0000000000003da4        0x2 C:/Program Files/SEGGER/SEGGER Embedded Studio for ARM 6.32a/lib/libc_v7em_fpv4_sp_d16_hard_t_le_eabi_balanced.a(mbops.o)
 *fill*         0x0000000000003da6        0x2 
 .rodata.libc.__SEGGER_RTL_codeset_ascii
                0x0000000000003da8       0x20 C:/Program Files/SEGGER/SEGGER Embedded Studio for ARM 6.32a/lib/libc_v7em_fpv4_sp_d16_hard_t_le_eabi_balanced.a(mbops.o)
                0x0000000000003da8                __SEGGER_RTL_codeset_ascii
 .rodata.libc.__SEGGER_RTL_c_locale_abbrev_day_names
                0x0000000000003dc8       0x1d C:/Program Files/SEGGER/SEGGER Embedded Studio for ARM 6.32a/lib/libc_v7em_fpv4_sp_d16_hard_t_le_eabi_balanced.a(mbops.o)
                0x0000000000003dc8                __SEGGER_RTL_c_locale_abbrev_day_names
 .rodata.libc.__SEGGER_RTL_c_locale_abbrev_month_names
                0x0000000000003de5       0x31 C:/Program Files/SEGGER/SEGGER Embedded Studio for ARM 6.32a/lib/libc_v7em_fpv4_sp_d16_hard_t_le_eabi_balanced.a(mbops.o)
                0x0000000000003de5                __SEGGER_RTL_c_locale_abbrev_month_names
 .rodata.libc.__SEGGER_RTL_data_utf8_period
                0x0000000000003e16        0x2 C:/Program Files/SEGGER/SEGGER Embedded Studio for ARM 6.32a/lib/libc_v7em_fpv4_sp_d16_hard_t_le_eabi_balanced.a(mbops.o)
                0x0000000000003e16                __SEGGER_RTL_data_utf8_period
 .rodata.libc.__SEGGER_RTL_data_empty_string
                0x0000000000003e18        0x1 C:/Program Files/SEGGER/SEGGER Embedded Studio for ARM 6.32a/lib/libc_v7em_fpv4_sp_d16_hard_t_le_eabi_balanced.a(mbops.o)
                0x0000000000003e18                __SEGGER_RTL_data_empty_string
 .rodata.libc.__SEGGER_RTL_c_locale_day_names
                0x0000000000003e19       0x3a C:/Program Files/SEGGER/SEGGER Embedded Studio for ARM 6.32a/lib/libc_v7em_fpv4_sp_d16_hard_t_le_eabi_balanced.a(mbops.o)
 .rodata.libc.__SEGGER_RTL_c_locale_month_names
                0x0000000000003e53       0x57 C:/Program Files/SEGGER/SEGGER Embedded Studio for ARM 6.32a/lib/libc_v7em_fpv4_sp_d16_hard_t_le_eabi_balanced.a(mbops.o)
 .rodata.libc.__SEGGER_RTL_c_locale_am_pm_indicator
                0x0000000000003eaa        0x7 C:/Program Files/SEGGER/SEGGER Embedded Studio for ARM 6.32a/lib/libc_v7em_fpv4_sp_d16_hard_t_le_eabi_balanced.a(mbops.o)
 .rodata.libc.__SEGGER_RTL_c_locale_date_format
                0x0000000000003eb1        0x9 C:/Program Files/SEGGER/SEGGER Embedded Studio for ARM 6.32a/lib/libc_v7em_fpv4_sp_d16_hard_t_le_eabi_balanced.a(mbops.o)
 .rodata.libc.__SEGGER_RTL_c_locale_time_format
                0x0000000000003eba        0x9 C:/Program Files/SEGGER/SEGGER Embedded Studio for ARM 6.32a/lib/libc_v7em_fpv4_sp_d16_hard_t_le_eabi_balanced.a(mbops.o)
 .rodata.libc.__SEGGER_RTL_c_locale_date_time_format
                0x0000000000003ec3        0xf C:/Program Files/SEGGER/SEGGER Embedded Studio for ARM 6.32a/lib/libc_v7em_fpv4_sp_d16_hard_t_le_eabi_balanced.a(mbops.o)
 *fill*         0x0000000000003ed2        0x2 
 .rodata.libc.__SEGGER_RTL_c_locale_data
                0x0000000000003ed4       0x58 C:/Program Files/SEGGER/SEGGER Embedded Studio for ARM 6.32a/lib/libc_v7em_fpv4_sp_d16_hard_t_le_eabi_balanced.a(mbops.o)
                0x0000000000003ed4                __SEGGER_RTL_c_locale_data
 .rodata.libc.__SEGGER_RTL_ascii_ctype_map
                0x0000000000003f2c       0x80 C:/Program Files/SEGGER/SEGGER Embedded Studio for ARM 6.32a/lib/libc_v7em_fpv4_sp_d16_hard_t_le_eabi_balanced.a(mbops.o)
 .rodata.libc.__SEGGER_RTL_ascii_ctype_mask
                0x0000000000003fac        0xd C:/Program Files/SEGGER/SEGGER Embedded Studio for ARM 6.32a/lib/libc_v7em_fpv4_sp_d16_hard_t_le_eabi_balanced.a(mbops.o)
 .rodata.libc.__SEGGER_RTL_hex_uc
                0x0000000000003fb9       0x10 C:/Program Files/SEGGER/SEGGER Embedded Studio for ARM 6.32a/lib/libc_v7em_fpv4_sp_d16_hard_t_le_eabi_balanced.a(prinops.o)
                0x0000000000003fb9                __SEGGER_RTL_hex_uc
 .rodata.libc.__SEGGER_RTL_hex_lc
                0x0000000000003fc9       0x10 C:/Program Files/SEGGER/SEGGER Embedded Studio for ARM 6.32a/lib/libc_v7em_fpv4_sp_d16_hard_t_le_eabi_balanced.a(prinops.o)
                0x0000000000003fc9                __SEGGER_RTL_hex_lc
 .rodata.libc..L.str
                0x0000000000003fd9        0x7 C:/Program Files/SEGGER/SEGGER Embedded Studio for ARM 6.32a/lib/libc_v7em_fpv4_sp_d16_hard_t_le_eabi_balanced.a(__SEGGER_RTL_vfprintf_long.o)
 .rodata._DoInit.str1.4
                0x0000000000003fe0        0x9 C:/Program Files/SEGGER/SEGGER Embedded Studio for ARM 6.32a/lib/prinops_rtt_v7em_little.a(SEGGER_RTT.o)
 *fill*         0x0000000000003fe9        0x3 
 .rodata._aInitStr.0
                0x0000000000003fec       0x11 C:/Program Files/SEGGER/SEGGER Embedded Studio for ARM 6.32a/lib/prinops_rtt_v7em_little.a(SEGGER_RTT.o)
                0x0000000000003ffd                __rodata_end__ = (__rodata_start__ + SIZEOF (.rodata))
                0x0000000000000ae1                __rodata_size__ = SIZEOF (.rodata)
                0x0000000000003ffd                __rodata_load_end__ = __rodata_end__

.rel.dyn        0x0000000000004000        0x0
 .rel.iplt      0x0000000000004000        0x0 Output/Debug/Obj/timer_pca10040/thumb_crt0.o
                0x0000000000000001                . = ASSERT (((__rodata_start__ == __rodata_end__) || ((__rodata_end__ - __FLASH1_segment_start__) <= __FLASH1_segment_size__)), error: .rodata is too large to fit in FLASH1 memory segment)
                0x0000000000004000                __ARM.exidx_load_start__ = ALIGN (__rodata_end__, 0x4)

.ARM.exidx      0x0000000000004000        0x0
                0x0000000000004000                __ARM.exidx_start__ = .
                0x0000000000004000                __exidx_start = __ARM.exidx_start__
 *(.ARM.exidx .ARM.exidx.*)
                0x0000000000004000                __ARM.exidx_end__ = (__ARM.exidx_start__ + SIZEOF (.ARM.exidx))
                0x0000000000000000                __ARM.exidx_size__ = SIZEOF (.ARM.exidx)
                0x0000000000004000                __exidx_end = __ARM.exidx_end__
                0x0000000000004000                __ARM.exidx_load_end__ = __ARM.exidx_end__
                0x0000000000000001                . = ASSERT (((__ARM.exidx_start__ == __ARM.exidx_end__) || ((__ARM.exidx_end__ - __FLASH1_segment_start__) <= __FLASH1_segment_size__)), error: .ARM.exidx is too large to fit in FLASH1 memory segment)
                0x0000000000004000                __fast_load_start__ = ALIGN (__ARM.exidx_end__, 0x4)

.fast           0x0000000020000000        0x0 load address 0x0000000000004000
                0x0000000020000000                __fast_start__ = .
 *(.fast .fast.*)
                0x0000000020000000                __fast_end__ = (__fast_start__ + SIZEOF (.fast))
                0x0000000000000000                __fast_size__ = SIZEOF (.fast)
                0x0000000000004000                __fast_load_end__ = (__fast_load_start__ + SIZEOF (.fast))
                0x0000000000000001                . = ASSERT (((__fast_load_start__ == __fast_load_end__) || ((__fast_load_end__ - __FLASH1_segment_start__) <= __FLASH1_segment_size__)), error: .fast is too large to fit in FLASH1 memory segment)

.fast_run       0x0000000020000000        0x0
                0x0000000020000000                __fast_run_start__ = .
                0x0000000020000000                __fast_run_end__ = (__fast_run_start__ + SIZEOF (.fast))
                0x0000000000000000                __fast_run_size__ = (__fast_run_end__ - __fast_run_start__)
                0x0000000020000000                __fast_run_load_end__ = __fast_run_end__
                0x0000000000000001                . = ASSERT (((__fast_run_start__ == __fast_run_end__) || ((__fast_run_end__ - __RAM1_segment_start__) <= __RAM1_segment_size__)), error: .fast_run is too large to fit in RAM1 memory segment)
                0x0000000000004000                __data_load_start__ = ALIGN ((__fast_load_start__ + SIZEOF (.fast)), 0x4)

.data           0x0000000020000000       0x28 load address 0x0000000000004000
                0x0000000020000000                __data_start__ = .
 *(.data .data.* .gnu.linkonce.d.*)
 .data.m_buffer_mask
                0x0000000020000000        0x4 Output/Debug/Obj/timer_pca10040/nrf_log_frontend.o
 .data.SystemCoreClock
                0x0000000020000004        0x4 Output/Debug/Obj/timer_pca10040/system_nrf52.o
                0x0000000020000004                SystemCoreClock
 .data.libc.__SEGGER_RTL_global_locale
                0x0000000020000008       0x14 C:/Program Files/SEGGER/SEGGER Embedded Studio for ARM 6.32a/lib/libc_v7em_fpv4_sp_d16_hard_t_le_eabi_balanced.a(mbops.o)
                0x0000000020000008                __SEGGER_RTL_global_locale
                0x0000000020000008                __RAL_global_locale
 .data.stderr   0x000000002000001c        0x4 C:/Program Files/SEGGER/SEGGER Embedded Studio for ARM 6.32a/lib/prinops_rtt_v7em_little.a(prinops_rtt.o)
                0x000000002000001c                stderr
 .data.stdin    0x0000000020000020        0x4 C:/Program Files/SEGGER/SEGGER Embedded Studio for ARM 6.32a/lib/prinops_rtt_v7em_little.a(prinops_rtt.o)
                0x0000000020000020                stdin
 .data.stdout   0x0000000020000024        0x4 C:/Program Files/SEGGER/SEGGER Embedded Studio for ARM 6.32a/lib/prinops_rtt_v7em_little.a(prinops_rtt.o)
                0x0000000020000024                stdout
                0x0000000020000028                __data_end__ = (__data_start__ + SIZEOF (.data))
                0x0000000000000028                __data_size__ = SIZEOF (.data)
                0x0000000000004028                __data_load_end__ = (__data_load_start__ + SIZEOF (.data))

.igot.plt       0x0000000100000000        0x0
 .igot.plt      0x0000000100000000        0x0 Output/Debug/Obj/timer_pca10040/thumb_crt0.o
                0x0000000000000001                . = ASSERT (((__data_load_start__ == __data_load_end__) || ((__data_load_end__ - __FLASH1_segment_start__) <= __FLASH1_segment_size__)), error: .data is too large to fit in FLASH1 memory segment)

.data_run       0x0000000020000000        0x0
                0x0000000020000000                __data_run_start__ = .
                0x0000000020000028                __data_run_end__ = (__data_run_start__ + SIZEOF (.data))
                0x0000000000000028                __data_run_size__ = (__data_run_end__ - __data_run_start__)
                0x0000000020000028                __data_run_load_end__ = __data_run_end__
                0x0000000000000001                . = ASSERT (((__data_run_start__ == __data_run_end__) || ((__data_run_end__ - __RAM1_segment_start__) <= __RAM1_segment_size__)), error: .data_run is too large to fit in RAM1 memory segment)
                0x0000000000004028                __tdata_load_start__ = ALIGN ((__data_load_start__ + SIZEOF (.data)), 0x4)

.tdata          0x0000000020000028        0x0 load address 0x0000000000004028
                0x0000000020000028                __tdata_start__ = .
 *(.tdata .tdata.*)
                0x0000000020000028                __tdata_end__ = (__tdata_start__ + SIZEOF (.tdata))
                0x0000000000000000                __tdata_size__ = SIZEOF (.tdata)
                0x0000000000004028                __tdata_load_end__ = (__tdata_load_start__ + SIZEOF (.tdata))
                0x0000000000004028                __FLASH1_segment_used_end__ = (ALIGN ((__data_load_start__ + SIZEOF (.data)), 0x4) + SIZEOF (.tdata))
                0x0000000000004028                __FLASH1_segment_used_size__ = (__FLASH1_segment_used_end__ - __FLASH1_segment_start__)
                0x0000000000000001                . = ASSERT (((__tdata_load_start__ == __tdata_load_end__) || ((__tdata_load_end__ - __FLASH1_segment_start__) <= __FLASH1_segment_size__)), error: .tdata is too large to fit in FLASH1 memory segment)

.tdata_run      0x0000000020000028        0x0
                0x0000000020000028                __tdata_run_start__ = .
                0x0000000020000028                __tdata_run_end__ = (__tdata_run_start__ + SIZEOF (.tdata))
                0x0000000000000000                __tdata_run_size__ = (__tdata_run_end__ - __tdata_run_start__)
                0x0000000020000028                __tdata_run_load_end__ = __tdata_run_end__
                0x0000000000000001                . = ASSERT (((__tdata_run_start__ == __tdata_run_end__) || ((__tdata_run_end__ - __RAM1_segment_start__) <= __RAM1_segment_size__)), error: .tdata_run is too large to fit in RAM1 memory segment)
                0x0000000020000028                __bss_load_start__ = ALIGN (__tdata_run_end__, 0x4)

.bss            0x0000000020000028      0x9ec
                0x0000000020000028                __bss_start__ = .
 *(.bss .bss.* .gnu.linkonce.b.*)
 .bss.log_mempool_nrf_balloc_pool_stack
                0x0000000020000028        0x8 Output/Debug/Obj/timer_pca10040/nrf_log_frontend.o
 .bss.log_mempool_nrf_balloc_pool_mem
                0x0000000020000030       0xc0 Output/Debug/Obj/timer_pca10040/nrf_log_frontend.o
 .bss.log_mempool_nrf_balloc_cb
                0x00000000200000f0        0x8 Output/Debug/Obj/timer_pca10040/nrf_log_frontend.o
 .bss.m_log_data
                0x00000000200000f8      0x420 Output/Debug/Obj/timer_pca10040/nrf_log_frontend.o
 .bss.m_error_data.0
                0x0000000020000518       0x20 Output/Debug/Obj/timer_pca10040/app_error.o
 .bss.m_in_critical_region
                0x0000000020000538        0x4 Output/Debug/Obj/timer_pca10040/app_util_platform.o
 .bss.m_cb      0x000000002000053c        0xc Output/Debug/Obj/timer_pca10040/nrfx_timer.o
 .bss.libc.__SEGGER_RTL_locale_ptr
                0x0000000020000548        0x4 C:/Program Files/SEGGER/SEGGER Embedded Studio for ARM 6.32a/lib/libc_v7em_fpv4_sp_d16_hard_t_le_eabi_balanced.a(mbops.o)
                0x0000000020000548                __SEGGER_RTL_locale_ptr
 .bss.__SEGGER_RTL_stderr_file
                0x000000002000054c        0x4 C:/Program Files/SEGGER/SEGGER Embedded Studio for ARM 6.32a/lib/prinops_rtt_v7em_little.a(prinops_rtt.o)
 .bss.__SEGGER_RTL_stdin_file
                0x0000000020000550        0x4 C:/Program Files/SEGGER/SEGGER Embedded Studio for ARM 6.32a/lib/prinops_rtt_v7em_little.a(prinops_rtt.o)
 .bss.__SEGGER_RTL_stdout_file
                0x0000000020000554        0x4 C:/Program Files/SEGGER/SEGGER Embedded Studio for ARM 6.32a/lib/prinops_rtt_v7em_little.a(prinops_rtt.o)
 .bss._SEGGER_RTT
                0x0000000020000558       0xa8 C:/Program Files/SEGGER/SEGGER Embedded Studio for ARM 6.32a/lib/prinops_rtt_v7em_little.a(SEGGER_RTT.o)
                0x0000000020000558                _SEGGER_RTT
 .bss._acDownBuffer
                0x0000000020000600       0x10 C:/Program Files/SEGGER/SEGGER Embedded Studio for ARM 6.32a/lib/prinops_rtt_v7em_little.a(SEGGER_RTT.o)
 .bss._acUpBuffer
                0x0000000020000610      0x400 C:/Program Files/SEGGER/SEGGER Embedded Studio for ARM 6.32a/lib/prinops_rtt_v7em_little.a(SEGGER_RTT.o)
 .bss.__SEGGER_RTL_heap_globals
                0x0000000020000a10        0x4 C:/Program Files/SEGGER/SEGGER Embedded Studio for ARM 6.32a/lib/heapops_basic_v7em_little.a(heapops_basic.o)
 *(COMMON)
                0x0000000020000a14                __bss_end__ = (__bss_start__ + SIZEOF (.bss))
                0x00000000000009ec                __bss_size__ = SIZEOF (.bss)
                0x0000000020000a14                __bss_load_end__ = __bss_end__
                0x0000000000000001                . = ASSERT (((__bss_start__ == __bss_end__) || ((__bss_end__ - __RAM1_segment_start__) <= __RAM1_segment_size__)), error: .bss is too large to fit in RAM1 memory segment)
                0x0000000020000a14                __tbss_load_start__ = ALIGN (__bss_end__, 0x4)

.tbss           0x0000000020000a14        0x0
                0x0000000020000a14                __tbss_start__ = .
 *(.tbss .tbss.*)
                0x0000000020000a14                __tbss_end__ = (__tbss_start__ + SIZEOF (.tbss))
                0x0000000000000000                __tbss_size__ = SIZEOF (.tbss)
                0x0000000020000a14                __tbss_load_end__ = __tbss_end__
                0x0000000000000001                . = ASSERT (((__tbss_start__ == __tbss_end__) || ((__tbss_end__ - __RAM1_segment_start__) <= __RAM1_segment_size__)), error: .tbss is too large to fit in RAM1 memory segment)
                0x0000000020000a14                __non_init_load_start__ = ALIGN (__tbss_end__, 0x4)

.non_init       0x0000000020000a14        0x0
                0x0000000020000a14                __non_init_start__ = .
 *(.non_init .non_init.*)
                0x0000000020000a14                __non_init_end__ = (__non_init_start__ + SIZEOF (.non_init))
                0x0000000000000000                __non_init_size__ = SIZEOF (.non_init)
                0x0000000020000a14                __non_init_load_end__ = __non_init_end__
                0x0000000000000001                . = ASSERT (((__non_init_start__ == __non_init_end__) || ((__non_init_end__ - __RAM1_segment_start__) <= __RAM1_segment_size__)), error: .non_init is too large to fit in RAM1 memory segment)
                0x0000000020000a14                __heap_load_start__ = ALIGN (__non_init_end__, 0x4)

.heap           0x0000000020000a14     0x2000
                0x0000000020000a14                __heap_start__ = .
 *(.heap .heap.*)
                0x0000000020002a14                . = ALIGN (MAX ((__heap_start__ + __HEAPSIZE__), .), 0x4)
 *fill*         0x0000000020000a14     0x2000 
                0x0000000020002a14                __heap_end__ = (__heap_start__ + SIZEOF (.heap))
                0x0000000000002000                __heap_size__ = SIZEOF (.heap)
                0x0000000020002a14                __heap_load_end__ = __heap_end__
                0x0000000000000001                . = ASSERT (((__heap_start__ == __heap_end__) || ((__heap_end__ - __RAM1_segment_start__) <= __RAM1_segment_size__)), error: .heap is too large to fit in RAM1 memory segment)
                0x0000000000000001                . = ASSERT ((__heap_size__ <= __HEAPSIZE__), error: .heap is larger than specified size)
                0x000000002000e000                __stack_load_start__ = (__RAM1_segment_start__ + (__RAM1_segment_size__ - 0x2000))

.stack          0x000000002000e000     0x2000
                0x000000002000e000                __stack_start__ = .
                0x000000002000e000                __StackLimit = __stack_start__
 *(.stack .stack.*)
                0x0000000020010000                . = ALIGN (MAX ((__stack_start__ + __STACKSIZE__), .), 0x8)
 *fill*         0x000000002000e000     0x2000 
                0x0000000020010000                __stack_end__ = (__stack_start__ + SIZEOF (.stack))
                0x0000000000002000                __stack_size__ = SIZEOF (.stack)
                0x0000000020010000                __StackTop = __stack_end__
                0x0000000020010000                __stack_load_end__ = __stack_end__
                0x0000000000000001                . = ASSERT (((__stack_start__ == __stack_end__) || ((__stack_end__ - __RAM1_segment_start__) <= __RAM1_segment_size__)), error: .stack is too large to fit in RAM1 memory segment)
                0x0000000000000001                . = ASSERT ((__heap_end__ <= __stack_start__), error: section .heap overlaps absolute placed section .stack)
                0x0000000000000001                . = ASSERT ((__stack_size__ <= __STACKSIZE__), error: .stack is larger than specified size)
                0x0000000020010000                __stack_process_load_start__ = ALIGN (__stack_end__, 0x8)

.stack_process  0x0000000020010000        0x0
                0x0000000020010000                __stack_process_start__ = .
 *(.stack_process .stack_process.*)
                0x0000000020010000                . = ALIGN (MAX ((__stack_process_start__ + __STACKSIZE_PROCESS__), .), 0x8)
                0x0000000020010000                __stack_process_end__ = (__stack_process_start__ + SIZEOF (.stack_process))
                0x0000000000000000                __stack_process_size__ = SIZEOF (.stack_process)
                0x0000000020010000                __stack_process_load_end__ = __stack_process_end__
                0x0000000020010000                __RAM1_segment_used_end__ = (ALIGN (__stack_end__, 0x8) + SIZEOF (.stack_process))
                0x0000000000010000                __RAM1_segment_used_size__ = (__RAM1_segment_used_end__ - __RAM1_segment_start__)
                0x0000000000000001                . = ASSERT (((__stack_process_start__ == __stack_process_end__) || ((__stack_process_end__ - __RAM1_segment_start__) <= __RAM1_segment_size__)), error: .stack_process is too large to fit in RAM1 memory segment)
                0x0000000000000001                . = ASSERT ((__stack_process_size__ <= __STACKSIZE_PROCESS__), error: .stack_process is larger than specified size)
START GROUP
LOAD Output/Debug/Obj/timer_pca10040/thumb_crt0.o
LOAD Output/Debug/Obj/timer_pca10040/nrf_log_frontend.o
LOAD Output/Debug/Obj/timer_pca10040/nrf_log_str_formatter.o
LOAD Output/Debug/Obj/timer_pca10040/boards.o
LOAD Output/Debug/Obj/timer_pca10040/app_error.o
LOAD Output/Debug/Obj/timer_pca10040/app_error_handler_gcc.o
LOAD Output/Debug/Obj/timer_pca10040/app_error_weak.o
LOAD Output/Debug/Obj/timer_pca10040/app_util_platform.o
LOAD Output/Debug/Obj/timer_pca10040/nrf_assert.o
LOAD Output/Debug/Obj/timer_pca10040/nrf_atomic.o
LOAD Output/Debug/Obj/timer_pca10040/nrf_balloc.o
LOAD Output/Debug/Obj/timer_pca10040/nrf_fprintf.o
LOAD Output/Debug/Obj/timer_pca10040/nrf_fprintf_format.o
LOAD Output/Debug/Obj/timer_pca10040/nrf_memobj.o
LOAD Output/Debug/Obj/timer_pca10040/nrf_ringbuf.o
LOAD Output/Debug/Obj/timer_pca10040/nrf_strerror.o
LOAD Output/Debug/Obj/timer_pca10040/nrfx_atomic.o
LOAD Output/Debug/Obj/timer_pca10040/nrfx_timer.o
LOAD Output/Debug/Obj/timer_pca10040/main.o
LOAD Output/Debug/Obj/timer_pca10040/ses_startup_nrf52.o
LOAD Output/Debug/Obj/timer_pca10040/ses_startup_nrf_common.o
LOAD Output/Debug/Obj/timer_pca10040/system_nrf52.o
LOAD C:/Users/DELL/AppData/Local/SEGGER/SEGGER Embedded Studio/v3/packages/libraries/libcxx/lib/libcxx_noexcept_v7em_fpv4_sp_d16_hard_t_le_eabi_balanced.a
LOAD C:/Program Files/SEGGER/SEGGER Embedded Studio for ARM 6.32a/lib/libc_v7em_fpv4_sp_d16_hard_t_le_eabi_balanced.a
LOAD C:/Program Files/SEGGER/SEGGER Embedded Studio for ARM 6.32a/lib/prinops_rtt_v7em_little.a
LOAD C:/Program Files/SEGGER/SEGGER Embedded Studio for ARM 6.32a/lib/heapops_basic_v7em_little.a
LOAD C:/Program Files/SEGGER/SEGGER Embedded Studio for ARM 6.32a/lib/heapops_disable_interrupts_locking_v7em_little.a
END GROUP
OUTPUT(C:/Users/DELL/Desktop/nRF5_SDK_17.1.0_ddde560/examples/Myproject/timer_counter/pca10040/blank/ses/Output/Debug/Exe/timer_pca10040.elf elf32-littlearm)
LOAD linker stubs

.ARM.attributes
                0x0000000000000000       0x36
 .ARM.attributes
                0x0000000000000000       0x20 Output/Debug/Obj/timer_pca10040/thumb_crt0.o
 .ARM.attributes
                0x0000000000000020       0x36 Output/Debug/Obj/timer_pca10040/nrf_log_frontend.o
 .ARM.attributes
                0x0000000000000056       0x36 Output/Debug/Obj/timer_pca10040/boards.o
 .ARM.attributes
                0x000000000000008c       0x36 Output/Debug/Obj/timer_pca10040/app_error.o
 .ARM.attributes
                0x00000000000000c2       0x36 Output/Debug/Obj/timer_pca10040/app_error_handler_gcc.o
 .ARM.attributes
                0x00000000000000f8       0x36 Output/Debug/Obj/timer_pca10040/app_error_weak.o
 .ARM.attributes
                0x000000000000012e       0x36 Output/Debug/Obj/timer_pca10040/app_util_platform.o
 .ARM.attributes
                0x0000000000000164       0x36 Output/Debug/Obj/timer_pca10040/nrf_assert.o
 .ARM.attributes
                0x000000000000019a       0x36 Output/Debug/Obj/timer_pca10040/nrf_atomic.o
 .ARM.attributes
                0x00000000000001d0       0x36 Output/Debug/Obj/timer_pca10040/nrf_balloc.o
 .ARM.attributes
                0x0000000000000206       0x36 Output/Debug/Obj/timer_pca10040/nrf_memobj.o
 .ARM.attributes
                0x000000000000023c       0x36 Output/Debug/Obj/timer_pca10040/nrf_strerror.o
 .ARM.attributes
                0x0000000000000272       0x36 Output/Debug/Obj/timer_pca10040/nrfx_timer.o
 .ARM.attributes
                0x00000000000002a8       0x36 Output/Debug/Obj/timer_pca10040/main.o
 .ARM.attributes
                0x00000000000002de       0x20 Output/Debug/Obj/timer_pca10040/ses_startup_nrf52.o
 .ARM.attributes
                0x00000000000002fe       0x20 Output/Debug/Obj/timer_pca10040/ses_startup_nrf_common.o
 .ARM.attributes
                0x000000000000031e       0x36 Output/Debug/Obj/timer_pca10040/system_nrf52.o
 .ARM.attributes
                0x0000000000000354       0x3e C:/Program Files/SEGGER/SEGGER Embedded Studio for ARM 6.32a/lib/libc_v7em_fpv4_sp_d16_hard_t_le_eabi_balanced.a(mbops.o)
 .ARM.attributes
                0x0000000000000392       0x20 C:/Program Files/SEGGER/SEGGER Embedded Studio for ARM 6.32a/lib/libc_v7em_fpv4_sp_d16_hard_t_le_eabi_balanced.a(strasmops_arm.o)
 .ARM.attributes
                0x00000000000003b2       0x3e C:/Program Files/SEGGER/SEGGER Embedded Studio for ARM 6.32a/lib/libc_v7em_fpv4_sp_d16_hard_t_le_eabi_balanced.a(strops.o)
 .ARM.attributes
                0x00000000000003f0       0x3e C:/Program Files/SEGGER/SEGGER Embedded Studio for ARM 6.32a/lib/libc_v7em_fpv4_sp_d16_hard_t_le_eabi_balanced.a(prinops.o)
 .ARM.attributes
                0x000000000000042e       0x3e C:/Program Files/SEGGER/SEGGER Embedded Studio for ARM 6.32a/lib/libc_v7em_fpv4_sp_d16_hard_t_le_eabi_balanced.a(__SEGGER_RTL_vfprintf_long.o)
 .ARM.attributes
                0x000000000000046c       0x3e C:/Program Files/SEGGER/SEGGER Embedded Studio for ARM 6.32a/lib/libc_v7em_fpv4_sp_d16_hard_t_le_eabi_balanced.a(fileops.o)
 .ARM.attributes
                0x00000000000004aa       0x20 C:/Program Files/SEGGER/SEGGER Embedded Studio for ARM 6.32a/lib/libc_v7em_fpv4_sp_d16_hard_t_le_eabi_balanced.a(intasmops_arm.o)

.comment        0x0000000000000000       0x6c
 .comment       0x0000000000000000       0x35 Output/Debug/Obj/timer_pca10040/nrf_log_frontend.o
                                         0x36 (size before relaxing)
 .comment       0x0000000000000035       0x36 Output/Debug/Obj/timer_pca10040/boards.o
 .comment       0x0000000000000035       0x36 Output/Debug/Obj/timer_pca10040/app_error.o
 .comment       0x0000000000000035       0x36 Output/Debug/Obj/timer_pca10040/app_error_handler_gcc.o
 .comment       0x0000000000000035       0x36 Output/Debug/Obj/timer_pca10040/app_error_weak.o
 .comment       0x0000000000000035       0x36 Output/Debug/Obj/timer_pca10040/app_util_platform.o
 .comment       0x0000000000000035       0x36 Output/Debug/Obj/timer_pca10040/nrf_assert.o
 .comment       0x0000000000000035       0x36 Output/Debug/Obj/timer_pca10040/nrf_atomic.o
 .comment       0x0000000000000035       0x36 Output/Debug/Obj/timer_pca10040/nrf_balloc.o
 .comment       0x0000000000000035       0x36 Output/Debug/Obj/timer_pca10040/nrf_memobj.o
 .comment       0x0000000000000035       0x36 Output/Debug/Obj/timer_pca10040/nrf_strerror.o
 .comment       0x0000000000000035       0x36 Output/Debug/Obj/timer_pca10040/nrfx_timer.o
 .comment       0x0000000000000035       0x36 Output/Debug/Obj/timer_pca10040/main.o
 .comment       0x0000000000000035       0x36 Output/Debug/Obj/timer_pca10040/system_nrf52.o
 .comment       0x0000000000000035       0x37 C:/Program Files/SEGGER/SEGGER Embedded Studio for ARM 6.32a/lib/libc_v7em_fpv4_sp_d16_hard_t_le_eabi_balanced.a(mbops.o)
                                         0x38 (size before relaxing)
 .comment       0x000000000000006c       0x38 C:/Program Files/SEGGER/SEGGER Embedded Studio for ARM 6.32a/lib/libc_v7em_fpv4_sp_d16_hard_t_le_eabi_balanced.a(strops.o)
 .comment       0x000000000000006c       0x38 C:/Program Files/SEGGER/SEGGER Embedded Studio for ARM 6.32a/lib/libc_v7em_fpv4_sp_d16_hard_t_le_eabi_balanced.a(prinops.o)
 .comment       0x000000000000006c       0x38 C:/Program Files/SEGGER/SEGGER Embedded Studio for ARM 6.32a/lib/libc_v7em_fpv4_sp_d16_hard_t_le_eabi_balanced.a(__SEGGER_RTL_vfprintf_long.o)
 .comment       0x000000000000006c       0x38 C:/Program Files/SEGGER/SEGGER Embedded Studio for ARM 6.32a/lib/libc_v7em_fpv4_sp_d16_hard_t_le_eabi_balanced.a(fileops.o)
 .comment       0x000000000000006c       0x36 C:/Program Files/SEGGER/SEGGER Embedded Studio for ARM 6.32a/lib/prinops_rtt_v7em_little.a(prinops_rtt.o)
 .comment       0x000000000000006c       0x36 C:/Program Files/SEGGER/SEGGER Embedded Studio for ARM 6.32a/lib/prinops_rtt_v7em_little.a(SEGGER_RTT.o)
 .comment       0x000000000000006c       0x36 C:/Program Files/SEGGER/SEGGER Embedded Studio for ARM 6.32a/lib/heapops_basic_v7em_little.a(heapops_basic.o)

.note.GNU-stack
                0x0000000000000000        0x0
 .note.GNU-stack
                0x0000000000000000        0x0 C:/Program Files/SEGGER/SEGGER Embedded Studio for ARM 6.32a/lib/libc_v7em_fpv4_sp_d16_hard_t_le_eabi_balanced.a(mbops.o)
 .note.GNU-stack
                0x0000000000000000        0x0 C:/Program Files/SEGGER/SEGGER Embedded Studio for ARM 6.32a/lib/libc_v7em_fpv4_sp_d16_hard_t_le_eabi_balanced.a(strops.o)
 .note.GNU-stack
                0x0000000000000000        0x0 C:/Program Files/SEGGER/SEGGER Embedded Studio for ARM 6.32a/lib/libc_v7em_fpv4_sp_d16_hard_t_le_eabi_balanced.a(prinops.o)
 .note.GNU-stack
                0x0000000000000000        0x0 C:/Program Files/SEGGER/SEGGER Embedded Studio for ARM 6.32a/lib/libc_v7em_fpv4_sp_d16_hard_t_le_eabi_balanced.a(__SEGGER_RTL_vfprintf_long.o)
 .note.GNU-stack
                0x0000000000000000        0x0 C:/Program Files/SEGGER/SEGGER Embedded Studio for ARM 6.32a/lib/libc_v7em_fpv4_sp_d16_hard_t_le_eabi_balanced.a(fileops.o)

.debug_line     0x0000000000000000     0xa960
 .debug_line    0x0000000000000000      0x17e Output/Debug/Obj/timer_pca10040/thumb_crt0.o
 .debug_line    0x000000000000017e     0x1155 Output/Debug/Obj/timer_pca10040/nrf_log_frontend.o
 .debug_line    0x00000000000012d3      0xa92 Output/Debug/Obj/timer_pca10040/boards.o
 .debug_line    0x0000000000001d65      0x42c Output/Debug/Obj/timer_pca10040/app_error.o
 .debug_line    0x0000000000002191      0x43e Output/Debug/Obj/timer_pca10040/app_error_handler_gcc.o
 .debug_line    0x00000000000025cf      0x71d Output/Debug/Obj/timer_pca10040/app_error_weak.o
 .debug_line    0x0000000000002cec      0x504 Output/Debug/Obj/timer_pca10040/app_util_platform.o
 .debug_line    0x00000000000031f0      0x3b0 Output/Debug/Obj/timer_pca10040/nrf_assert.o
 .debug_line    0x00000000000035a0      0x67d Output/Debug/Obj/timer_pca10040/nrf_atomic.o
 .debug_line    0x0000000000003c1d      0x745 Output/Debug/Obj/timer_pca10040/nrf_balloc.o
 .debug_line    0x0000000000004362      0x7ce Output/Debug/Obj/timer_pca10040/nrf_memobj.o
 .debug_line    0x0000000000004b30      0x494 Output/Debug/Obj/timer_pca10040/nrf_strerror.o
 .debug_line    0x0000000000004fc4      0xeed Output/Debug/Obj/timer_pca10040/nrfx_timer.o
 .debug_line    0x0000000000005eb1      0x7bb Output/Debug/Obj/timer_pca10040/main.o
 .debug_line    0x000000000000666c       0x91 Output/Debug/Obj/timer_pca10040/ses_startup_nrf52.o
 .debug_line    0x00000000000066fd       0xb3 Output/Debug/Obj/timer_pca10040/ses_startup_nrf_common.o
 .debug_line    0x00000000000067b0     0x41b0 Output/Debug/Obj/timer_pca10040/system_nrf52.o

.debug_info     0x0000000000000000     0xa6c3
 .debug_info    0x0000000000000000       0x22 Output/Debug/Obj/timer_pca10040/thumb_crt0.o
 .debug_info    0x0000000000000022     0x1a52 Output/Debug/Obj/timer_pca10040/nrf_log_frontend.o
 .debug_info    0x0000000000001a74      0x925 Output/Debug/Obj/timer_pca10040/boards.o
 .debug_info    0x0000000000002399      0x280 Output/Debug/Obj/timer_pca10040/app_error.o
 .debug_info    0x0000000000002619       0xf8 Output/Debug/Obj/timer_pca10040/app_error_handler_gcc.o
 .debug_info    0x0000000000002711      0x3a1 Output/Debug/Obj/timer_pca10040/app_error_weak.o
 .debug_info    0x0000000000002ab2      0x744 Output/Debug/Obj/timer_pca10040/app_util_platform.o
 .debug_info    0x00000000000031f6      0x12b Output/Debug/Obj/timer_pca10040/nrf_assert.o
 .debug_info    0x0000000000003321      0x86a Output/Debug/Obj/timer_pca10040/nrf_atomic.o
 .debug_info    0x0000000000003b8b      0x311 Output/Debug/Obj/timer_pca10040/nrf_balloc.o
 .debug_info    0x0000000000003e9c      0x759 Output/Debug/Obj/timer_pca10040/nrf_memobj.o
 .debug_info    0x00000000000045f5      0x1ba Output/Debug/Obj/timer_pca10040/nrf_strerror.o
 .debug_info    0x00000000000047af     0x147d Output/Debug/Obj/timer_pca10040/nrfx_timer.o
 .debug_info    0x0000000000005c2c      0x722 Output/Debug/Obj/timer_pca10040/main.o
 .debug_info    0x000000000000634e       0x23 Output/Debug/Obj/timer_pca10040/ses_startup_nrf52.o
 .debug_info    0x0000000000006371       0x23 Output/Debug/Obj/timer_pca10040/ses_startup_nrf_common.o
 .debug_info    0x0000000000006394     0x432f Output/Debug/Obj/timer_pca10040/system_nrf52.o

.debug_abbrev   0x0000000000000000     0x1b5f
 .debug_abbrev  0x0000000000000000       0x12 Output/Debug/Obj/timer_pca10040/thumb_crt0.o
 .debug_abbrev  0x0000000000000012      0x4c8 Output/Debug/Obj/timer_pca10040/nrf_log_frontend.o
 .debug_abbrev  0x00000000000004da      0x269 Output/Debug/Obj/timer_pca10040/boards.o
 .debug_abbrev  0x0000000000000743      0x130 Output/Debug/Obj/timer_pca10040/app_error.o
 .debug_abbrev  0x0000000000000873       0x96 Output/Debug/Obj/timer_pca10040/app_error_handler_gcc.o
 .debug_abbrev  0x0000000000000909      0x1d3 Output/Debug/Obj/timer_pca10040/app_error_weak.o
 .debug_abbrev  0x0000000000000adc      0x275 Output/Debug/Obj/timer_pca10040/app_util_platform.o
 .debug_abbrev  0x0000000000000d51       0xc7 Output/Debug/Obj/timer_pca10040/nrf_assert.o
 .debug_abbrev  0x0000000000000e18      0x121 Output/Debug/Obj/timer_pca10040/nrf_atomic.o
 .debug_abbrev  0x0000000000000f39      0x19f Output/Debug/Obj/timer_pca10040/nrf_balloc.o
 .debug_abbrev  0x00000000000010d8      0x1df Output/Debug/Obj/timer_pca10040/nrf_memobj.o
 .debug_abbrev  0x00000000000012b7       0xe6 Output/Debug/Obj/timer_pca10040/nrf_strerror.o
 .debug_abbrev  0x000000000000139d      0x302 Output/Debug/Obj/timer_pca10040/nrfx_timer.o
 .debug_abbrev  0x000000000000169f      0x219 Output/Debug/Obj/timer_pca10040/main.o
 .debug_abbrev  0x00000000000018b8       0x14 Output/Debug/Obj/timer_pca10040/ses_startup_nrf52.o
 .debug_abbrev  0x00000000000018cc       0x14 Output/Debug/Obj/timer_pca10040/ses_startup_nrf_common.o
 .debug_abbrev  0x00000000000018e0      0x27f Output/Debug/Obj/timer_pca10040/system_nrf52.o

.debug_aranges  0x0000000000000000     0x12e8
 .debug_aranges
                0x0000000000000000       0x50 Output/Debug/Obj/timer_pca10040/thumb_crt0.o
 .debug_aranges
                0x0000000000000050      0x148 Output/Debug/Obj/timer_pca10040/nrf_log_frontend.o
 .debug_aranges
                0x0000000000000198      0x100 Output/Debug/Obj/timer_pca10040/boards.o
 .debug_aranges
                0x0000000000000298       0x28 Output/Debug/Obj/timer_pca10040/app_error.o
 .debug_aranges
                0x00000000000002c0       0x20 Output/Debug/Obj/timer_pca10040/app_error_handler_gcc.o
 .debug_aranges
                0x00000000000002e0       0x20 Output/Debug/Obj/timer_pca10040/app_error_weak.o
 .debug_aranges
                0x0000000000000300       0x50 Output/Debug/Obj/timer_pca10040/app_util_platform.o
 .debug_aranges
                0x0000000000000350       0x20 Output/Debug/Obj/timer_pca10040/nrf_assert.o
 .debug_aranges
                0x0000000000000370       0xb8 Output/Debug/Obj/timer_pca10040/nrf_atomic.o
 .debug_aranges
                0x0000000000000428       0x40 Output/Debug/Obj/timer_pca10040/nrf_balloc.o
 .debug_aranges
                0x0000000000000468       0x58 Output/Debug/Obj/timer_pca10040/nrf_memobj.o
 .debug_aranges
                0x00000000000004c0       0x28 Output/Debug/Obj/timer_pca10040/nrf_strerror.o
 .debug_aranges
                0x00000000000004e8      0x158 Output/Debug/Obj/timer_pca10040/nrfx_timer.o
 .debug_aranges
                0x0000000000000640       0x38 Output/Debug/Obj/timer_pca10040/main.o
 .debug_aranges
                0x0000000000000678       0x20 Output/Debug/Obj/timer_pca10040/ses_startup_nrf52.o
 .debug_aranges
                0x0000000000000698       0x20 Output/Debug/Obj/timer_pca10040/ses_startup_nrf_common.o
 .debug_aranges
                0x00000000000006b8      0xc30 Output/Debug/Obj/timer_pca10040/system_nrf52.o

.debug_str      0x0000000000000000    0x7f562
 .debug_str     0x0000000000000000       0xbf Output/Debug/Obj/timer_pca10040/thumb_crt0.o
 .debug_str     0x00000000000000bf    0x6ebe8 Output/Debug/Obj/timer_pca10040/nrf_log_frontend.o
                                      0x6f967 (size before relaxing)
 .debug_str     0x000000000006eca7     0x3dca Output/Debug/Obj/timer_pca10040/boards.o
                                      0x6e571 (size before relaxing)
 .debug_str     0x0000000000072a71      0x127 Output/Debug/Obj/timer_pca10040/app_error.o
                                      0x60bb2 (size before relaxing)
 .debug_str     0x0000000000072b98       0x72 Output/Debug/Obj/timer_pca10040/app_error_handler_gcc.o
                                      0x6a9f6 (size before relaxing)
 .debug_str     0x0000000000072c0a       0x98 Output/Debug/Obj/timer_pca10040/app_error_weak.o
                                      0x6ea0c (size before relaxing)
 .debug_str     0x0000000000072ca2      0x44f Output/Debug/Obj/timer_pca10040/app_util_platform.o
                                      0x613db (size before relaxing)
 .debug_str     0x00000000000730f1       0x55 Output/Debug/Obj/timer_pca10040/nrf_assert.o
                                      0x60bc6 (size before relaxing)
 .debug_str     0x0000000000073146      0x6d5 Output/Debug/Obj/timer_pca10040/nrf_atomic.o
                                      0x6abc1 (size before relaxing)
 .debug_str     0x000000000007381b      0x15b Output/Debug/Obj/timer_pca10040/nrf_balloc.o
                                      0x6e389 (size before relaxing)
 .debug_str     0x0000000000073976      0x1c6 Output/Debug/Obj/timer_pca10040/nrf_memobj.o
                                      0x6c708 (size before relaxing)
 .debug_str     0x0000000000073b3c      0x106 Output/Debug/Obj/timer_pca10040/nrf_strerror.o
                                      0x6a586 (size before relaxing)
 .debug_str     0x0000000000073c42     0x146d Output/Debug/Obj/timer_pca10040/nrfx_timer.o
                                      0x716a6 (size before relaxing)
 .debug_str     0x00000000000750af      0x8f2 Output/Debug/Obj/timer_pca10040/main.o
                                      0x6f403 (size before relaxing)
 .debug_str     0x00000000000759a1       0x53 Output/Debug/Obj/timer_pca10040/ses_startup_nrf52.o
                                         0xc1 (size before relaxing)
 .debug_str     0x00000000000759f4       0x58 Output/Debug/Obj/timer_pca10040/ses_startup_nrf_common.o
                                         0xc6 (size before relaxing)
 .debug_str     0x0000000000075a4c     0x9b16 Output/Debug/Obj/timer_pca10040/system_nrf52.o
                                      0x69d27 (size before relaxing)

.debug_ranges   0x0000000000000000     0x11c0
 .debug_ranges  0x0000000000000000       0x48 Output/Debug/Obj/timer_pca10040/thumb_crt0.o
 .debug_ranges  0x0000000000000048      0x138 Output/Debug/Obj/timer_pca10040/nrf_log_frontend.o
 .debug_ranges  0x0000000000000180       0xf0 Output/Debug/Obj/timer_pca10040/boards.o
 .debug_ranges  0x0000000000000270       0x18 Output/Debug/Obj/timer_pca10040/app_error.o
 .debug_ranges  0x0000000000000288       0x10 Output/Debug/Obj/timer_pca10040/app_error_handler_gcc.o
 .debug_ranges  0x0000000000000298       0x10 Output/Debug/Obj/timer_pca10040/app_error_weak.o
 .debug_ranges  0x00000000000002a8       0x40 Output/Debug/Obj/timer_pca10040/app_util_platform.o
 .debug_ranges  0x00000000000002e8       0x10 Output/Debug/Obj/timer_pca10040/nrf_assert.o
 .debug_ranges  0x00000000000002f8       0xa8 Output/Debug/Obj/timer_pca10040/nrf_atomic.o
 .debug_ranges  0x00000000000003a0       0x30 Output/Debug/Obj/timer_pca10040/nrf_balloc.o
 .debug_ranges  0x00000000000003d0       0x48 Output/Debug/Obj/timer_pca10040/nrf_memobj.o
 .debug_ranges  0x0000000000000418       0x18 Output/Debug/Obj/timer_pca10040/nrf_strerror.o
 .debug_ranges  0x0000000000000430      0x148 Output/Debug/Obj/timer_pca10040/nrfx_timer.o
 .debug_ranges  0x0000000000000578       0x28 Output/Debug/Obj/timer_pca10040/main.o
 .debug_ranges  0x00000000000005a0      0xc20 Output/Debug/Obj/timer_pca10040/system_nrf52.o

.debug_frame    0x0000000000000000     0x3760
 .debug_frame   0x0000000000000000      0x568 Output/Debug/Obj/timer_pca10040/nrf_log_frontend.o
 .debug_frame   0x0000000000000568      0x460 Output/Debug/Obj/timer_pca10040/boards.o
 .debug_frame   0x00000000000009c8       0x58 Output/Debug/Obj/timer_pca10040/app_error.o
 .debug_frame   0x0000000000000a20       0x20 Output/Debug/Obj/timer_pca10040/app_error_handler_gcc.o
 .debug_frame   0x0000000000000a40       0x3c Output/Debug/Obj/timer_pca10040/app_error_weak.o
 .debug_frame   0x0000000000000a7c       0xe8 Output/Debug/Obj/timer_pca10040/app_util_platform.o
 .debug_frame   0x0000000000000b64       0x38 Output/Debug/Obj/timer_pca10040/nrf_assert.o
 .debug_frame   0x0000000000000b9c      0x3b0 Output/Debug/Obj/timer_pca10040/nrf_atomic.o
 .debug_frame   0x0000000000000f4c       0xdc Output/Debug/Obj/timer_pca10040/nrf_balloc.o
 .debug_frame   0x0000000000001028      0x150 Output/Debug/Obj/timer_pca10040/nrf_memobj.o
 .debug_frame   0x0000000000001178       0x58 Output/Debug/Obj/timer_pca10040/nrf_strerror.o
 .debug_frame   0x00000000000011d0      0x5b0 Output/Debug/Obj/timer_pca10040/nrfx_timer.o
 .debug_frame   0x0000000000001780       0xa0 Output/Debug/Obj/timer_pca10040/main.o
 .debug_frame   0x0000000000001820     0x1f40 Output/Debug/Obj/timer_pca10040/system_nrf52.o

.debug_pubnames
                0x0000000000000000     0x403e
 .debug_pubnames
                0x0000000000000000      0x7ae Output/Debug/Obj/timer_pca10040/nrf_log_frontend.o
 .debug_pubnames
                0x00000000000007ae      0x4f4 Output/Debug/Obj/timer_pca10040/boards.o
 .debug_pubnames
                0x0000000000000ca2       0x88 Output/Debug/Obj/timer_pca10040/app_error.o
 .debug_pubnames
                0x0000000000000d2a       0x44 Output/Debug/Obj/timer_pca10040/app_error_handler_gcc.o
 .debug_pubnames
                0x0000000000000d6e      0x1b1 Output/Debug/Obj/timer_pca10040/app_error_weak.o
 .debug_pubnames
                0x0000000000000f1f      0x23b Output/Debug/Obj/timer_pca10040/app_util_platform.o
 .debug_pubnames
                0x000000000000115a       0x46 Output/Debug/Obj/timer_pca10040/nrf_assert.o
 .debug_pubnames
                0x00000000000011a0      0x233 Output/Debug/Obj/timer_pca10040/nrf_atomic.o
 .debug_pubnames
                0x00000000000013d3      0x183 Output/Debug/Obj/timer_pca10040/nrf_balloc.o
 .debug_pubnames
                0x0000000000001556      0x13f Output/Debug/Obj/timer_pca10040/nrf_memobj.o
 .debug_pubnames
                0x0000000000001695       0x66 Output/Debug/Obj/timer_pca10040/nrf_strerror.o
 .debug_pubnames
                0x00000000000016fb      0x845 Output/Debug/Obj/timer_pca10040/nrfx_timer.o
 .debug_pubnames
                0x0000000000001f40      0x229 Output/Debug/Obj/timer_pca10040/main.o
 .debug_pubnames
                0x0000000000002169     0x1ed5 Output/Debug/Obj/timer_pca10040/system_nrf52.o

.debug_pubtypes
                0x0000000000000000     0x153b
 .debug_pubtypes
                0x0000000000000000      0x344 Output/Debug/Obj/timer_pca10040/nrf_log_frontend.o
 .debug_pubtypes
                0x0000000000000344      0x171 Output/Debug/Obj/timer_pca10040/boards.o
 .debug_pubtypes
                0x00000000000004b5      0x10a Output/Debug/Obj/timer_pca10040/app_error.o
 .debug_pubtypes
                0x00000000000005bf       0xdd Output/Debug/Obj/timer_pca10040/app_error_handler_gcc.o
 .debug_pubtypes
                0x000000000000069c      0x154 Output/Debug/Obj/timer_pca10040/app_error_weak.o
 .debug_pubtypes