Archive member included to satisfy reference by file (symbol)

C:/Program Files/SEGGER/SEGGER Embedded Studio for ARM 6.32a/lib/libc_v7em_fpv4_sp_d16_hard_t_le_eabi_balanced.a(mbops.o)
                              Output/Debug/Obj/fatfs_pca10040/nrf_log_str_formatter.o (isprint)
C:/Program Files/SEGGER/SEGGER Embedded Studio for ARM 6.32a/lib/libc_v7em_fpv4_sp_d16_hard_t_le_eabi_balanced.a(sortops.o)
                              C:/Program Files/SEGGER/SEGGER Embedded Studio for ARM 6.32a/lib/libc_v7em_fpv4_sp_d16_hard_t_le_eabi_balanced.a(mbops.o) (bsearch)
C:/Program Files/SEGGER/SEGGER Embedded Studio for ARM 6.32a/lib/libc_v7em_fpv4_sp_d16_hard_t_le_eabi_balanced.a(strasmops_arm.o)
                              Output/Debug/Obj/fatfs_pca10040/nrf_log_frontend.o (strlen)
C:/Program Files/SEGGER/SEGGER Embedded Studio for ARM 6.32a/lib/libc_v7em_fpv4_sp_d16_hard_t_le_eabi_balanced.a(strops.o)
                              C:/Program Files/SEGGER/SEGGER Embedded Studio for ARM 6.32a/lib/libc_v7em_fpv4_sp_d16_hard_t_le_eabi_balanced.a(mbops.o) (strcat)
C:/Program Files/SEGGER/SEGGER Embedded Studio for ARM 6.32a/lib/libc_v7em_fpv4_sp_d16_hard_t_le_eabi_balanced.a(timeops.o)
                              C:/Program Files/SEGGER/SEGGER Embedded Studio for ARM 6.32a/lib/libc_v7em_fpv4_sp_d16_hard_t_le_eabi_balanced.a(mbops.o) (__SEGGER_RTL_string_list_encode)
C:/Program Files/SEGGER/SEGGER Embedded Studio for ARM 6.32a/lib/libc_v7em_fpv4_sp_d16_hard_t_le_eabi_balanced.a(__SEGGER_RTL_vfprintf_long.o)
                              (__SEGGER_RTL_vfprintf_long)
C:/Program Files/SEGGER/SEGGER Embedded Studio for ARM 6.32a/lib/libc_v7em_fpv4_sp_d16_hard_t_le_eabi_balanced.a(__SEGGER_RTL_vfscanf_long.o)
                              (__SEGGER_RTL_vfscanf_long)
C:/Program Files/SEGGER/SEGGER Embedded Studio for ARM 6.32a/lib/libc_v7em_fpv4_sp_d16_hard_t_le_eabi_balanced.a(errno.o)
                              C:/Program Files/SEGGER/SEGGER Embedded Studio for ARM 6.32a/lib/libc_v7em_fpv4_sp_d16_hard_t_le_eabi_balanced.a(mbops.o) (__aeabi_errno_addr)
C:/Program Files/SEGGER/SEGGER Embedded Studio for ARM 6.32a/lib/libc_v7em_fpv4_sp_d16_hard_t_le_eabi_balanced.a(floatasmops_arm.o)
                              C:/Program Files/SEGGER/SEGGER Embedded Studio for ARM 6.32a/lib/libc_v7em_fpv4_sp_d16_hard_t_le_eabi_balanced.a(timeops.o) (__aeabi_i2d)
C:/Program Files/SEGGER/SEGGER Embedded Studio for ARM 6.32a/lib/libc_v7em_fpv4_sp_d16_hard_t_le_eabi_balanced.a(intasmops_arm.o)
                              C:/Program Files/SEGGER/SEGGER Embedded Studio for ARM 6.32a/lib/libc_v7em_fpv4_sp_d16_hard_t_le_eabi_balanced.a(__SEGGER_RTL_vfprintf_long.o) (__aeabi_uldivmod)
C:/Program Files/SEGGER/SEGGER Embedded Studio for ARM 6.32a/lib/libc_v7em_fpv4_sp_d16_hard_t_le_eabi_balanced.a(intops.o)
                              C:/Program Files/SEGGER/SEGGER Embedded Studio for ARM 6.32a/lib/libc_v7em_fpv4_sp_d16_hard_t_le_eabi_balanced.a(timeops.o) (div)
C:/Program Files/SEGGER/SEGGER Embedded Studio for ARM 6.32a/lib/libc_v7em_fpv4_sp_d16_hard_t_le_eabi_balanced.a(utilops.o)
                              C:/Program Files/SEGGER/SEGGER Embedded Studio for ARM 6.32a/lib/libc_v7em_fpv4_sp_d16_hard_t_le_eabi_balanced.a(__SEGGER_RTL_vfscanf_long.o) (__SEGGER_RTL_digit)
C:/Program Files/SEGGER/SEGGER Embedded Studio for ARM 6.32a/lib/libc_v7em_fpv4_sp_d16_hard_t_le_eabi_balanced.a(prinops.o)
                              C:/Program Files/SEGGER/SEGGER Embedded Studio for ARM 6.32a/lib/libc_v7em_fpv4_sp_d16_hard_t_le_eabi_balanced.a(__SEGGER_RTL_vfprintf_long.o) (__SEGGER_RTL_putc)
C:/Program Files/SEGGER/SEGGER Embedded Studio for ARM 6.32a/lib/libc_v7em_fpv4_sp_d16_hard_t_le_eabi_balanced.a(fileops.o)
                              C:/Program Files/SEGGER/SEGGER Embedded Studio for ARM 6.32a/lib/libc_v7em_fpv4_sp_d16_hard_t_le_eabi_balanced.a(prinops.o) (fwrite)
C:/Program Files/SEGGER/SEGGER Embedded Studio for ARM 6.32a/lib/heapops_basic_v7em_little.a(heapops_basic.o)
                              Output/Debug/Obj/fatfs_pca10040/thumb_crt0.o (__SEGGER_RTL_init_heap)
C:/Program Files/SEGGER/SEGGER Embedded Studio for ARM 6.32a/lib/heapops_disable_interrupts_locking_v7em_little.a(heapops.o)
                              C:/Program Files/SEGGER/SEGGER Embedded Studio for ARM 6.32a/lib/libc_v7em_fpv4_sp_d16_hard_t_le_eabi_balanced.a(mbops.o) (malloc)

Discarded input sections

 .text          0x0000000000000000        0x0 Output/Debug/Obj/fatfs_pca10040/thumb_crt0.o
 .data          0x0000000000000000        0x0 Output/Debug/Obj/fatfs_pca10040/thumb_crt0.o
 .bss           0x0000000000000000        0x0 Output/Debug/Obj/fatfs_pca10040/thumb_crt0.o
 .text.__aeabi_read_tp
                0x0000000000000000        0x8 Output/Debug/Obj/fatfs_pca10040/thumb_crt0.o
 .text.abort    0x0000000000000000        0x2 Output/Debug/Obj/fatfs_pca10040/thumb_crt0.o
 .text.__assert
[...]
Memory Configuration

Name             Origin             Length             Attributes
UNPLACED_SECTIONS 0x0000000100000000 0x0000000000000000 xw
RAM1             0x0000000020000000 0x0000000000010000 xw
FLASH1           0x0000000000000000 0x0000000000080000 xw
*default*        0x0000000000000000 0xffffffffffffffff

Linker script and memory map

                0x0000000000000000                __SEGGER_RTL_vfprintf = __SEGGER_RTL_vfprintf_long
                0x0000000000000000                __SEGGER_RTL_vfscanf = __SEGGER_RTL_vfscanf_long
                0x0000000020000000                __RAM1_segment_start__ = 0x20000000
                0x0000000020010000                __RAM1_segment_end__ = 0x20010000
                0x0000000000010000                __RAM1_segment_size__ = 0x10000
                0x0000000000000000                __FLASH1_segment_start__ = 0x0
                0x0000000000080000                __FLASH1_segment_end__ = 0x80000
                0x0000000000080000                __FLASH1_segment_size__ = 0x80000
                0x0000000000002000                __HEAPSIZE__ = 0x2000
                0x0000000000000000                __STACKSIZE_PROCESS__ = 0x0
                0x0000000000002000                __STACKSIZE__ = 0x2000
                0x0000000020000000                __vectors_ram_load_start__ = 0x20000000

.vectors_ram    0x0000000020000000        0x0
                0x0000000020000000                __vectors_ram_start__ = .
                0x0000000020000000                __app_ram_start__ = __vectors_ram_start__
 *(.vectors_ram .vectors_ram.*)
                0x0000000020000000                __vectors_ram_end__ = (__vectors_ram_start__ + SIZEOF (.vectors_ram))
                0x0000000000000000                __vectors_ram_size__ = SIZEOF (.vectors_ram)
                0x0000000020000000                __vectors_ram_load_end__ = __vectors_ram_end__
                0x0000000000000001                . = ASSERT (((__vectors_ram_start__ == __vectors_ram_end__) || ((__vectors_ram_end__ - __RAM1_segment_start__) <= __RAM1_segment_size__)), error: .vectors_ram is too large to fit in RAM1 memory segment)
                0x0000000020000000                __nrf_sections_run_load_start__ = ALIGN (__vectors_ram_end__, 0x4)

.nrf_sections_run
                0x0000000020000000        0x0
                0x0000000020000000                __nrf_sections_run_start__ = .
                0x0000000020000000                __start_nrf_sections_run = __nrf_sections_run_start__
 *(.nrf_sections_run .nrf_sections_run.*)
                0x0000000020000000                __nrf_sections_run_end__ = (__nrf_sections_run_start__ + SIZEOF (.nrf_sections_run))
                0x0000000000000000                __nrf_sections_run_size__ = SIZEOF (.nrf_sections_run)
                0x0000000020000000                __nrf_sections_run_load_end__ = __nrf_sections_run_end__
                0x0000000000000001                . = ASSERT (((__nrf_sections_run_start__ == __nrf_sections_run_end__) || ((__nrf_sections_run_end__ - __RAM1_segment_start__) <= __RAM1_segment_size__)), error: .nrf_sections_run is too large to fit in RAM1 memory segment)
                0x0000000000000000                __vectors_load_start__ = 0x0

.vectors        0x0000000000000000      0x200
                0x0000000000000000                __vectors_start__ = .
 *(.vectors .vectors.*)
 .vectors       0x0000000000000000      0x200 Output/Debug/Obj/fatfs_pca10040/ses_startup_nrf52.o
                0x0000000000000000                _vectors
                0x0000000000000200                __vectors_end__ = (__vectors_start__ + SIZEOF (.vectors))
                0x0000000000000200                __vectors_size__ = SIZEOF (.vectors)
                0x0000000000000200                __vectors_load_end__ = __vectors_end__
                0x0000000000000001                . = ASSERT (((__vectors_start__ == __vectors_end__) || ((__vectors_end__ - __FLASH1_segment_start__) <= __FLASH1_segment_size__)), error: .vectors is too large to fit in FLASH1 memory segment)
                0x0000000000000200                __init_load_start__ = ALIGN (__vectors_end__, 0x4)

.init           0x0000000000000200      0x1cc
                0x0000000000000200                __init_start__ = .
 *(.init .init.*)
 .init          0x0000000000000200      0x158 Output/Debug/Obj/fatfs_pca10040/thumb_crt0.o
                0x0000000000000200                _start
                0x00000000000002ae                exit
 .init          0x0000000000000358       0x18 Output/Debug/Obj/fatfs_pca10040/ses_startup_nrf52.o
                0x0000000000000358                NMI_Handler
                0x000000000000035a                HardFault_Handler
                0x000000000000035c                MemoryManagement_Handler
                0x000000000000035e                BusFault_Handler
                0x0000000000000360                UsageFault_Handler
                0x0000000000000362                SVC_Handler
                0x0000000000000364                DebugMon_Handler
                0x0000000000000366                PendSV_Handler
                0x0000000000000368                SysTick_Handler
                0x000000000000036a                PWM1_IRQHandler
                0x000000000000036a                GPIOTE_IRQHandler
                0x000000000000036a                SWI0_EGU0_IRQHandler
                0x000000000000036a                POWER_CLOCK_IRQHandler
                0x000000000000036a                RADIO_IRQHandler
                0x000000000000036a                PDM_IRQHandler
                0x000000000000036a                TEMP_IRQHandler
                0x000000000000036a                RTC0_IRQHandler
                0x000000000000036a                TIMER3_IRQHandler
                0x000000000000036a                FPU_IRQHandler
                0x000000000000036a                SWI2_EGU2_IRQHandler
                0x000000000000036a                TIMER4_IRQHandler
                0x000000000000036a                I2S_IRQHandler
                0x000000000000036a                SWI4_EGU4_IRQHandler
                0x000000000000036a                TIMER0_IRQHandler
                0x000000000000036a                Dummy_Handler
                0x000000000000036a                TIMER1_IRQHandler
                0x000000000000036a                PWM2_IRQHandler
                0x000000000000036a                ECB_IRQHandler
                0x000000000000036a                SPIM1_SPIS1_TWIM1_TWIS1_SPI1_TWI1_IRQHandler
                0x000000000000036a                SAADC_IRQHandler
                0x000000000000036a                CCM_AAR_IRQHandler
                0x000000000000036a                WDT_IRQHandler
                0x000000000000036a                QDEC_IRQHandler
                0x000000000000036a                SWI5_EGU5_IRQHandler
                0x000000000000036a                RNG_IRQHandler
                0x000000000000036a                RTC2_IRQHandler
                0x000000000000036a                PWM0_IRQHandler
                0x000000000000036a                SWI3_EGU3_IRQHandler
                0x000000000000036a                RTC1_IRQHandler
                0x000000000000036a                SWI1_EGU1_IRQHandler
                0x000000000000036a                SPIM2_SPIS2_SPI2_IRQHandler
                0x000000000000036a                NFCT_IRQHandler
                0x000000000000036a                TIMER2_IRQHandler
                0x000000000000036a                MWU_IRQHandler
                0x000000000000036a                COMP_LPCOMP_IRQHandler
                0x000000000000036c                nRFInitialize
 .init          0x0000000000000370       0x5c Output/Debug/Obj/fatfs_pca10040/ses_startup_nrf_common.o
                0x0000000000000370                Reset_Handler
                0x0000000000000374                afterInitialize
                0x0000000000000398                InitializeUserMemorySections
                0x00000000000003cc                __init_end__ = (__init_start__ + SIZEOF (.init))
                0x00000000000001cc                __init_size__ = SIZEOF (.init)
                0x00000000000003cc                __init_load_end__ = __init_end__
                0x0000000000000001                . = ASSERT (((__init_start__ == __init_end__) || ((__init_end__ - __FLASH1_segment_start__) <= __FLASH1_segment_size__)), error: .init is too large to fit in FLASH1 memory segment)
                0x00000000000003cc                __init_rodata_load_start__ = ALIGN (__init_end__, 0x4)

.init_rodata    0x00000000000003cc        0x0
                0x00000000000003cc                __init_rodata_start__ = .
 *(.init_rodata .init_rodata.*)
                0x00000000000003cc                __init_rodata_end__ = (__init_rodata_start__ + SIZEOF (.init_rodata))
                0x0000000000000000                __init_rodata_size__ = SIZEOF (.init_rodata)
                0x00000000000003cc                __init_rodata_load_end__ = __init_rodata_end__
                0x0000000000000001                . = ASSERT (((__init_rodata_start__ == __init_rodata_end__) || ((__init_rodata_end__ - __FLASH1_segment_start__) <= __FLASH1_segment_size__)), error: .init_rodata is too large to fit in FLASH1 memory segment)
                0x00000000000003cc                __text_load_start__ = ALIGN (__init_rodata_end__, 0x4)

.text           0x00000000000003cc     0xa3d4
                0x00000000000003cc                __text_start__ = .
 *(.text .text.* .gnu.linkonce.t.* .glue_7t .glue_7 .gcc_except_table .ARM.extab* .gnu.linkonce.armextab.*)
 .glue_7        0x00000000000003cc        0x0 linker stubs
 .glue_7t       0x00000000000003cc        0x0 linker stubs
 .text.nrf_log_backend_serial_put
                0x00000000000003cc      0x124 Output/Debug/Obj/fatfs_pca10040/nrf_log_backend_serial.o
                0x00000000000003cc                nrf_log_backend_serial_put
 .text.nrf_drv_uart_uninit
                0x00000000000004f0       0x44 Output/Debug/Obj/fatfs_pca10040/nrf_log_backend_uart.o
 .text.nrf_drv_uart_tx
                0x0000000000000534       0x64 Output/Debug/Obj/fatfs_pca10040/nrf_log_backend_uart.o
 .text.uart_evt_handler
                0x0000000000000598       0x18 Output/Debug/Obj/fatfs_pca10040/nrf_log_backend_uart.o
 .text.uart_init
                0x00000000000005b0       0x88 Output/Debug/Obj/fatfs_pca10040/nrf_log_backend_uart.o
 .text.nrf_log_backend_uart_init
                0x0000000000000638       0x1c Output/Debug/Obj/fatfs_pca10040/nrf_log_backend_uart.o
                0x0000000000000638                nrf_log_backend_uart_init
 .text.serial_tx
                0x0000000000000654       0x6c Output/Debug/Obj/fatfs_pca10040/nrf_log_backend_uart.o
 .text.nrf_log_backend_uart_put
                0x00000000000006c0       0x28 Output/Debug/Obj/fatfs_pca10040/nrf_log_backend_uart.o
 .text.nrf_log_backend_uart_flush
                0x00000000000006e8        0xa Output/Debug/Obj/fatfs_pca10040/nrf_log_backend_uart.o
 *fill*         0x00000000000006f2        0x2 
 .text.nrf_log_backend_uart_panic_set
                0x00000000000006f4       0x20 Output/Debug/Obj/fatfs_pca10040/nrf_log_backend_uart.o
 .text.nrf_log_backend_enable
                0x0000000000000714       0x12 Output/Debug/Obj/fatfs_pca10040/nrf_log_default_backends.o
 *fill*         0x0000000000000726        0x2 
 .text.nrf_log_default_backends_init
                0x0000000000000728       0x3c Output/Debug/Obj/fatfs_pca10040/nrf_log_default_backends.o
                0x0000000000000728                nrf_log_default_backends_init
 .text.nrf_log_backend_put
                0x0000000000000764       0x1c Output/Debug/Obj/fatfs_pca10040/nrf_log_frontend.o
 .text.nrf_log_backend_panic_set
                0x0000000000000780       0x18 Output/Debug/Obj/fatfs_pca10040/nrf_log_frontend.o
 .text.nrf_log_backend_flush
                0x0000000000000798       0x18 Output/Debug/Obj/fatfs_pca10040/nrf_log_frontend.o
 .text.nrf_log_backend_id_set
                0x00000000000007b0       0x1a Output/Debug/Obj/fatfs_pca10040/nrf_log_frontend.o
 .text.nrf_log_backend_id_get
                0x00000000000007ca       0x10 Output/Debug/Obj/fatfs_pca10040/nrf_log_frontend.o
 .text.nrf_log_backend_enable
                0x00000000000007da       0x12 Output/Debug/Obj/fatfs_pca10040/nrf_log_frontend.o
 .text.nrf_log_backend_is_enabled
                0x00000000000007ec       0x10 Output/Debug/Obj/fatfs_pca10040/nrf_log_frontend.o
 .text.nrf_log_init
                0x00000000000007fc       0x50 Output/Debug/Obj/fatfs_pca10040/nrf_log_frontend.o
                0x00000000000007fc                nrf_log_init
 .text.nrf_log_module_cnt_get
                0x000000000000084c       0x14 Output/Debug/Obj/fatfs_pca10040/nrf_log_frontend.o
                0x000000000000084c                nrf_log_module_cnt_get
 .text.module_idx_get
                0x0000000000000860       0x64 Output/Debug/Obj/fatfs_pca10040/nrf_log_frontend.o
 .text.nrf_log_module_name_get
                0x00000000000008c4       0x40 Output/Debug/Obj/fatfs_pca10040/nrf_log_frontend.o
                0x00000000000008c4                nrf_log_module_name_get
 .text.nrf_log_color_id_get
                0x0000000000000904       0x70 Output/Debug/Obj/fatfs_pca10040/nrf_log_frontend.o
                0x0000000000000904                nrf_log_color_id_get
 .text.invalid_packets_omit
                0x0000000000000974       0x6e Output/Debug/Obj/fatfs_pca10040/nrf_log_frontend.o
 *fill*         0x00000000000009e2        0x2 
 .text.log_skip
                0x00000000000009e4      0x118 Output/Debug/Obj/fatfs_pca10040/nrf_log_frontend.o
 .text.dropped_sat16_get
                0x0000000000000afc       0x28 Output/Debug/Obj/fatfs_pca10040/nrf_log_frontend.o
 .text.std_header_set
                0x0000000000000b24       0xb4 Output/Debug/Obj/fatfs_pca10040/nrf_log_frontend.o
 .text.buf_prealloc
                0x0000000000000bd8      0x128 Output/Debug/Obj/fatfs_pca10040/nrf_log_frontend.o
 .text.std_n    0x0000000000000d00       0x94 Output/Debug/Obj/fatfs_pca10040/nrf_log_frontend.o
 .text.nrf_log_frontend_std_0
                0x0000000000000d94       0x1c Output/Debug/Obj/fatfs_pca10040/nrf_log_frontend.o
                0x0000000000000d94                nrf_log_frontend_std_0
 .text.nrf_log_frontend_std_1
                0x0000000000000db0       0x22 Output/Debug/Obj/fatfs_pca10040/nrf_log_frontend.o
                0x0000000000000db0                nrf_log_frontend_std_1
 .text.nrf_log_frontend_std_2
                0x0000000000000dd2       0x28 Output/Debug/Obj/fatfs_pca10040/nrf_log_frontend.o
                0x0000000000000dd2                nrf_log_frontend_std_2
 .text.nrf_log_frontend_std_5
                0x0000000000000dfa       0x34 Output/Debug/Obj/fatfs_pca10040/nrf_log_frontend.o
                0x0000000000000dfa                nrf_log_frontend_std_5
 *fill*         0x0000000000000e2e        0x2 
 .text.buffer_is_empty
                0x0000000000000e30       0x1c Output/Debug/Obj/fatfs_pca10040/nrf_log_frontend.o
                0x0000000000000e30                buffer_is_empty
 .text.nrf_log_frontend_dequeue
                0x0000000000000e4c      0x3a0 Output/Debug/Obj/fatfs_pca10040/nrf_log_frontend.o
                0x0000000000000e4c                nrf_log_frontend_dequeue
 .text.backend_id_assign
                0x00000000000011ec       0x68 Output/Debug/Obj/fatfs_pca10040/nrf_log_frontend.o
 .text.nrf_log_backend_add
                0x0000000000001254       0x70 Output/Debug/Obj/fatfs_pca10040/nrf_log_frontend.o
                0x0000000000001254                nrf_log_backend_add
 .text.nrf_log_panic
                0x00000000000012c4       0x3c Output/Debug/Obj/fatfs_pca10040/nrf_log_frontend.o
                0x00000000000012c4                nrf_log_panic
 .text.timestamp_print
                0x0000000000001300        0xc Output/Debug/Obj/fatfs_pca10040/nrf_log_str_formatter.o
 .text.prefix_process
                0x000000000000130c       0xb0 Output/Debug/Obj/fatfs_pca10040/nrf_log_str_formatter.o
 .text.postfix_process
                0x00000000000013bc       0x60 Output/Debug/Obj/fatfs_pca10040/nrf_log_str_formatter.o
 .text.nrf_log_std_entry_process
                0x000000000000141c      0x144 Output/Debug/Obj/fatfs_pca10040/nrf_log_str_formatter.o
                0x000000000000141c                nrf_log_std_entry_process
 .text.nrf_log_hexdump_entry_process
                0x0000000000001560       0xf0 Output/Debug/Obj/fatfs_pca10040/nrf_log_str_formatter.o
                0x0000000000001560                nrf_log_hexdump_entry_process
 .text.nrf_gpio_pin_port_decode
                0x0000000000001650       0x30 Output/Debug/Obj/fatfs_pca10040/boards.o
 .text.nrf_gpio_cfg
                0x0000000000001680       0x62 Output/Debug/Obj/fatfs_pca10040/boards.o
 .text.nrf_gpio_cfg_output
                0x00000000000016e2       0x22 Output/Debug/Obj/fatfs_pca10040/boards.o
 .text.nrf_gpio_cfg_input
                0x0000000000001704       0x2a Output/Debug/Obj/fatfs_pca10040/boards.o
 .text.nrf_gpio_pin_set
                0x000000000000172e       0x28 Output/Debug/Obj/fatfs_pca10040/boards.o
 .text.nrf_gpio_pin_clear
                0x0000000000001756       0x28 Output/Debug/Obj/fatfs_pca10040/boards.o
 .text.nrf_gpio_pin_write
                0x000000000000177e       0x24 Output/Debug/Obj/fatfs_pca10040/boards.o
 .text.nrf_gpio_port_out_set
                0x00000000000017a2       0x14 Output/Debug/Obj/fatfs_pca10040/boards.o
 .text.nrf_gpio_port_out_clear
                0x00000000000017b6       0x14 Output/Debug/Obj/fatfs_pca10040/boards.o
 .text.nrf_gpio_pin_present_check
                0x00000000000017ca       0x40 Output/Debug/Obj/fatfs_pca10040/boards.o
 *fill*         0x000000000000180a        0x2 
 .text.bsp_board_led_off
                0x000000000000180c       0x34 Output/Debug/Obj/fatfs_pca10040/boards.o
                0x000000000000180c                bsp_board_led_off
 .text.bsp_board_leds_off
                0x0000000000001840       0x26 Output/Debug/Obj/fatfs_pca10040/boards.o
                0x0000000000001840                bsp_board_leds_off
 *fill*         0x0000000000001866        0x2 
 .text.bsp_board_leds_init
                0x0000000000001868       0x34 Output/Debug/Obj/fatfs_pca10040/boards.o
 .text.bsp_board_buttons_init
                0x000000000000189c       0x34 Output/Debug/Obj/fatfs_pca10040/boards.o
 .text.bsp_board_init
                0x00000000000018d0       0x2a Output/Debug/Obj/fatfs_pca10040/boards.o
                0x00000000000018d0                bsp_board_init
 *fill*         0x00000000000018fa        0x2 
 .text.app_error_save_and_stop
                0x00000000000018fc       0x98 Output/Debug/Obj/fatfs_pca10040/app_error.o
                0x00000000000018fc                app_error_save_and_stop
 .text.app_error_handler
                0x0000000000001994       0x1c Output/Debug/Obj/fatfs_pca10040/app_error_handler_gcc.o
                0x0000000000001994                app_error_handler
 .text.app_error_fault_handler
                0x00000000000019b0      0x104 Output/Debug/Obj/fatfs_pca10040/app_error_weak.o
                0x00000000000019b0                app_error_fault_handler
 .text.nrf_gpio_pin_port_decode
                0x0000000000001ab4       0x30 Output/Debug/Obj/fatfs_pca10040/app_sdcard.o
 .text.nrf_gpio_cfg
                0x0000000000001ae4       0x62 Output/Debug/Obj/fatfs_pca10040/app_sdcard.o
 .text.nrf_gpio_cfg_output
                0x0000000000001b46       0x22 Output/Debug/Obj/fatfs_pca10040/app_sdcard.o
 .text.nrf_gpio_cfg_input
                0x0000000000001b68       0x2a Output/Debug/Obj/fatfs_pca10040/app_sdcard.o
 .text.nrf_gpio_pin_set
                0x0000000000001b92       0x28 Output/Debug/Obj/fatfs_pca10040/app_sdcard.o
 .text.nrf_gpio_pin_clear
                0x0000000000001bba       0x28 Output/Debug/Obj/fatfs_pca10040/app_sdcard.o
 .text.nrf_gpio_port_out_set
                0x0000000000001be2       0x14 Output/Debug/Obj/fatfs_pca10040/app_sdcard.o
 .text.nrf_gpio_port_out_clear
                0x0000000000001bf6       0x14 Output/Debug/Obj/fatfs_pca10040/app_sdcard.o
 .text.nrf_gpio_pin_present_check
                0x0000000000001c0a       0x40 Output/Debug/Obj/fatfs_pca10040/app_sdcard.o
 .text.nrf_spi_frequency_set
                0x0000000000001c4a       0x14 Output/Debug/Obj/fatfs_pca10040/app_sdcard.o
 .text.nrf_drv_spi_uninit
                0x0000000000001c5e       0x18 Output/Debug/Obj/fatfs_pca10040/app_sdcard.o
 .text.nrf_drv_spi_transfer
                0x0000000000001c76       0x42 Output/Debug/Obj/fatfs_pca10040/app_sdcard.o
 .text.sdc_spi_transfer
                0x0000000000001cb8       0x60 Output/Debug/Obj/fatfs_pca10040/app_sdcard.o
 .text.sdc_spi_hispeed
                0x0000000000001d18       0x18 Output/Debug/Obj/fatfs_pca10040/app_sdcard.o
 .text.sdc_calculate_size
                0x0000000000001d30       0xb8 Output/Debug/Obj/fatfs_pca10040/app_sdcard.o
 .text.sdc_cmd  0x0000000000001de8      0x184 Output/Debug/Obj/fatfs_pca10040/app_sdcard.o
 .text.sdc_pt_sub_data_read
                0x0000000000001f6c      0x2d4 Output/Debug/Obj/fatfs_pca10040/app_sdcard.o
 .text.sdc_pt_identification
                0x0000000000002240      0x644 Output/Debug/Obj/fatfs_pca10040/app_sdcard.o
 .text.sdc_pt_read
                0x0000000000002884      0x120 Output/Debug/Obj/fatfs_pca10040/app_sdcard.o
 .text.sdc_pt_write
                0x00000000000029a4      0x424 Output/Debug/Obj/fatfs_pca10040/app_sdcard.o
 .text.spi_handler
                0x0000000000002dc8      0x340 Output/Debug/Obj/fatfs_pca10040/app_sdcard.o
 .text.app_sdc_block_read
                0x0000000000003108       0xd8 Output/Debug/Obj/fatfs_pca10040/app_sdcard.o
                0x0000000000003108                app_sdc_block_read
 .text.app_sdc_block_write
                0x00000000000031e0      0x118 Output/Debug/Obj/fatfs_pca10040/app_sdcard.o
                0x00000000000031e0                app_sdc_block_write
 .text.app_sdc_init
                0x00000000000032f8      0x16c Output/Debug/Obj/fatfs_pca10040/app_sdcard.o
                0x00000000000032f8                app_sdc_init
 .text.app_sdc_uninit
                0x0000000000003464       0x54 Output/Debug/Obj/fatfs_pca10040/app_sdcard.o
                0x0000000000003464                app_sdc_uninit
 .text.app_sdc_busy_check
                0x00000000000034b8       0x2c Output/Debug/Obj/fatfs_pca10040/app_sdcard.o
                0x00000000000034b8                app_sdc_busy_check
 .text.app_sdc_info_get
                0x00000000000034e4       0x20 Output/Debug/Obj/fatfs_pca10040/app_sdcard.o
                0x00000000000034e4                app_sdc_info_get
 .text.app_util_disable_irq
                0x0000000000003504       0x18 Output/Debug/Obj/fatfs_pca10040/app_util_platform.o
                0x0000000000003504                app_util_disable_irq
 .text.app_util_enable_irq
                0x000000000000351c       0x20 Output/Debug/Obj/fatfs_pca10040/app_util_platform.o
                0x000000000000351c                app_util_enable_irq
 .text.app_util_critical_region_enter
                0x000000000000353c       0x28 Output/Debug/Obj/fatfs_pca10040/app_util_platform.o
                0x000000000000353c                app_util_critical_region_enter
 .text.app_util_critical_region_exit
                0x0000000000003564       0x2c Output/Debug/Obj/fatfs_pca10040/app_util_platform.o
                0x0000000000003564                app_util_critical_region_exit
 .text.privilege_level_get
                0x0000000000003590       0x3a Output/Debug/Obj/fatfs_pca10040/app_util_platform.o
                0x0000000000003590                privilege_level_get
 .text.assert_nrf_callback
                0x00000000000035ca       0x2c Output/Debug/Obj/fatfs_pca10040/nrf_assert.o
                0x00000000000035ca                assert_nrf_callback
 .text.nrf_atomic_u32_fetch_store
                0x00000000000035f6       0x2e Output/Debug/Obj/fatfs_pca10040/nrf_atomic.o
                0x00000000000035f6                nrf_atomic_u32_fetch_store
 .text.nrf_atomic_u32_or
                0x0000000000003624       0x30 Output/Debug/Obj/fatfs_pca10040/nrf_atomic.o
                0x0000000000003624                nrf_atomic_u32_or
 .text.nrf_atomic_u32_fetch_and
                0x0000000000003654       0x30 Output/Debug/Obj/fatfs_pca10040/nrf_atomic.o
                0x0000000000003654                nrf_atomic_u32_fetch_and
 .text.nrf_atomic_u32_add
                0x0000000000003684       0x30 Output/Debug/Obj/fatfs_pca10040/nrf_atomic.o
                0x0000000000003684                nrf_atomic_u32_add
 .text.nrf_atomic_u32_sub
                0x00000000000036b4       0x30 Output/Debug/Obj/fatfs_pca10040/nrf_atomic.o
                0x00000000000036b4                nrf_atomic_u32_sub
 .text.nrf_atomic_flag_set
                0x00000000000036e4       0x18 Output/Debug/Obj/fatfs_pca10040/nrf_atomic.o
                0x00000000000036e4                nrf_atomic_flag_set
 .text.nrf_atomic_flag_clear_fetch
                0x00000000000036fc       0x18 Output/Debug/Obj/fatfs_pca10040/nrf_atomic.o
                0x00000000000036fc                nrf_atomic_flag_clear_fetch
 .text.nrf_balloc_idx2block
                0x0000000000003714       0x38 Output/Debug/Obj/fatfs_pca10040/nrf_balloc.o
 .text.nrf_balloc_block2idx
                0x000000000000374c       0x34 Output/Debug/Obj/fatfs_pca10040/nrf_balloc.o
 .text.nrf_balloc_init
                0x0000000000003780       0xb8 Output/Debug/Obj/fatfs_pca10040/nrf_balloc.o
                0x0000000000003780                nrf_balloc_init
 .text.nrf_balloc_alloc
                0x0000000000003838       0x84 Output/Debug/Obj/fatfs_pca10040/nrf_balloc.o
                0x0000000000003838                nrf_balloc_alloc
 .text.nrf_balloc_free
                0x00000000000038bc       0x58 Output/Debug/Obj/fatfs_pca10040/nrf_balloc.o
                0x00000000000038bc                nrf_balloc_free
 .text.wait_func
                0x0000000000003914        0x4 Output/Debug/Obj/fatfs_pca10040/nrf_block_dev_sdc.o
 .text.sdc_wait
                0x0000000000003918       0x18 Output/Debug/Obj/fatfs_pca10040/nrf_block_dev_sdc.o
 .text.sdc_handler
                0x0000000000003930      0x15c Output/Debug/Obj/fatfs_pca10040/nrf_block_dev_sdc.o
 .text.block_dev_sdc_init
                0x0000000000003a8c       0xd0 Output/Debug/Obj/fatfs_pca10040/nrf_block_dev_sdc.o
 .text.block_dev_sdc_uninit
                0x0000000000003b5c       0x94 Output/Debug/Obj/fatfs_pca10040/nrf_block_dev_sdc.o
 .text.block_dev_sdc_read_req
                0x0000000000003bf0       0xdc Output/Debug/Obj/fatfs_pca10040/nrf_block_dev_sdc.o
 .text.block_dev_sdc_write_req
                0x0000000000003ccc       0xe0 Output/Debug/Obj/fatfs_pca10040/nrf_block_dev_sdc.o
 .text.block_dev_sdc_ioctl
                0x0000000000003dac       0x54 Output/Debug/Obj/fatfs_pca10040/nrf_block_dev_sdc.o
 .text.block_dev_sdc_geometry
                0x0000000000003e00       0x30 Output/Debug/Obj/fatfs_pca10040/nrf_block_dev_sdc.o
 .text.nrf_fprintf_buffer_flush
                0x0000000000003e30       0x44 Output/Debug/Obj/fatfs_pca10040/nrf_fprintf.o
                0x0000000000003e30                nrf_fprintf_buffer_flush
 .text.nrf_fprintf
                0x0000000000003e74       0x74 Output/Debug/Obj/fatfs_pca10040/nrf_fprintf.o
                0x0000000000003e74                nrf_fprintf
 .text.buffer_add
                0x0000000000003ee8       0x4c Output/Debug/Obj/fatfs_pca10040/nrf_fprintf_format.o
 .text.string_print
                0x0000000000003f34       0xc2 Output/Debug/Obj/fatfs_pca10040/nrf_fprintf_format.o
 *fill*         0x0000000000003ff6        0x2 
 .text.unsigned_print
                0x0000000000003ff8      0x130 Output/Debug/Obj/fatfs_pca10040/nrf_fprintf_format.o
 .text.int_print
                0x0000000000004128      0x11c Output/Debug/Obj/fatfs_pca10040/nrf_fprintf_format.o
 .text.nrf_fprintf_fmt
                0x0000000000004244      0x388 Output/Debug/Obj/fatfs_pca10040/nrf_fprintf_format.o
                0x0000000000004244                nrf_fprintf_fmt
 .text.nrf_memobj_pool_init
                0x00000000000045cc       0x16 Output/Debug/Obj/fatfs_pca10040/nrf_memobj.o
                0x00000000000045cc                nrf_memobj_pool_init
 .text.nrf_memobj_alloc
                0x00000000000045e2       0xae Output/Debug/Obj/fatfs_pca10040/nrf_memobj.o
                0x00000000000045e2                nrf_memobj_alloc
 .text.nrf_memobj_free
                0x0000000000004690       0x74 Output/Debug/Obj/fatfs_pca10040/nrf_memobj.o
                0x0000000000004690                nrf_memobj_free
 .text.nrf_memobj_get
                0x0000000000004704       0x1e Output/Debug/Obj/fatfs_pca10040/nrf_memobj.o
                0x0000000000004704                nrf_memobj_get
 .text.nrf_memobj_put
                0x0000000000004722       0x34 Output/Debug/Obj/fatfs_pca10040/nrf_memobj.o
                0x0000000000004722                nrf_memobj_put
 *fill*         0x0000000000004756        0x2 
 .text.memobj_op
                0x0000000000004758      0x124 Output/Debug/Obj/fatfs_pca10040/nrf_memobj.o
 .text.nrf_memobj_write
                0x000000000000487c       0x3c Output/Debug/Obj/fatfs_pca10040/nrf_memobj.o
                0x000000000000487c                nrf_memobj_write
 .text.nrf_memobj_read
                0x00000000000048b8       0x40 Output/Debug/Obj/fatfs_pca10040/nrf_memobj.o
                0x00000000000048b8                nrf_memobj_read
 .text.nrf_ringbuf_init
                0x00000000000048f8       0x3a Output/Debug/Obj/fatfs_pca10040/nrf_ringbuf.o
                0x00000000000048f8                nrf_ringbuf_init
 *fill*         0x0000000000004932        0x2 
 .text.nrf_strerror_get
                0x0000000000004934       0x28 Output/Debug/Obj/fatfs_pca10040/nrf_strerror.o
                0x0000000000004934                nrf_strerror_get
 .text.nrf_strerror_find
                0x000000000000495c       0x68 Output/Debug/Obj/fatfs_pca10040/nrf_strerror.o
                0x000000000000495c                nrf_strerror_find
 .text.spim_evt_handler
                0x00000000000049c4       0x5c Output/Debug/Obj/fatfs_pca10040/nrf_drv_spi.o
 .text.nrf_drv_spi_init
                0x0000000000004a20       0xac Output/Debug/Obj/fatfs_pca10040/nrf_drv_spi.o
                0x0000000000004a20                nrf_drv_spi_init
 .text.uarte_evt_handler
                0x0000000000004acc       0x50 Output/Debug/Obj/fatfs_pca10040/nrf_drv_uart.o
 .text.uart_evt_handler
                0x0000000000004b1c       0x50 Output/Debug/Obj/fatfs_pca10040/nrf_drv_uart.o
 .text.nrf_drv_uart_init
                0x0000000000004b6c       0xc0 Output/Debug/Obj/fatfs_pca10040/nrf_drv_uart.o
                0x0000000000004b6c                nrf_drv_uart_init
 .text.UARTE0_UART0_IRQHandler
                0x0000000000004c2c       0x24 Output/Debug/Obj/fatfs_pca10040/nrfx_prs.o
                0x0000000000004c2c                UARTE0_UART0_IRQHandler
 .text.prs_box_get
                0x0000000000004c50       0x20 Output/Debug/Obj/fatfs_pca10040/nrfx_prs.o
 .text.nrfx_prs_acquire
                0x0000000000004c70       0x74 Output/Debug/Obj/fatfs_pca10040/nrfx_prs.o
                0x0000000000004c70                nrfx_prs_acquire
 .text.nrfx_prs_release
                0x0000000000004ce4       0x3c Output/Debug/Obj/fatfs_pca10040/nrfx_prs.o
                0x0000000000004ce4                nrfx_prs_release
 .text.__NVIC_EnableIRQ
                0x0000000000004d20       0x34 Output/Debug/Obj/fatfs_pca10040/nrfx_spim.o
 .text.__NVIC_DisableIRQ
                0x0000000000004d54       0x44 Output/Debug/Obj/fatfs_pca10040/nrfx_spim.o
 .text.__NVIC_SetPriority
                0x0000000000004d98       0x50 Output/Debug/Obj/fatfs_pca10040/nrfx_spim.o
 .text.nrfx_is_in_ram
                0x0000000000004de8       0x1c Output/Debug/Obj/fatfs_pca10040/nrfx_spim.o
 .text.nrfx_get_irq_number
                0x0000000000004e04       0x10 Output/Debug/Obj/fatfs_pca10040/nrfx_spim.o
 .text._NRFX_IRQ_PRIORITY_SET
                0x0000000000004e14       0x40 Output/Debug/Obj/fatfs_pca10040/nrfx_spim.o
 .text._NRFX_IRQ_ENABLE
                0x0000000000004e54       0x1c Output/Debug/Obj/fatfs_pca10040/nrfx_spim.o
 .text._NRFX_IRQ_DISABLE
                0x0000000000004e70       0x1c Output/Debug/Obj/fatfs_pca10040/nrfx_spim.o
 .text.nrf_spim_task_trigger
                0x0000000000004e8c       0x1c Output/Debug/Obj/fatfs_pca10040/nrfx_spim.o
 .text.nrf_spim_event_clear
                0x0000000000004ea8       0x2a Output/Debug/Obj/fatfs_pca10040/nrfx_spim.o
 .text.nrf_spim_event_check
                0x0000000000004ed2       0x24 Output/Debug/Obj/fatfs_pca10040/nrfx_spim.o
 .text.nrf_spim_int_enable
                0x0000000000004ef6       0x14 Output/Debug/Obj/fatfs_pca10040/nrfx_spim.o
 .text.nrf_spim_int_disable
                0x0000000000004f0a       0x14 Output/Debug/Obj/fatfs_pca10040/nrfx_spim.o
 .text.nrf_spim_enable
                0x0000000000004f1e       0x12 Output/Debug/Obj/fatfs_pca10040/nrfx_spim.o
 .text.nrf_spim_disable
                0x0000000000004f30       0x12 Output/Debug/Obj/fatfs_pca10040/nrfx_spim.o
 .text.nrf_spim_pins_set
                0x0000000000004f42       0x28 Output/Debug/Obj/fatfs_pca10040/nrfx_spim.o
 .text.nrf_spim_frequency_set
                0x0000000000004f6a       0x14 Output/Debug/Obj/fatfs_pca10040/nrfx_spim.o
 .text.nrf_spim_tx_buffer_set
                0x0000000000004f7e       0x1e Output/Debug/Obj/fatfs_pca10040/nrfx_spim.o
 .text.nrf_spim_rx_buffer_set
                0x0000000000004f9c       0x1e Output/Debug/Obj/fatfs_pca10040/nrfx_spim.o
 .text.nrf_spim_configure
                0x0000000000004fba       0x64 Output/Debug/Obj/fatfs_pca10040/nrfx_spim.o
 .text.nrf_spim_orc_set
                0x000000000000501e       0x1a Output/Debug/Obj/fatfs_pca10040/nrfx_spim.o
 .text.nrf_spim_tx_list_enable
                0x0000000000005038       0x12 Output/Debug/Obj/fatfs_pca10040/nrfx_spim.o
 .text.nrf_spim_tx_list_disable
                0x000000000000504a       0x12 Output/Debug/Obj/fatfs_pca10040/nrfx_spim.o
 .text.nrf_spim_rx_list_enable
                0x000000000000505c       0x12 Output/Debug/Obj/fatfs_pca10040/nrfx_spim.o
 .text.nrf_spim_rx_list_disable
                0x000000000000506e       0x12 Output/Debug/Obj/fatfs_pca10040/nrfx_spim.o
 .text.nrf_gpio_pin_port_decode
                0x0000000000005080       0x30 Output/Debug/Obj/fatfs_pca10040/nrfx_spim.o
 .text.nrf_gpio_cfg
                0x00000000000050b0       0x62 Output/Debug/Obj/fatfs_pca10040/nrfx_spim.o
 .text.nrf_gpio_cfg_output
                0x0000000000005112       0x22 Output/Debug/Obj/fatfs_pca10040/nrfx_spim.o
 .text.nrf_gpio_cfg_input
                0x0000000000005134       0x2a Output/Debug/Obj/fatfs_pca10040/nrfx_spim.o
 .text.nrf_gpio_cfg_default
                0x000000000000515e       0x22 Output/Debug/Obj/fatfs_pca10040/nrfx_spim.o
 .text.nrf_gpio_pin_set
                0x0000000000005180       0x28 Output/Debug/Obj/fatfs_pca10040/nrfx_spim.o
 .text.nrf_gpio_pin_clear
                0x00000000000051a8       0x28 Output/Debug/Obj/fatfs_pca10040/nrfx_spim.o
 .text.nrf_gpio_port_out_set
                0x00000000000051d0       0x14 Output/Debug/Obj/fatfs_pca10040/nrfx_spim.o
 .text.nrf_gpio_port_out_clear
                0x00000000000051e4       0x14 Output/Debug/Obj/fatfs_pca10040/nrfx_spim.o
 .text.nrf_gpio_pin_present_check
                0x00000000000051f8       0x40 Output/Debug/Obj/fatfs_pca10040/nrfx_spim.o
 .text.nrfx_spim_init
                0x0000000000005238      0x1d0 Output/Debug/Obj/fatfs_pca10040/nrfx_spim.o
                0x0000000000005238                nrfx_spim_init
 .text.nrfx_spim_uninit
                0x0000000000005408       0xcc Output/Debug/Obj/fatfs_pca10040/nrfx_spim.o
                0x0000000000005408                nrfx_spim_uninit
 .text.finish_transfer
                0x00000000000054d4       0x52 Output/Debug/Obj/fatfs_pca10040/nrfx_spim.o
 .text.spim_int_enable
                0x0000000000005526       0x34 Output/Debug/Obj/fatfs_pca10040/nrfx_spim.o
 .text.spim_list_enable_handle
                0x000000000000555a       0x40 Output/Debug/Obj/fatfs_pca10040/nrfx_spim.o
 .text.spim_xfer
                0x000000000000559a      0x108 Output/Debug/Obj/fatfs_pca10040/nrfx_spim.o
 *fill*         0x00000000000056a2        0x2 
 .text.nrfx_spim_xfer
                0x00000000000056a4      0x108 Output/Debug/Obj/fatfs_pca10040/nrfx_spim.o
                0x00000000000056a4                nrfx_spim_xfer
 .text.irq_handler
                0x00000000000057ac       0x48 Output/Debug/Obj/fatfs_pca10040/nrfx_spim.o
 .text.SPIM0_SPIS0_TWIM0_TWIS0_SPI0_TWI0_IRQHandler
                0x00000000000057f4       0x18 Output/Debug/Obj/fatfs_pca10040/nrfx_spim.o
                0x00000000000057f4                SPIM0_SPIS0_TWIM0_TWIS0_SPI0_TWI0_IRQHandler
 .text.__NVIC_EnableIRQ
                0x000000000000580c       0x34 Output/Debug/Obj/fatfs_pca10040/nrfx_uart.o
 .text.__NVIC_DisableIRQ
                0x0000000000005840       0x44 Output/Debug/Obj/fatfs_pca10040/nrfx_uart.o
 .text.__NVIC_SetPriority
                0x0000000000005884       0x50 Output/Debug/Obj/fatfs_pca10040/nrfx_uart.o
 .text.nrfx_get_irq_number
                0x00000000000058d4       0x10 Output/Debug/Obj/fatfs_pca10040/nrfx_uart.o
 .text._NRFX_IRQ_PRIORITY_SET
                0x00000000000058e4       0x40 Output/Debug/Obj/fatfs_pca10040/nrfx_uart.o
 .text._NRFX_IRQ_ENABLE
                0x0000000000005924       0x1c Output/Debug/Obj/fatfs_pca10040/nrfx_uart.o
 .text._NRFX_IRQ_DISABLE
                0x0000000000005940       0x1c Output/Debug/Obj/fatfs_pca10040/nrfx_uart.o
 .text.nrf_uart_event_clear
                0x000000000000595c       0x2a Output/Debug/Obj/fatfs_pca10040/nrfx_uart.o
 .text.nrf_uart_event_check
                0x0000000000005986       0x24 Output/Debug/Obj/fatfs_pca10040/nrfx_uart.o
 .text.nrf_uart_int_enable
                0x00000000000059aa       0x14 Output/Debug/Obj/fatfs_pca10040/nrfx_uart.o
 .text.nrf_uart_int_enable_check
                0x00000000000059be       0x20 Output/Debug/Obj/fatfs_pca10040/nrfx_uart.o
 .text.nrf_uart_int_disable
                0x00000000000059de       0x14 Output/Debug/Obj/fatfs_pca10040/nrfx_uart.o
 .text.nrf_uart_errorsrc_get_and_clear
                0x00000000000059f2       0x1c Output/Debug/Obj/fatfs_pca10040/nrfx_uart.o
 .text.nrf_uart_enable
                0x0000000000005a0e       0x12 Output/Debug/Obj/fatfs_pca10040/nrfx_uart.o
 .text.nrf_uart_disable
                0x0000000000005a20       0x12 Output/Debug/Obj/fatfs_pca10040/nrfx_uart.o
 .text.nrf_uart_txrx_pins_set
                0x0000000000005a32       0x1e Output/Debug/Obj/fatfs_pca10040/nrfx_uart.o
 .text.nrf_uart_txrx_pins_disconnect
                0x0000000000005a50       0x1c Output/Debug/Obj/fatfs_pca10040/nrfx_uart.o
 .text.nrf_uart_tx_pin_get
                0x0000000000005a6c       0x10 Output/Debug/Obj/fatfs_pca10040/nrfx_uart.o
 .text.nrf_uart_rx_pin_get
                0x0000000000005a7c       0x10 Output/Debug/Obj/fatfs_pca10040/nrfx_uart.o
 .text.nrf_uart_rts_pin_get
                0x0000000000005a8c       0x10 Output/Debug/Obj/fatfs_pca10040/nrfx_uart.o
 .text.nrf_uart_cts_pin_get
                0x0000000000005a9c       0x10 Output/Debug/Obj/fatfs_pca10040/nrfx_uart.o
 .text.nrf_uart_hwfc_pins_set
                0x0000000000005aac       0x1e Output/Debug/Obj/fatfs_pca10040/nrfx_uart.o
 .text.nrf_uart_hwfc_pins_disconnect
                0x0000000000005aca       0x1c Output/Debug/Obj/fatfs_pca10040/nrfx_uart.o
 .text.nrf_uart_rxd_get
                0x0000000000005ae6       0x12 Output/Debug/Obj/fatfs_pca10040/nrfx_uart.o
 .text.nrf_uart_txd_set
                0x0000000000005af8       0x1a Output/Debug/Obj/fatfs_pca10040/nrfx_uart.o
 .text.nrf_uart_task_trigger
                0x0000000000005b12       0x1c Output/Debug/Obj/fatfs_pca10040/nrfx_uart.o
 .text.nrf_uart_configure
                0x0000000000005b2e       0x2a Output/Debug/Obj/fatfs_pca10040/nrfx_uart.o
 .text.nrf_uart_baudrate_set
                0x0000000000005b58       0x14 Output/Debug/Obj/fatfs_pca10040/nrfx_uart.o
 .text.nrf_gpio_pin_port_decode
                0x0000000000005b6c       0x30 Output/Debug/Obj/fatfs_pca10040/nrfx_uart.o
 .text.nrf_gpio_cfg
                0x0000000000005b9c       0x62 Output/Debug/Obj/fatfs_pca10040/nrfx_uart.o
 .text.nrf_gpio_cfg_output
                0x0000000000005bfe       0x22 Output/Debug/Obj/fatfs_pca10040/nrfx_uart.o
 .text.nrf_gpio_cfg_input
                0x0000000000005c20       0x2a Output/Debug/Obj/fatfs_pca10040/nrfx_uart.o
 .text.nrf_gpio_cfg_default
                0x0000000000005c4a       0x22 Output/Debug/Obj/fatfs_pca10040/nrfx_uart.o
 .text.nrf_gpio_pin_set
                0x0000000000005c6c       0x28 Output/Debug/Obj/fatfs_pca10040/nrfx_uart.o
 .text.nrf_gpio_port_out_set
                0x0000000000005c94       0x14 Output/Debug/Obj/fatfs_pca10040/nrfx_uart.o
 .text.nrf_gpio_pin_present_check
                0x0000000000005ca8       0x40 Output/Debug/Obj/fatfs_pca10040/nrfx_uart.o
 .text.apply_config
                0x0000000000005ce8       0xc6 Output/Debug/Obj/fatfs_pca10040/nrfx_uart.o
 *fill*         0x0000000000005dae        0x2 
 .text.interrupts_enable
                0x0000000000005db0       0x6c Output/Debug/Obj/fatfs_pca10040/nrfx_uart.o
 .text.interrupts_disable
                0x0000000000005e1c       0x30 Output/Debug/Obj/fatfs_pca10040/nrfx_uart.o
 .text.pins_to_default
                0x0000000000005e4c       0x8a Output/Debug/Obj/fatfs_pca10040/nrfx_uart.o
 *fill*         0x0000000000005ed6        0x2 
 .text.nrfx_uart_init
                0x0000000000005ed8       0xd4 Output/Debug/Obj/fatfs_pca10040/nrfx_uart.o
                0x0000000000005ed8                nrfx_uart_init
 .text.nrfx_uart_uninit
                0x0000000000005fac       0x5c Output/Debug/Obj/fatfs_pca10040/nrfx_uart.o
                0x0000000000005fac                nrfx_uart_uninit
 .text.tx_byte  0x0000000000006008       0x40 Output/Debug/Obj/fatfs_pca10040/nrfx_uart.o
 .text.tx_blocking
                0x0000000000006048       0x52 Output/Debug/Obj/fatfs_pca10040/nrfx_uart.o
 *fill*         0x000000000000609a        0x2 
 .text.nrfx_uart_tx
                0x000000000000609c      0x110 Output/Debug/Obj/fatfs_pca10040/nrfx_uart.o
                0x000000000000609c                nrfx_uart_tx
 .text.nrfx_uart_tx_in_progress
                0x00000000000061ac       0x2c Output/Debug/Obj/fatfs_pca10040/nrfx_uart.o
                0x00000000000061ac                nrfx_uart_tx_in_progress
 .text.rx_byte  0x00000000000061d8       0x4e Output/Debug/Obj/fatfs_pca10040/nrfx_uart.o
 .text.rx_done_event
                0x0000000000006226       0x2e Output/Debug/Obj/fatfs_pca10040/nrfx_uart.o
 .text.tx_done_event
                0x0000000000006254       0x34 Output/Debug/Obj/fatfs_pca10040/nrfx_uart.o
 .text.uart_irq_handler
                0x0000000000006288      0x1de Output/Debug/Obj/fatfs_pca10040/nrfx_uart.o
 *fill*         0x0000000000006466        0x2 
 .text.nrfx_uart_0_irq_handler
                0x0000000000006468       0x18 Output/Debug/Obj/fatfs_pca10040/nrfx_uart.o
                0x0000000000006468                nrfx_uart_0_irq_handler
 .text.__NVIC_EnableIRQ
                0x0000000000006480       0x34 Output/Debug/Obj/fatfs_pca10040/nrfx_uarte.o
 .text.__NVIC_DisableIRQ
                0x00000000000064b4       0x44 Output/Debug/Obj/fatfs_pca10040/nrfx_uarte.o
 .text.__NVIC_SetPriority
                0x00000000000064f8       0x50 Output/Debug/Obj/fatfs_pca10040/nrfx_uarte.o
 .text.nrfx_is_in_ram
                0x0000000000006548       0x1c Output/Debug/Obj/fatfs_pca10040/nrfx_uarte.o
 .text.nrfx_get_irq_number
                0x0000000000006564       0x10 Output/Debug/Obj/fatfs_pca10040/nrfx_uarte.o
 .text._NRFX_IRQ_PRIORITY_SET
                0x0000000000006574       0x40 Output/Debug/Obj/fatfs_pca10040/nrfx_uarte.o
 .text._NRFX_IRQ_ENABLE
                0x00000000000065b4       0x1c Output/Debug/Obj/fatfs_pca10040/nrfx_uarte.o
 .text._NRFX_IRQ_DISABLE
                0x00000000000065d0       0x1c Output/Debug/Obj/fatfs_pca10040/nrfx_uarte.o
 .text.nrf_uarte_event_clear
                0x00000000000065ec       0x2a Output/Debug/Obj/fatfs_pca10040/nrfx_uarte.o
 .text.nrf_uarte_event_check
                0x0000000000006616       0x24 Output/Debug/Obj/fatfs_pca10040/nrfx_uarte.o
 .text.nrf_uarte_shorts_disable
                0x000000000000663a       0x1e Output/Debug/Obj/fatfs_pca10040/nrfx_uarte.o
 .text.nrf_uarte_int_enable
                0x0000000000006658       0x14 Output/Debug/Obj/fatfs_pca10040/nrfx_uarte.o
 .text.nrf_uarte_int_disable
                0x000000000000666c       0x14 Output/Debug/Obj/fatfs_pca10040/nrfx_uarte.o
 .text.nrf_uarte_errorsrc_get_and_clear
                0x0000000000006680       0x1c Output/Debug/Obj/fatfs_pca10040/nrfx_uarte.o
 .text.nrf_uarte_enable
                0x000000000000669c       0x12 Output/Debug/Obj/fatfs_pca10040/nrfx_uarte.o
 .text.nrf_uarte_disable
                0x00000000000066ae       0x12 Output/Debug/Obj/fatfs_pca10040/nrfx_uarte.o
 .text.nrf_uarte_txrx_pins_set
                0x00000000000066c0       0x1e Output/Debug/Obj/fatfs_pca10040/nrfx_uarte.o
 .text.nrf_uarte_txrx_pins_disconnect
                0x00000000000066de       0x1c Output/Debug/Obj/fatfs_pca10040/nrfx_uarte.o
 .text.nrf_uarte_tx_pin_get
                0x00000000000066fa       0x10 Output/Debug/Obj/fatfs_pca10040/nrfx_uarte.o
 .text.nrf_uarte_rx_pin_get
                0x000000000000670a       0x10 Output/Debug/Obj/fatfs_pca10040/nrfx_uarte.o
 .text.nrf_uarte_rts_pin_get
                0x000000000000671a       0x10 Output/Debug/Obj/fatfs_pca10040/nrfx_uarte.o
 .text.nrf_uarte_cts_pin_get
                0x000000000000672a       0x10 Output/Debug/Obj/fatfs_pca10040/nrfx_uarte.o
 .text.nrf_uarte_hwfc_pins_set
                0x000000000000673a       0x1e Output/Debug/Obj/fatfs_pca10040/nrfx_uarte.o
 .text.nrf_uarte_hwfc_pins_disconnect
                0x0000000000006758       0x1c Output/Debug/Obj/fatfs_pca10040/nrfx_uarte.o
 .text.nrf_uarte_task_trigger
                0x0000000000006774       0x1c Output/Debug/Obj/fatfs_pca10040/nrfx_uarte.o
 .text.nrf_uarte_configure
                0x0000000000006790       0x2a Output/Debug/Obj/fatfs_pca10040/nrfx_uarte.o
 .text.nrf_uarte_baudrate_set
                0x00000000000067ba       0x14 Output/Debug/Obj/fatfs_pca10040/nrfx_uarte.o
 .text.nrf_uarte_tx_buffer_set
                0x00000000000067ce       0x1e Output/Debug/Obj/fatfs_pca10040/nrfx_uarte.o
 .text.nrf_uarte_tx_amount_get
                0x00000000000067ec       0x10 Output/Debug/Obj/fatfs_pca10040/nrfx_uarte.o
 .text.nrf_uarte_rx_amount_get
                0x00000000000067fc       0x10 Output/Debug/Obj/fatfs_pca10040/nrfx_uarte.o
 .text.nrf_gpio_pin_port_decode
                0x000000000000680c       0x30 Output/Debug/Obj/fatfs_pca10040/nrfx_uarte.o
 .text.nrf_gpio_cfg
                0x000000000000683c       0x62 Output/Debug/Obj/fatfs_pca10040/nrfx_uarte.o
 .text.nrf_gpio_cfg_output
                0x000000000000689e       0x22 Output/Debug/Obj/fatfs_pca10040/nrfx_uarte.o
 .text.nrf_gpio_cfg_input
                0x00000000000068c0       0x2a Output/Debug/Obj/fatfs_pca10040/nrfx_uarte.o
 .text.nrf_gpio_cfg_default
                0x00000000000068ea       0x22 Output/Debug/Obj/fatfs_pca10040/nrfx_uarte.o
 .text.nrf_gpio_pin_set
                0x000000000000690c       0x28 Output/Debug/Obj/fatfs_pca10040/nrfx_uarte.o
 .text.nrf_gpio_port_out_set
                0x0000000000006934       0x14 Output/Debug/Obj/fatfs_pca10040/nrfx_uarte.o
 .text.nrf_gpio_pin_present_check
                0x0000000000006948       0x40 Output/Debug/Obj/fatfs_pca10040/nrfx_uarte.o
 .text.apply_config
                0x0000000000006988       0xc6 Output/Debug/Obj/fatfs_pca10040/nrfx_uarte.o
 *fill*         0x0000000000006a4e        0x2 
 .text.interrupts_enable
                0x0000000000006a50       0x98 Output/Debug/Obj/fatfs_pca10040/nrfx_uarte.o
 .text.interrupts_disable
                0x0000000000006ae8       0x30 Output/Debug/Obj/fatfs_pca10040/nrfx_uarte.o
 .text.pins_to_default
                0x0000000000006b18       0x8a Output/Debug/Obj/fatfs_pca10040/nrfx_uarte.o
 *fill*         0x0000000000006ba2        0x2 
 .text.nrfx_uarte_init
                0x0000000000006ba4       0xcc Output/Debug/Obj/fatfs_pca10040/nrfx_uarte.o
                0x0000000000006ba4                nrfx_uarte_init
 .text.nrfx_uarte_uninit
                0x0000000000006c70       0xc4 Output/Debug/Obj/fatfs_pca10040/nrfx_uarte.o
                0x0000000000006c70                nrfx_uarte_uninit
 .text.nrfx_uarte_tx
                0x0000000000006d34      0x17c Output/Debug/Obj/fatfs_pca10040/nrfx_uarte.o
                0x0000000000006d34                nrfx_uarte_tx
 .text.nrfx_uarte_tx_in_progress
                0x0000000000006eb0       0x30 Output/Debug/Obj/fatfs_pca10040/nrfx_uarte.o
                0x0000000000006eb0                nrfx_uarte_tx_in_progress
 .text.rx_done_event
                0x0000000000006ee0       0x2e Output/Debug/Obj/fatfs_pca10040/nrfx_uarte.o
 .text.tx_done_event
                0x0000000000006f0e       0x34 Output/Debug/Obj/fatfs_pca10040/nrfx_uarte.o
 .text.uarte_irq_handler
                0x0000000000006f42      0x18c Output/Debug/Obj/fatfs_pca10040/nrfx_uarte.o
 *fill*         0x00000000000070ce        0x2 
 .text.nrfx_uarte_0_irq_handler
                0x00000000000070d0       0x18 Output/Debug/Obj/fatfs_pca10040/nrfx_uarte.o
                0x00000000000070d0                nrfx_uarte_0_irq_handler
 .text.fatfs_example
                0x00000000000070e8      0x2dc Output/Debug/Obj/fatfs_pca10040/main.o
 .text.main     0x00000000000073c4       0x58 Output/Debug/Obj/fatfs_pca10040/main.o
                0x00000000000073c4                main
 .text.nrf_blk_dev_init
                0x000000000000741c       0x38 Output/Debug/Obj/fatfs_pca10040/diskio_blkdev.o
 .text.nrf_blk_dev_read_req
                0x0000000000007454       0x64 Output/Debug/Obj/fatfs_pca10040/diskio_blkdev.o
 .text.nrf_blk_dev_write_req
                0x00000000000074b8       0x64 Output/Debug/Obj/fatfs_pca10040/diskio_blkdev.o
 .text.nrf_blk_dev_ioctl
                0x000000000000751c       0x40 Output/Debug/Obj/fatfs_pca10040/diskio_blkdev.o
 .text.nrf_blk_dev_geometry
                0x000000000000755c       0x34 Output/Debug/Obj/fatfs_pca10040/diskio_blkdev.o
 .text.block_dev_handler
                0x0000000000007590       0x74 Output/Debug/Obj/fatfs_pca10040/diskio_blkdev.o
 .text.default_wait_func
                0x0000000000007604        0x6 Output/Debug/Obj/fatfs_pca10040/diskio_blkdev.o
 *fill*         0x000000000000760a        0x2 
 .text.disk_initialize
                0x000000000000760c      0x194 Output/Debug/Obj/fatfs_pca10040/diskio_blkdev.o
                0x000000000000760c                disk_initialize
 .text.disk_status
                0x00000000000077a0       0x54 Output/Debug/Obj/fatfs_pca10040/diskio_blkdev.o
                0x00000000000077a0                disk_status
 .text.disk_read
                0x00000000000077f4      0x11c Output/Debug/Obj/fatfs_pca10040/diskio_blkdev.o
                0x00000000000077f4                disk_read
 .text.disk_write
                0x0000000000007910      0x140 Output/Debug/Obj/fatfs_pca10040/diskio_blkdev.o
                0x0000000000007910                disk_write
 .text.disk_ioctl
                0x0000000000007a50      0x134 Output/Debug/Obj/fatfs_pca10040/diskio_blkdev.o
                0x0000000000007a50                disk_ioctl
 .text.diskio_blockdev_register
                0x0000000000007b84       0x3c Output/Debug/Obj/fatfs_pca10040/diskio_blkdev.o
                0x0000000000007b84                diskio_blockdev_register
 .text.ld_word  0x0000000000007bc0       0x2e Output/Debug/Obj/fatfs_pca10040/ff.o
 .text.ld_dword
                0x0000000000007bee       0x3c Output/Debug/Obj/fatfs_pca10040/ff.o
 .text.st_word  0x0000000000007c2a       0x36 Output/Debug/Obj/fatfs_pca10040/ff.o
 .text.st_dword
                0x0000000000007c60       0x4e Output/Debug/Obj/fatfs_pca10040/ff.o
 .text.mem_cpy  0x0000000000007cae       0x38 Output/Debug/Obj/fatfs_pca10040/ff.o
 .text.mem_set  0x0000000000007ce6       0x2c Output/Debug/Obj/fatfs_pca10040/ff.o
 .text.mem_cmp  0x0000000000007d12       0x44 Output/Debug/Obj/fatfs_pca10040/ff.o
 .text.chk_chr  0x0000000000007d56       0x2c Output/Debug/Obj/fatfs_pca10040/ff.o
 .text.sync_window
                0x0000000000007d82       0x8c Output/Debug/Obj/fatfs_pca10040/ff.o
 .text.move_window
                0x0000000000007e0e       0x62 Output/Debug/Obj/fatfs_pca10040/ff.o
 .text.sync_fs  0x0000000000007e70       0xe4 Output/Debug/Obj/fatfs_pca10040/ff.o
 .text.clust2sect
                0x0000000000007f54       0x34 Output/Debug/Obj/fatfs_pca10040/ff.o
 .text.get_fat  0x0000000000007f88      0x14e Output/Debug/Obj/fatfs_pca10040/ff.o
 .text.put_fat  0x00000000000080d6      0x1e4 Output/Debug/Obj/fatfs_pca10040/ff.o
 .text.remove_chain
                0x00000000000082ba       0xd6 Output/Debug/Obj/fatfs_pca10040/ff.o
 .text.create_chain
                0x0000000000008390      0x138 Output/Debug/Obj/fatfs_pca10040/ff.o
 .text.dir_sdi  0x00000000000084c8       0xf4 Output/Debug/Obj/fatfs_pca10040/ff.o
 .text.dir_next
                0x00000000000085bc      0x188 Output/Debug/Obj/fatfs_pca10040/ff.o
 .text.dir_alloc
                0x0000000000008744       0x9e Output/Debug/Obj/fatfs_pca10040/ff.o
 .text.ld_clust
                0x00000000000087e2       0x3c Output/Debug/Obj/fatfs_pca10040/ff.o
 .text.st_clust
                0x000000000000881e       0x3e Output/Debug/Obj/fatfs_pca10040/ff.o
 .text.dir_read
                0x000000000000885c       0xd8 Output/Debug/Obj/fatfs_pca10040/ff.o
 .text.dir_find
                0x0000000000008934       0xbe Output/Debug/Obj/fatfs_pca10040/ff.o
 .text.dir_register
                0x00000000000089f2       0x6c Output/Debug/Obj/fatfs_pca10040/ff.o
 .text.get_fileinfo
                0x0000000000008a5e       0xc6 Output/Debug/Obj/fatfs_pca10040/ff.o
 .text.create_name
                0x0000000000008b24      0x1ac Output/Debug/Obj/fatfs_pca10040/ff.o
 .text.follow_path
                0x0000000000008cd0       0xf8 Output/Debug/Obj/fatfs_pca10040/ff.o
 .text.get_ldnumber
                0x0000000000008dc8       0x7e Output/Debug/Obj/fatfs_pca10040/ff.o
 *fill*         0x0000000000008e46        0x2 
 .text.check_fs
                0x0000000000008e48       0xac Output/Debug/Obj/fatfs_pca10040/ff.o
 .text.find_volume
                0x0000000000008ef4      0x4a0 Output/Debug/Obj/fatfs_pca10040/ff.o
 .text.validate
                0x0000000000009394       0x6c Output/Debug/Obj/fatfs_pca10040/ff.o
 .text.f_mount  0x0000000000009400       0x88 Output/Debug/Obj/fatfs_pca10040/ff.o
                0x0000000000009400                f_mount
 .text.f_open   0x0000000000009488      0x32c Output/Debug/Obj/fatfs_pca10040/ff.o
                0x0000000000009488                f_open
 .text.f_write  0x00000000000097b4      0x2ce Output/Debug/Obj/fatfs_pca10040/ff.o
                0x00000000000097b4                f_write
 *fill*         0x0000000000009a82        0x2 
 .text.f_sync   0x0000000000009a84      0x108 Output/Debug/Obj/fatfs_pca10040/ff.o
                0x0000000000009a84                f_sync
 .text.f_close  0x0000000000009b8c       0x46 Output/Debug/Obj/fatfs_pca10040/ff.o
                0x0000000000009b8c                f_close
 .text.f_opendir
                0x0000000000009bd2       0xc8 Output/Debug/Obj/fatfs_pca10040/ff.o
                0x0000000000009bd2                f_opendir
 .text.f_readdir
                0x0000000000009c9a       0x8c Output/Debug/Obj/fatfs_pca10040/ff.o
                0x0000000000009c9a                f_readdir
 *fill*         0x0000000000009d26        0x2 
 .text.__NVIC_SystemReset
                0x0000000000009d28       0x28 Output/Debug/Obj/fatfs_pca10040/system_nrf52.o
 .text.nrf52_errata_12
                0x0000000000009d50       0x88 Output/Debug/Obj/fatfs_pca10040/system_nrf52.o
 .text.nrf52_errata_16
                0x0000000000009dd8       0x68 Output/Debug/Obj/fatfs_pca10040/system_nrf52.o
 .text.nrf52_errata_31
                0x0000000000009e40       0x88 Output/Debug/Obj/fatfs_pca10040/system_nrf52.o
 .text.nrf52_errata_32
                0x0000000000009ec8       0x68 Output/Debug/Obj/fatfs_pca10040/system_nrf52.o
 .text.nrf52_errata_36
                0x0000000000009f30       0x88 Output/Debug/Obj/fatfs_pca10040/system_nrf52.o
 .text.nrf52_errata_37
                0x0000000000009fb8       0x68 Output/Debug/Obj/fatfs_pca10040/system_nrf52.o
 .text.nrf52_errata_57
                0x000000000000a020       0x68 Output/Debug/Obj/fatfs_pca10040/system_nrf52.o
 .text.nrf52_errata_66
                0x000000000000a088       0x88 Output/Debug/Obj/fatfs_pca10040/system_nrf52.o
 .text.nrf52_errata_108
                0x000000000000a110       0x88 Output/Debug/Obj/fatfs_pca10040/system_nrf52.o
 .text.nrf52_errata_136
                0x000000000000a198       0x88 Output/Debug/Obj/fatfs_pca10040/system_nrf52.o
 .text.nrf52_errata_182
                0x000000000000a220       0x60 Output/Debug/Obj/fatfs_pca10040/system_nrf52.o
 .text.nrf52_errata_249
                0x000000000000a280       0x60 Output/Debug/Obj/fatfs_pca10040/system_nrf52.o
 .text.nrf52_handle_approtect
                0x000000000000a2e0       0x20 Output/Debug/Obj/fatfs_pca10040/system_nrf52.o
 .text.nvmc_wait
                0x000000000000a300       0x18 Output/Debug/Obj/fatfs_pca10040/system_nrf52.o
                0x000000000000a300                nvmc_wait
 .text.nvmc_config
                0x000000000000a318       0x20 Output/Debug/Obj/fatfs_pca10040/system_nrf52.o
                0x000000000000a318                nvmc_config
 .text.SystemCoreClockUpdate
                0x000000000000a338       0x14 Output/Debug/Obj/fatfs_pca10040/system_nrf52.o
                0x000000000000a338                SystemCoreClockUpdate
 .text.SystemInit
                0x000000000000a34c      0x2ac Output/Debug/Obj/fatfs_pca10040/system_nrf52.o
                0x000000000000a34c                SystemInit
 .text.libc.__SEGGER_RTL_ascii_mbtowc
                0x000000000000a5f8       0x2e C:/Program Files/SEGGER/SEGGER Embedded Studio for ARM 6.32a/lib/libc_v7em_fpv4_sp_d16_hard_t_le_eabi_balanced.a(mbops.o)
                0x000000000000a5f8                __SEGGER_RTL_ascii_mbtowc
 .text.libc.__SEGGER_RTL_ascii_wctomb
                0x000000000000a626        0xe C:/Program Files/SEGGER/SEGGER Embedded Studio for ARM 6.32a/lib/libc_v7em_fpv4_sp_d16_hard_t_le_eabi_balanced.a(mbops.o)
                0x000000000000a626                __SEGGER_RTL_ascii_wctomb
 .text.libc.__SEGGER_RTL_isctype
                0x000000000000a634       0x1e C:/Program Files/SEGGER/SEGGER Embedded Studio for ARM 6.32a/lib/libc_v7em_fpv4_sp_d16_hard_t_le_eabi_balanced.a(mbops.o)
 .text.libc.isprint
                0x000000000000a652        0x6 C:/Program Files/SEGGER/SEGGER Embedded Studio for ARM 6.32a/lib/libc_v7em_fpv4_sp_d16_hard_t_le_eabi_balanced.a(mbops.o)
                0x000000000000a652                isprint
 .text.libc.__SEGGER_RTL_ascii_isctype
                0x000000000000a658       0x20 C:/Program Files/SEGGER/SEGGER Embedded Studio for ARM 6.32a/lib/libc_v7em_fpv4_sp_d16_hard_t_le_eabi_balanced.a(mbops.o)
 .text.libc.__SEGGER_RTL_ascii_toupper
                0x000000000000a678        0xc C:/Program Files/SEGGER/SEGGER Embedded Studio for ARM 6.32a/lib/libc_v7em_fpv4_sp_d16_hard_t_le_eabi_balanced.a(mbops.o)
 .text.libc.__SEGGER_RTL_ascii_tolower
                0x000000000000a684        0xc C:/Program Files/SEGGER/SEGGER Embedded Studio for ARM 6.32a/lib/libc_v7em_fpv4_sp_d16_hard_t_le_eabi_balanced.a(mbops.o)
 .text.libc.__SEGGER_RTL_ascii_iswctype
                0x000000000000a690       0x20 C:/Program Files/SEGGER/SEGGER Embedded Studio for ARM 6.32a/lib/libc_v7em_fpv4_sp_d16_hard_t_le_eabi_balanced.a(mbops.o)
 .text.libc.__SEGGER_RTL_ascii_towupper
                0x000000000000a6b0        0xc C:/Program Files/SEGGER/SEGGER Embedded Studio for ARM 6.32a/lib/libc_v7em_fpv4_sp_d16_hard_t_le_eabi_balanced.a(mbops.o)
 .text.libc.__SEGGER_RTL_ascii_towlower
                0x000000000000a6bc        0xc C:/Program Files/SEGGER/SEGGER Embedded Studio for ARM 6.32a/lib/libc_v7em_fpv4_sp_d16_hard_t_le_eabi_balanced.a(mbops.o)
 .text.libc.strlen
                0x000000000000a6c8       0x60 C:/Program Files/SEGGER/SEGGER Embedded Studio for ARM 6.32a/lib/libc_v7em_fpv4_sp_d16_hard_t_le_eabi_balanced.a(strasmops_arm.o)
                0x000000000000a6c8                strlen
 .text.libc.memcpy
                0x000000000000a728       0x64 C:/Program Files/SEGGER/SEGGER Embedded Studio for ARM 6.32a/lib/libc_v7em_fpv4_sp_d16_hard_t_le_eabi_balanced.a(strasmops_arm.o)
                0x000000000000a728                __aeabi_memcpy
                0x000000000000a728                memcpy
                0x000000000000a74a                __aeabi_memcpy8
                0x000000000000a74a                __aeabi_memcpy4
 .text.__SEGGER_RTL_init_heap
                0x000000000000a78c       0x14 C:/Program Files/SEGGER/SEGGER Embedded Studio for ARM 6.32a/lib/heapops_basic_v7em_little.a(heapops_basic.o)
                0x000000000000a78c                __SEGGER_RTL_init_heap
                0x000000000000a7a0                . = ALIGN (MAX ((__text_start__ + 0x4), .), 0x4)
                0x000000000000a7a0                __text_end__ = (__text_start__ + SIZEOF (.text))
                0x000000000000a3d4                __text_size__ = SIZEOF (.text)
                0x000000000000a7a0                __text_load_end__ = __text_end__

.vfp11_veneer   0x0000000100000000        0x0
 .vfp11_veneer  0x0000000100000000        0x0 linker stubs

.v4_bx          0x0000000100000000        0x0
 .v4_bx         0x0000000100000000        0x0 linker stubs

.iplt           0x0000000100000000        0x0
 .iplt          0x0000000100000000        0x0 Output/Debug/Obj/fatfs_pca10040/thumb_crt0.o
                0x0000000000000001                . = ASSERT (((__text_start__ == __text_end__) || ((__text_end__ - __FLASH1_segment_start__) <= __FLASH1_segment_size__)), error: .text is too large to fit in FLASH1 memory segment)
                0x0000000000000000                . = ASSERT ((__text_size__ <= 0x4), error: .text is larger than specified size)
                0x000000000000a7a0                __log_const_data_load_start__ = ALIGN (__text_end__, 0x4)

.log_const_data
                0x000000000000a7a0       0x28
                0x000000000000a7a0                __log_const_data_start__ = .
                0x000000000000a7a0                __start_log_const_data = __log_const_data_start__
 *(SORT_BY_NAME(.log_const_data*))
 .log_const_data_PRS
                0x000000000000a7a0        0x8 Output/Debug/Obj/fatfs_pca10040/nrfx_prs.o
                0x000000000000a7a0                m_nrf_log_PRS_logs_data_const
 .log_const_data_SPIM
                0x000000000000a7a8        0x8 Output/Debug/Obj/fatfs_pca10040/nrfx_spim.o
                0x000000000000a7a8                m_nrf_log_SPIM_logs_data_const
 .log_const_data_UART
                0x000000000000a7b0        0x8 Output/Debug/Obj/fatfs_pca10040/nrfx_uart.o
                0x000000000000a7b0                m_nrf_log_UART_logs_data_const
 .log_const_data_UARTE
                0x000000000000a7b8        0x8 Output/Debug/Obj/fatfs_pca10040/nrfx_uarte.o
                0x000000000000a7b8                m_nrf_log_UARTE_logs_data_const
 .log_const_data_app
                0x000000000000a7c0        0x8 Output/Debug/Obj/fatfs_pca10040/nrf_log_frontend.o
                0x000000000000a7c0                m_nrf_log_app_logs_data_const
                0x000000000000a7c8                __log_const_data_end__ = (__log_const_data_start__ + SIZEOF (.log_const_data))
                0x0000000000000028                __log_const_data_size__ = SIZEOF (.log_const_data)
                0x000000000000a7c8                __stop_log_const_data = __log_const_data_end__
                0x000000000000a7c8                __log_const_data_load_end__ = __log_const_data_end__
                0x0000000000000001                . = ASSERT (((__log_const_data_start__ == __log_const_data_end__) || ((__log_const_data_end__ - __FLASH1_segment_start__) <= __FLASH1_segment_size__)), error: .log_const_data is too large to fit in FLASH1 memory segment)
                0x000000000000a7c8                __log_backends_load_start__ = ALIGN (__log_const_data_end__, 0x4)

.log_backends   0x000000000000a7c8       0x10
                0x000000000000a7c8                __log_backends_start__ = .
                0x000000000000a7c8                __start_log_backends = __log_backends_start__
 *(SORT_BY_NAME(.log_backends*))
 .log_backends  0x000000000000a7c8       0x10 Output/Debug/Obj/fatfs_pca10040/nrf_log_default_backends.o
                0x000000000000a7d8                __log_backends_end__ = (__log_backends_start__ + SIZEOF (.log_backends))
                0x0000000000000010                __log_backends_size__ = SIZEOF (.log_backends)
                0x000000000000a7d8                __stop_log_backends = __log_backends_end__
                0x000000000000a7d8                __log_backends_load_end__ = __log_backends_end__
                0x0000000000000001                . = ASSERT (((__log_backends_start__ == __log_backends_end__) || ((__log_backends_end__ - __FLASH1_segment_start__) <= __FLASH1_segment_size__)), error: .log_backends is too large to fit in FLASH1 memory segment)
                0x000000000000a7d8                __nrf_balloc_load_start__ = ALIGN (__log_backends_end__, 0x4)

.nrf_balloc     0x000000000000a7d8       0x14
                0x000000000000a7d8                __nrf_balloc_start__ = .
                0x000000000000a7d8                __start_nrf_balloc = __nrf_balloc_start__
 *(.nrf_balloc*)
 .nrf_balloc    0x000000000000a7d8       0x14 Output/Debug/Obj/fatfs_pca10040/nrf_log_frontend.o
                0x000000000000a7d8                log_mempool
                0x000000000000a7ec                __nrf_balloc_end__ = (__nrf_balloc_start__ + SIZEOF (.nrf_balloc))
                0x0000000000000014                __nrf_balloc_size__ = SIZEOF (.nrf_balloc)
                0x000000000000a7ec                __stop_nrf_balloc = __nrf_balloc_end__
                0x000000000000a7ec                __nrf_balloc_load_end__ = __nrf_balloc_end__
                0x0000000000000001                . = ASSERT (((__nrf_balloc_start__ == __nrf_balloc_end__) || ((__nrf_balloc_end__ - __FLASH1_segment_start__) <= __FLASH1_segment_size__)), error: .nrf_balloc is too large to fit in FLASH1 memory segment)
                0x000000000000a7ec                __nrf_sections_load_start__ = ALIGN (__nrf_balloc_end__, 0x4)

.nrf_sections   0x000000000000a7ec        0x0
                0x000000000000a7ec                __nrf_sections_start__ = .
                0x000000000000a7ec                __start_nrf_sections = __nrf_sections_start__
 *(.nrf_sections .nrf_sections.*)
                0x000000000000a7ec                __nrf_sections_end__ = (__nrf_sections_start__ + SIZEOF (.nrf_sections))
                0x0000000000000000                __nrf_sections_size__ = SIZEOF (.nrf_sections)
                0x000000000000a7ec                __nrf_sections_load_end__ = __nrf_sections_end__
                0x0000000000000001                . = ASSERT (((__nrf_sections_start__ == __nrf_sections_end__) || ((__nrf_sections_end__ - __FLASH1_segment_start__) <= __FLASH1_segment_size__)), error: .nrf_sections is too large to fit in FLASH1 memory segment)
                0x000000000000a7ec                __log_dynamic_data_load_start__ = ALIGN (__nrf_sections_end__, 0x4)

.log_dynamic_data
                0x0000000020000000        0x0 load address 0x000000000000a7ec
                0x0000000020000000                __log_dynamic_data_start__ = .
 *(SORT_BY_NAME(.log_dynamic_data*))
                0x0000000020000000                __log_dynamic_data_end__ = (__log_dynamic_data_start__ + SIZEOF (.log_dynamic_data))
                0x0000000000000000                __log_dynamic_data_size__ = SIZEOF (.log_dynamic_data)
                0x000000000000a7ec                __log_dynamic_data_load_end__ = (__log_dynamic_data_load_start__ + SIZEOF (.log_dynamic_data))
                0x0000000000000001                . = ASSERT (((__log_dynamic_data_load_start__ == __log_dynamic_data_load_end__) || ((__log_dynamic_data_load_end__ - __FLASH1_segment_start__) <= __FLASH1_segment_size__)), error: .log_dynamic_data is too large to fit in FLASH1 memory segment)

.log_dynamic_data_run
                0x0000000020000000        0x0
                0x0000000020000000                __log_dynamic_data_run_start__ = .
                0x0000000020000000                __start_log_dynamic_data = __log_dynamic_data_run_start__
                0x0000000020000000                __log_dynamic_data_run_end__ = (__log_dynamic_data_run_start__ + SIZEOF (.log_dynamic_data))
                0x0000000000000000                __log_dynamic_data_run_size__ = (__log_dynamic_data_run_end__ - __log_dynamic_data_run_start__)
                0x0000000020000000                __stop_log_dynamic_data = __log_dynamic_data_run_end__
                0x0000000020000000                __log_dynamic_data_run_load_end__ = __log_dynamic_data_run_end__
                0x0000000000000001                . = ASSERT (((__log_dynamic_data_run_start__ == __log_dynamic_data_run_end__) || ((__log_dynamic_data_run_end__ - __RAM1_segment_start__) <= __RAM1_segment_size__)), error: .log_dynamic_data_run is too large to fit in RAM1 memory segment)
                0x000000000000a7ec                __log_filter_data_load_start__ = ALIGN ((__log_dynamic_data_load_start__ + SIZEOF (.log_dynamic_data)), 0x4)

.log_filter_data
                0x0000000020000000        0x0 load address 0x000000000000a7ec
                0x0000000020000000                __log_filter_data_start__ = .
 *(SORT_BY_NAME(.log_filter_data*))
                0x0000000020000000                __log_filter_data_end__ = (__log_filter_data_start__ + SIZEOF (.log_filter_data))
                0x0000000000000000                __log_filter_data_size__ = SIZEOF (.log_filter_data)
                0x000000000000a7ec                __log_filter_data_load_end__ = (__log_filter_data_load_start__ + SIZEOF (.log_filter_data))
                0x0000000000000001                . = ASSERT (((__log_filter_data_load_start__ == __log_filter_data_load_end__) || ((__log_filter_data_load_end__ - __FLASH1_segment_start__) <= __FLASH1_segment_size__)), error: .log_filter_data is too large to fit in FLASH1 memory segment)

.log_filter_data_run
                0x0000000020000000        0x0
                0x0000000020000000                __log_filter_data_run_start__ = .
                0x0000000020000000                __start_log_filter_data = __log_filter_data_run_start__
                0x0000000020000000                __log_filter_data_run_end__ = (__log_filter_data_run_start__ + SIZEOF (.log_filter_data))
                0x0000000000000000                __log_filter_data_run_size__ = (__log_filter_data_run_end__ - __log_filter_data_run_start__)
                0x0000000020000000                __stop_log_filter_data = __log_filter_data_run_end__
                0x0000000020000000                __log_filter_data_run_load_end__ = __log_filter_data_run_end__
                0x0000000000000001                . = ASSERT (((__log_filter_data_run_start__ == __log_filter_data_run_end__) || ((__log_filter_data_run_end__ - __RAM1_segment_start__) <= __RAM1_segment_size__)), error: .log_filter_data_run is too large to fit in RAM1 memory segment)
                0x0000000020000000                __nrf_sections_run_end_load_start__ = ALIGN (__log_filter_data_run_end__, 0x4)

.nrf_sections_run_end
                0x0000000020000000        0x0
                0x0000000020000000                __nrf_sections_run_end_start__ = .
                0x0000000020000000                __end_nrf_sections_run = __nrf_sections_run_end_start__
 *(.nrf_sections_run_end .nrf_sections_run_end.*)
                0x0000000020000000                __nrf_sections_run_end_end__ = (__nrf_sections_run_end_start__ + SIZEOF (.nrf_sections_run_end))
                0x0000000000000000                __nrf_sections_run_end_size__ = SIZEOF (.nrf_sections_run_end)
                0x0000000020000000                __nrf_sections_run_end_load_end__ = __nrf_sections_run_end_end__
                0x0000000000000001                . = ASSERT (((__nrf_sections_run_end_start__ == __nrf_sections_run_end_end__) || ((__nrf_sections_run_end_end__ - __RAM1_segment_start__) <= __RAM1_segment_size__)), error: .nrf_sections_run_end is too large to fit in RAM1 memory segment)
                0x000000000000a7ec                __dtors_load_start__ = ALIGN ((__log_filter_data_load_start__ + SIZEOF (.log_filter_data)), 0x4)

.dtors          0x000000000000a7ec        0x0
                0x000000000000a7ec                __dtors_start__ = .
 *(SORT_BY_NAME(.dtors.*))
 *(.dtors)
 *(.fini_array)
 *(SORT_BY_NAME(.fini_array.*))
                0x000000000000a7ec                __dtors_end__ = (__dtors_start__ + SIZEOF (.dtors))
                0x0000000000000000                __dtors_size__ = SIZEOF (.dtors)
                0x000000000000a7ec                __dtors_load_end__ = __dtors_end__
                0x0000000000000001                . = ASSERT (((__dtors_start__ == __dtors_end__) || ((__dtors_end__ - __FLASH1_segment_start__) <= __FLASH1_segment_size__)), error: .dtors is too large to fit in FLASH1 memory segment)
                0x000000000000a7ec                __ctors_load_start__ = ALIGN (__dtors_end__, 0x4)

.ctors          0x000000000000a7ec        0x0
                0x000000000000a7ec                __ctors_start__ = .
 *(SORT_BY_NAME(.ctors.*))
 *(.ctors)
 *(.init_array)
 *(SORT_BY_NAME(.init_array.*))
                0x000000000000a7ec                __ctors_end__ = (__ctors_start__ + SIZEOF (.ctors))
                0x0000000000000000                __ctors_size__ = SIZEOF (.ctors)
                0x000000000000a7ec                __ctors_load_end__ = __ctors_end__
                0x0000000000000001                . = ASSERT (((__ctors_start__ == __ctors_end__) || ((__ctors_end__ - __FLASH1_segment_start__) <= __FLASH1_segment_size__)), error: .ctors is too large to fit in FLASH1 memory segment)
                0x000000000000a7ec                __rodata_load_start__ = ALIGN (__ctors_end__, 0x4)

.rodata         0x000000000000a7ec     0x1214
                0x000000000000a7ec                __rodata_start__ = .
 *(.rodata .rodata.* .gnu.linkonce.r.*)
 .rodata        0x000000000000a7ec       0x7c Output/Debug/Obj/fatfs_pca10040/nrf_log_backend_uart.o
 .rodata.nrf_log_backend_uart_api
                0x000000000000a868        0xc Output/Debug/Obj/fatfs_pca10040/nrf_log_backend_uart.o
                0x000000000000a868                nrf_log_backend_uart_api
 .rodata        0x000000000000a874       0x71 Output/Debug/Obj/fatfs_pca10040/nrf_log_default_backends.o
 *fill*         0x000000000000a8e5        0x3 
 .rodata.m_log_push_ringbuf
                0x000000000000a8e8        0xc Output/Debug/Obj/fatfs_pca10040/nrf_log_frontend.o
 .rodata        0x000000000000a8f4       0x6d Output/Debug/Obj/fatfs_pca10040/nrf_log_frontend.o
 *fill*         0x000000000000a961        0x3 
 .rodata        0x000000000000a964       0xaa Output/Debug/Obj/fatfs_pca10040/nrf_log_str_formatter.o
 *fill*         0x000000000000aa0e        0x2 
 .rodata        0x000000000000aa10       0x70 Output/Debug/Obj/fatfs_pca10040/boards.o
 .rodata.m_board_led_list
                0x000000000000aa80        0x4 Output/Debug/Obj/fatfs_pca10040/boards.o
 .rodata.m_board_btn_list
                0x000000000000aa84        0x4 Output/Debug/Obj/fatfs_pca10040/boards.o
 .rodata        0x000000000000aa88       0x70 Output/Debug/Obj/fatfs_pca10040/app_error_weak.o
 .rodata        0x000000000000aaf8       0x7e Output/Debug/Obj/fatfs_pca10040/app_sdcard.o
 *fill*         0x000000000000ab76        0x2 
 .rodata.m_spi  0x000000000000ab78       0x10 Output/Debug/Obj/fatfs_pca10040/app_sdcard.o
 .rodata        0x000000000000ab88       0x53 Output/Debug/Obj/fatfs_pca10040/app_util_platform.o
 *fill*         0x000000000000abdb        0x1 
 .rodata        0x000000000000abdc       0x4e Output/Debug/Obj/fatfs_pca10040/nrf_balloc.o
 *fill*         0x000000000000ac2a        0x2 
 .rodata        0x000000000000ac2c       0x5c Output/Debug/Obj/fatfs_pca10040/nrf_block_dev_sdc.o
 .rodata.nrf_block_device_sdc_ops
                0x000000000000ac88       0x18 Output/Debug/Obj/fatfs_pca10040/nrf_block_dev_sdc.o
                0x000000000000ac88                nrf_block_device_sdc_ops
 .rodata        0x000000000000aca0       0x44 Output/Debug/Obj/fatfs_pca10040/nrf_fprintf.o
 .rodata        0x000000000000ace4       0x4b Output/Debug/Obj/fatfs_pca10040/nrf_fprintf_format.o
 *fill*         0x000000000000ad2f        0x1 
 .rodata._aV2C.0
                0x000000000000ad30       0x10 Output/Debug/Obj/fatfs_pca10040/nrf_fprintf_format.o
 .rodata        0x000000000000ad40       0x4e Output/Debug/Obj/fatfs_pca10040/nrf_memobj.o
 *fill*         0x000000000000ad8e        0x2 
 .rodata.m_unknown_str
                0x000000000000ad90       0x13 Output/Debug/Obj/fatfs_pca10040/nrf_strerror.o
 *fill*         0x000000000000ada3        0x1 
 .rodata        0x000000000000ada4      0x3bd Output/Debug/Obj/fatfs_pca10040/nrf_strerror.o
 *fill*         0x000000000000b161        0x3 
 .rodata.nrf_strerror_array
                0x000000000000b164      0x118 Output/Debug/Obj/fatfs_pca10040/nrf_strerror.o
 .rodata        0x000000000000b27c       0x10 Output/Debug/Obj/fatfs_pca10040/nrf_drv_spi.o
 .rodata        0x000000000000b28c       0x51 Output/Debug/Obj/fatfs_pca10040/nrfx_prs.o
 *fill*         0x000000000000b2dd        0x3 
 .rodata        0x000000000000b2e0       0xb2 Output/Debug/Obj/fatfs_pca10040/nrfx_spim.o
 *fill*         0x000000000000b392        0x2 
 .rodata.irq_handlers.0
                0x000000000000b394        0x4 Output/Debug/Obj/fatfs_pca10040/nrfx_spim.o
 .rodata        0x000000000000b398       0xb2 Output/Debug/Obj/fatfs_pca10040/nrfx_uart.o
 *fill*         0x000000000000b44a        0x2 
 .rodata.irq_handlers.0
                0x000000000000b44c        0x4 Output/Debug/Obj/fatfs_pca10040/nrfx_uart.o
 .rodata        0x000000000000b450       0xb3 Output/Debug/Obj/fatfs_pca10040/nrfx_uarte.o
 *fill*         0x000000000000b503        0x1 
 .rodata.irq_handlers.0
                0x000000000000b504        0x4 Output/Debug/Obj/fatfs_pca10040/nrfx_uarte.o
 .rodata        0x000000000000b508      0x1e3 Output/Debug/Obj/fatfs_pca10040/main.o
 *fill*         0x000000000000b6eb        0x1 
 .rodata.m_block_dev_sdc
                0x000000000000b6ec       0x1c Output/Debug/Obj/fatfs_pca10040/main.o
 .rodata        0x000000000000b708       0x8d Output/Debug/Obj/fatfs_pca10040/diskio_blkdev.o
 *fill*         0x000000000000b795        0x3 
 .rodata        0x000000000000b798       0x44 Output/Debug/Obj/fatfs_pca10040/ff.o
 .rodata.libc.__SEGGER_RTL_c_locale
                0x000000000000b7dc        0xc C:/Program Files/SEGGER/SEGGER Embedded Studio for ARM 6.32a/lib/libc_v7em_fpv4_sp_d16_hard_t_le_eabi_balanced.a(mbops.o)
                0x000000000000b7dc                __SEGGER_RTL_c_locale
 .rodata.libc..L.str
                0x000000000000b7e8        0x2 C:/Program Files/SEGGER/SEGGER Embedded Studio for ARM 6.32a/lib/libc_v7em_fpv4_sp_d16_hard_t_le_eabi_balanced.a(mbops.o)
 *fill*         0x000000000000b7ea        0x2 
 .rodata.libc.__SEGGER_RTL_codeset_ascii
                0x000000000000b7ec       0x20 C:/Program Files/SEGGER/SEGGER Embedded Studio for ARM 6.32a/lib/libc_v7em_fpv4_sp_d16_hard_t_le_eabi_balanced.a(mbops.o)
                0x000000000000b7ec                __SEGGER_RTL_codeset_ascii
 .rodata.libc.__SEGGER_RTL_c_locale_abbrev_day_names
                0x000000000000b80c       0x1d C:/Program Files/SEGGER/SEGGER Embedded Studio for ARM 6.32a/lib/libc_v7em_fpv4_sp_d16_hard_t_le_eabi_balanced.a(mbops.o)
                0x000000000000b80c                __SEGGER_RTL_c_locale_abbrev_day_names
 .rodata.libc.__SEGGER_RTL_c_locale_abbrev_month_names
                0x000000000000b829       0x31 C:/Program Files/SEGGER/SEGGER Embedded Studio for ARM 6.32a/lib/libc_v7em_fpv4_sp_d16_hard_t_le_eabi_balanced.a(mbops.o)
                0x000000000000b829                __SEGGER_RTL_c_locale_abbrev_month_names
 .rodata.libc.__SEGGER_RTL_data_utf8_period
                0x000000000000b85a        0x2 C:/Program Files/SEGGER/SEGGER Embedded Studio for ARM 6.32a/lib/libc_v7em_fpv4_sp_d16_hard_t_le_eabi_balanced.a(mbops.o)
                0x000000000000b85a                __SEGGER_RTL_data_utf8_period
 .rodata.libc.__SEGGER_RTL_data_empty_string
                0x000000000000b85c        0x1 C:/Program Files/SEGGER/SEGGER Embedded Studio for ARM 6.32a/lib/libc_v7em_fpv4_sp_d16_hard_t_le_eabi_balanced.a(mbops.o)
                0x000000000000b85c                __SEGGER_RTL_data_empty_string
 .rodata.libc.__SEGGER_RTL_c_locale_day_names
                0x000000000000b85d       0x3a C:/Program Files/SEGGER/SEGGER Embedded Studio for ARM 6.32a/lib/libc_v7em_fpv4_sp_d16_hard_t_le_eabi_balanced.a(mbops.o)
 .rodata.libc.__SEGGER_RTL_c_locale_month_names
                0x000000000000b897       0x57 C:/Program Files/SEGGER/SEGGER Embedded Studio for ARM 6.32a/lib/libc_v7em_fpv4_sp_d16_hard_t_le_eabi_balanced.a(mbops.o)
 .rodata.libc.__SEGGER_RTL_c_locale_am_pm_indicator
                0x000000000000b8ee        0x7 C:/Program Files/SEGGER/SEGGER Embedded Studio for ARM 6.32a/lib/libc_v7em_fpv4_sp_d16_hard_t_le_eabi_balanced.a(mbops.o)
 .rodata.libc.__SEGGER_RTL_c_locale_date_format
                0x000000000000b8f5        0x9 C:/Program Files/SEGGER/SEGGER Embedded Studio for ARM 6.32a/lib/libc_v7em_fpv4_sp_d16_hard_t_le_eabi_balanced.a(mbops.o)
 .rodata.libc.__SEGGER_RTL_c_locale_time_format
                0x000000000000b8fe        0x9 C:/Program Files/SEGGER/SEGGER Embedded Studio for ARM 6.32a/lib/libc_v7em_fpv4_sp_d16_hard_t_le_eabi_balanced.a(mbops.o)
 .rodata.libc.__SEGGER_RTL_c_locale_date_time_format
                0x000000000000b907        0xf C:/Program Files/SEGGER/SEGGER Embedded Studio for ARM 6.32a/lib/libc_v7em_fpv4_sp_d16_hard_t_le_eabi_balanced.a(mbops.o)
 *fill*         0x000000000000b916        0x2 
 .rodata.libc.__SEGGER_RTL_c_locale_data
                0x000000000000b918       0x58 C:/Program Files/SEGGER/SEGGER Embedded Studio for ARM 6.32a/lib/libc_v7em_fpv4_sp_d16_hard_t_le_eabi_balanced.a(mbops.o)
                0x000000000000b918                __SEGGER_RTL_c_locale_data
 .rodata.libc.__SEGGER_RTL_ascii_ctype_map
                0x000000000000b970       0x80 C:/Program Files/SEGGER/SEGGER Embedded Studio for ARM 6.32a/lib/libc_v7em_fpv4_sp_d16_hard_t_le_eabi_balanced.a(mbops.o)
 .rodata.libc.__SEGGER_RTL_ascii_ctype_mask
                0x000000000000b9f0        0xd C:/Program Files/SEGGER/SEGGER Embedded Studio for ARM 6.32a/lib/libc_v7em_fpv4_sp_d16_hard_t_le_eabi_balanced.a(mbops.o)
                0x000000000000ba00                . = ALIGN (MAX ((__rodata_start__ + 0x4), .), 0x4)
 *fill*         0x000000000000b9fd        0x3 
                0x000000000000ba00                __rodata_end__ = (__rodata_start__ + SIZEOF (.rodata))
                0x0000000000001214                __rodata_size__ = SIZEOF (.rodata)
                0x000000000000ba00                __rodata_load_end__ = __rodata_end__

.rel.dyn        0x000000000000ba00        0x0
 .rel.iplt      0x000000000000ba00        0x0 Output/Debug/Obj/fatfs_pca10040/thumb_crt0.o
                0x0000000000000001                . = ASSERT (((__rodata_start__ == __rodata_end__) || ((__rodata_end__ - __FLASH1_segment_start__) <= __FLASH1_segment_size__)), error: .rodata is too large to fit in FLASH1 memory segment)
                0x0000000000000000                . = ASSERT ((__rodata_size__ <= 0x4), error: .rodata is larger than specified size)
                0x000000000000ba00                __ARM.exidx_load_start__ = ALIGN (__rodata_end__, 0x4)

.ARM.exidx      0x000000000000ba00        0x0
                0x000000000000ba00                __ARM.exidx_start__ = .
                0x000000000000ba00                __exidx_start = __ARM.exidx_start__
 *(.ARM.exidx .ARM.exidx.*)
                0x000000000000ba00                __ARM.exidx_end__ = (__ARM.exidx_start__ + SIZEOF (.ARM.exidx))
                0x0000000000000000                __ARM.exidx_size__ = SIZEOF (.ARM.exidx)
                0x000000000000ba00                __exidx_end = __ARM.exidx_end__
                0x000000000000ba00                __ARM.exidx_load_end__ = __ARM.exidx_end__
                0x0000000000000001                . = ASSERT (((__ARM.exidx_start__ == __ARM.exidx_end__) || ((__ARM.exidx_end__ - __FLASH1_segment_start__) <= __FLASH1_segment_size__)), error: .ARM.exidx is too large to fit in FLASH1 memory segment)
                0x000000000000ba00                __fast_load_start__ = ALIGN (__ARM.exidx_end__, 0x4)

.fast           0x0000000020000000        0x0 load address 0x000000000000ba00
                0x0000000020000000                __fast_start__ = .
 *(.fast .fast.*)
                0x0000000020000000                __fast_end__ = (__fast_start__ + SIZEOF (.fast))
                0x0000000000000000                __fast_size__ = SIZEOF (.fast)
                0x000000000000ba00                __fast_load_end__ = (__fast_load_start__ + SIZEOF (.fast))
                0x0000000000000001                . = ASSERT (((__fast_load_start__ == __fast_load_end__) || ((__fast_load_end__ - __FLASH1_segment_start__) <= __FLASH1_segment_size__)), error: .fast is too large to fit in FLASH1 memory segment)

.fast_run       0x0000000020000000        0x0
                0x0000000020000000                __fast_run_start__ = .
                0x0000000020000000                __fast_run_end__ = (__fast_run_start__ + SIZEOF (.fast))
                0x0000000000000000                __fast_run_size__ = (__fast_run_end__ - __fast_run_start__)
                0x0000000020000000                __fast_run_load_end__ = __fast_run_end__
                0x0000000000000001                . = ASSERT (((__fast_run_start__ == __fast_run_end__) || ((__fast_run_end__ - __RAM1_segment_start__) <= __RAM1_segment_size__)), error: .fast_run is too large to fit in RAM1 memory segment)
                0x000000000000ba00                __data_load_start__ = ALIGN ((__fast_load_start__ + SIZEOF (.fast)), 0x4)

.data           0x0000000020000000       0x7c load address 0x000000000000ba00
                0x0000000020000000                __data_start__ = .
 *(.data .data.* .gnu.linkonce.d.*)
 .data.m_uart   0x0000000020000000       0x14 Output/Debug/Obj/fatfs_pca10040/nrf_log_backend_uart.o
                0x0000000020000000                m_uart
 .data.log_backend_cb_uart_log_backend
                0x0000000020000014        0x8 Output/Debug/Obj/fatfs_pca10040/nrf_log_default_backends.o
 .data.m_buffer_mask
                0x000000002000001c        0x4 Output/Debug/Obj/fatfs_pca10040/nrf_log_frontend.o
 .data.severity_names
                0x0000000020000020       0x14 Output/Debug/Obj/fatfs_pca10040/nrf_log_str_formatter.o
 .data.m_colors
                0x0000000020000034       0x24 Output/Debug/Obj/fatfs_pca10040/nrf_log_str_formatter.o
 .data.drives.4
                0x0000000020000058        0xc Output/Debug/Obj/fatfs_pca10040/main.o
 .data.SystemCoreClock
                0x0000000020000064        0x4 Output/Debug/Obj/fatfs_pca10040/system_nrf52.o
                0x0000000020000064                SystemCoreClock
 .data.libc.__SEGGER_RTL_global_locale
                0x0000000020000068       0x14 C:/Program Files/SEGGER/SEGGER Embedded Studio for ARM 6.32a/lib/libc_v7em_fpv4_sp_d16_hard_t_le_eabi_balanced.a(mbops.o)
                0x0000000020000068                __SEGGER_RTL_global_locale
                0x0000000020000068                __RAL_global_locale
                0x000000002000007c                __data_end__ = (__data_start__ + SIZEOF (.data))
                0x000000000000007c                __data_size__ = SIZEOF (.data)
                0x000000000000ba7c                __data_load_end__ = (__data_load_start__ + SIZEOF (.data))

.igot.plt       0x0000000100000000        0x0
 .igot.plt      0x0000000100000000        0x0 Output/Debug/Obj/fatfs_pca10040/thumb_crt0.o
                0x0000000000000001                . = ASSERT (((__data_load_start__ == __data_load_end__) || ((__data_load_end__ - __FLASH1_segment_start__) <= __FLASH1_segment_size__)), error: .data is too large to fit in FLASH1 memory segment)

.data_run       0x0000000020000000        0x0
                0x0000000020000000                __data_run_start__ = .
                0x000000002000007c                __data_run_end__ = (__data_run_start__ + SIZEOF (.data))
                0x000000000000007c                __data_run_size__ = (__data_run_end__ - __data_run_start__)
                0x000000002000007c                __data_run_load_end__ = __data_run_end__
                0x0000000000000001                . = ASSERT (((__data_run_start__ == __data_run_end__) || ((__data_run_end__ - __RAM1_segment_start__) <= __RAM1_segment_size__)), error: .data_run is too large to fit in RAM1 memory segment)
                0x000000000000ba7c                __tdata_load_start__ = ALIGN ((__data_load_start__ + SIZEOF (.data)), 0x4)

.tdata          0x000000002000007c        0x0 load address 0x000000000000ba7c
                0x000000002000007c                __tdata_start__ = .
 *(.tdata .tdata.*)
                0x000000002000007c                __tdata_end__ = (__tdata_start__ + SIZEOF (.tdata))
                0x0000000000000000                __tdata_size__ = SIZEOF (.tdata)
                0x000000000000ba7c                __tdata_load_end__ = (__tdata_load_start__ + SIZEOF (.tdata))
                0x000000000000ba7c                __FLASH1_segment_used_end__ = (ALIGN ((__data_load_start__ + SIZEOF (.data)), 0x4) + SIZEOF (.tdata))
                0x000000000000ba7c                __FLASH1_segment_used_size__ = (__FLASH1_segment_used_end__ - __FLASH1_segment_start__)
                0x0000000000000001                . = ASSERT (((__tdata_load_start__ == __tdata_load_end__) || ((__tdata_load_end__ - __FLASH1_segment_start__) <= __FLASH1_segment_size__)), error: .tdata is too large to fit in FLASH1 memory segment)

.tdata_run      0x000000002000007c        0x0
                0x000000002000007c                __tdata_run_start__ = .
                0x000000002000007c                __tdata_run_end__ = (__tdata_run_start__ + SIZEOF (.tdata))
                0x0000000000000000                __tdata_run_size__ = (__tdata_run_end__ - __tdata_run_start__)
                0x000000002000007c                __tdata_run_load_end__ = __tdata_run_end__
                0x0000000000000001                . = ASSERT (((__tdata_run_start__ == __tdata_run_end__) || ((__tdata_run_end__ - __RAM1_segment_start__) <= __RAM1_segment_size__)), error: .tdata_run is too large to fit in RAM1 memory segment)
                0x000000002000007c                __bss_load_start__ = ALIGN (__tdata_run_end__, 0x4)

.bss            0x000000002000007c      0xbc4
                0x000000002000007c                __bss_start__ = .
 *(.bss .bss.* .gnu.linkonce.b.*)
 .bss.m_string_buff
                0x000000002000007c       0x40 Output/Debug/Obj/fatfs_pca10040/nrf_log_backend_uart.o
 .bss.m_xfer_done
                0x00000000200000bc        0x1 Output/Debug/Obj/fatfs_pca10040/nrf_log_backend_uart.o
 .bss.m_async_mode
                0x00000000200000bd        0x1 Output/Debug/Obj/fatfs_pca10040/nrf_log_backend_uart.o
 *fill*         0x00000000200000be        0x2 
 .bss.log_mempool_nrf_balloc_pool_stack
                0x00000000200000c0        0x8 Output/Debug/Obj/fatfs_pca10040/nrf_log_frontend.o
 .bss.log_mempool_nrf_balloc_pool_mem
                0x00000000200000c8       0xc0 Output/Debug/Obj/fatfs_pca10040/nrf_log_frontend.o
 .bss.log_mempool_nrf_balloc_cb
                0x0000000020000188        0x8 Output/Debug/Obj/fatfs_pca10040/nrf_log_frontend.o
 .bss.m_log_push_ringbuf_buf
                0x0000000020000190       0x80 Output/Debug/Obj/fatfs_pca10040/nrf_log_frontend.o
 .bss.m_log_push_ringbuf_cb
                0x0000000020000210       0x18 Output/Debug/Obj/fatfs_pca10040/nrf_log_frontend.o
 .bss.m_log_data
                0x0000000020000228      0x420 Output/Debug/Obj/fatfs_pca10040/nrf_log_frontend.o
 .bss.m_error_data.0
                0x0000000020000648       0x20 Output/Debug/Obj/fatfs_pca10040/app_error.o
 .bss.m_cb      0x0000000020000668       0x5c Output/Debug/Obj/fatfs_pca10040/app_sdcard.o
 .bss.m_in_critical_region
                0x00000000200006c4        0x4 Output/Debug/Obj/fatfs_pca10040/app_util_platform.o
 .bss.m_last_result
                0x00000000200006c8        0x1 Output/Debug/Obj/fatfs_pca10040/nrf_block_dev_sdc.o
 *fill*         0x00000000200006c9        0x3 
 .bss.m_active_sdc_dev
                0x00000000200006cc        0x4 Output/Debug/Obj/fatfs_pca10040/nrf_block_dev_sdc.o
 .bss.m_handlers
                0x00000000200006d0        0xc Output/Debug/Obj/fatfs_pca10040/nrf_drv_spi.o
 .bss.m_contexts
                0x00000000200006dc        0xc Output/Debug/Obj/fatfs_pca10040/nrf_drv_spi.o
 .bss.m_handlers
                0x00000000200006e8        0x4 Output/Debug/Obj/fatfs_pca10040/nrf_drv_uart.o
 .bss.m_contexts
                0x00000000200006ec        0x4 Output/Debug/Obj/fatfs_pca10040/nrf_drv_uart.o
 .bss.nrf_drv_uart_use_easy_dma
                0x00000000200006f0        0x1 Output/Debug/Obj/fatfs_pca10040/nrf_drv_uart.o