Archive member included to satisfy reference by file (symbol)

C:/Program Files/SEGGER/SEGGER Embedded Studio for ARM 6.32a/lib/libc_v7em_fpv4_sp_d16_hard_t_le_eabi_balanced.a(mbops.o)
                              Output/Debug/Obj/twi_scanner_pca10040/nrf_log_str_formatter.o (isprint)
C:/Program Files/SEGGER/SEGGER Embedded Studio for ARM 6.32a/lib/libc_v7em_fpv4_sp_d16_hard_t_le_eabi_balanced.a(sortops.o)
                              C:/Program Files/SEGGER/SEGGER Embedded Studio for ARM 6.32a/lib/libc_v7em_fpv4_sp_d16_hard_t_le_eabi_balanced.a(mbops.o) (bsearch)
C:/Program Files/SEGGER/SEGGER Embedded Studio for ARM 6.32a/lib/libc_v7em_fpv4_sp_d16_hard_t_le_eabi_balanced.a(strasmops_arm.o)
                              Output/Debug/Obj/twi_scanner_pca10040/nrf_log_frontend.o (strlen)
C:/Program Files/SEGGER/SEGGER Embedded Studio for ARM 6.32a/lib/libc_v7em_fpv4_sp_d16_hard_t_le_eabi_balanced.a(strops.o)
                              C:/Program Files/SEGGER/SEGGER Embedded Studio for ARM 6.32a/lib/libc_v7em_fpv4_sp_d16_hard_t_le_eabi_balanced.a(mbops.o) (strcat)
C:/Program Files/SEGGER/SEGGER Embedded Studio for ARM 6.32a/lib/libc_v7em_fpv4_sp_d16_hard_t_le_eabi_balanced.a(timeops.o)
                              C:/Program Files/SEGGER/SEGGER Embedded Studio for ARM 6.32a/lib/libc_v7em_fpv4_sp_d16_hard_t_le_eabi_balanced.a(mbops.o) (__SEGGER_RTL_string_list_encode)
C:/Program Files/SEGGER/SEGGER Embedded Studio for ARM 6.32a/lib/libc_v7em_fpv4_sp_d16_hard_t_le_eabi_balanced.a(__SEGGER_RTL_vfprintf_long.o)
                              (__SEGGER_RTL_vfprintf_long)
C:/Program Files/SEGGER/SEGGER Embedded Studio for ARM 6.32a/lib/libc_v7em_fpv4_sp_d16_hard_t_le_eabi_balanced.a(__SEGGER_RTL_vfscanf_long.o)
                              (__SEGGER_RTL_vfscanf_long)
C:/Program Files/SEGGER/SEGGER Embedded Studio for ARM 6.32a/lib/libc_v7em_fpv4_sp_d16_hard_t_le_eabi_balanced.a(errno.o)
                              C:/Program Files/SEGGER/SEGGER Embedded Studio for ARM 6.32a/lib/libc_v7em_fpv4_sp_d16_hard_t_le_eabi_balanced.a(mbops.o) (__aeabi_errno_addr)
C:/Program Files/SEGGER/SEGGER Embedded Studio for ARM 6.32a/lib/libc_v7em_fpv4_sp_d16_hard_t_le_eabi_balanced.a(floatasmops_arm.o)
                              C:/Program Files/SEGGER/SEGGER Embedded Studio for ARM 6.32a/lib/libc_v7em_fpv4_sp_d16_hard_t_le_eabi_balanced.a(timeops.o) (__aeabi_i2d)
C:/Program Files/SEGGER/SEGGER Embedded Studio for ARM 6.32a/lib/libc_v7em_fpv4_sp_d16_hard_t_le_eabi_balanced.a(intasmops_arm.o)
                              C:/Program Files/SEGGER/SEGGER Embedded Studio for ARM 6.32a/lib/libc_v7em_fpv4_sp_d16_hard_t_le_eabi_balanced.a(__SEGGER_RTL_vfprintf_long.o) (__aeabi_uldivmod)
C:/Program Files/SEGGER/SEGGER Embedded Studio for ARM 6.32a/lib/libc_v7em_fpv4_sp_d16_hard_t_le_eabi_balanced.a(intops.o)
                              C:/Program Files/SEGGER/SEGGER Embedded Studio for ARM 6.32a/lib/libc_v7em_fpv4_sp_d16_hard_t_le_eabi_balanced.a(timeops.o) (div)
C:/Program Files/SEGGER/SEGGER Embedded Studio for ARM 6.32a/lib/libc_v7em_fpv4_sp_d16_hard_t_le_eabi_balanced.a(utilops.o)
                              C:/Program Files/SEGGER/SEGGER Embedded Studio for ARM 6.32a/lib/libc_v7em_fpv4_sp_d16_hard_t_le_eabi_balanced.a(__SEGGER_RTL_vfscanf_long.o) (__SEGGER_RTL_digit)
C:/Program Files/SEGGER/SEGGER Embedded Studio for ARM 6.32a/lib/libc_v7em_fpv4_sp_d16_hard_t_le_eabi_balanced.a(prinops.o)
                              C:/Program Files/SEGGER/SEGGER Embedded Studio for ARM 6.32a/lib/libc_v7em_fpv4_sp_d16_hard_t_le_eabi_balanced.a(__SEGGER_RTL_vfprintf_long.o) (__SEGGER_RTL_putc)
C:/Program Files/SEGGER/SEGGER Embedded Studio for ARM 6.32a/lib/libc_v7em_fpv4_sp_d16_hard_t_le_eabi_balanced.a(fileops.o)
                              C:/Program Files/SEGGER/SEGGER Embedded Studio for ARM 6.32a/lib/libc_v7em_fpv4_sp_d16_hard_t_le_eabi_balanced.a(prinops.o) (fwrite)
C:/Program Files/SEGGER/SEGGER Embedded Studio for ARM 6.32a/lib/heapops_basic_v7em_little.a(heapops_basic.o)
                              Output/Debug/Obj/twi_scanner_pca10040/thumb_crt0.o (__SEGGER_RTL_init_heap)
C:/Program Files/SEGGER/SEGGER Embedded Studio for ARM 6.32a/lib/heapops_disable_interrupts_locking_v7em_little.a(heapops.o)
                              C:/Program Files/SEGGER/SEGGER Embedded Studio for ARM 6.32a/lib/libc_v7em_fpv4_sp_d16_hard_t_le_eabi_balanced.a(mbops.o) (malloc)

Discarded input sections

 .text          0x0000000000000000        0x0 Output/Debug/Obj/twi_scanner_pca10040/thumb_crt0.o
 .data          0x0000000000000000        0x0 Output/Debug/Obj/twi_scanner_pca10040/thumb_crt0.o
 .bss           0x0000000000000000        0x0 Output/Debug/Obj/twi_scanner_pca10040/thumb_crt0.o
 .text.__aeabi_read_tp
                0x0000000000000000        0x8 Output/Debug/Obj/twi_scanner_pca10040/thumb_crt0.o
 .text.abort    0x0000000000000000        0x2 Output/Debug/Obj/twi_scanner_pca10040/thumb_crt0.o
 .text.__assert
[...]
Memory Configuration

Name             Origin             Length             Attributes
UNPLACED_SECTIONS 0x0000000100000000 0x0000000000000000 xw
RAM1             0x0000000020000000 0x0000000000010000 xw
FLASH1           0x0000000000000000 0x0000000000080000 xw
*default*        0x0000000000000000 0xffffffffffffffff

Linker script and memory map

                0x0000000000000000                __SEGGER_RTL_vfprintf = __SEGGER_RTL_vfprintf_long
                0x0000000000000000                __SEGGER_RTL_vfscanf = __SEGGER_RTL_vfscanf_long
                0x0000000020000000                __RAM1_segment_start__ = 0x20000000
                0x0000000020010000                __RAM1_segment_end__ = 0x20010000
                0x0000000000010000                __RAM1_segment_size__ = 0x10000
                0x0000000000000000                __FLASH1_segment_start__ = 0x0
                0x0000000000080000                __FLASH1_segment_end__ = 0x80000
                0x0000000000080000                __FLASH1_segment_size__ = 0x80000
                0x0000000000002000                __HEAPSIZE__ = 0x2000
                0x0000000000000000                __STACKSIZE_PROCESS__ = 0x0
                0x0000000000002000                __STACKSIZE__ = 0x2000
                0x0000000020000000                __vectors_ram_load_start__ = 0x20000000

.vectors_ram    0x0000000020000000        0x0
                0x0000000020000000                __vectors_ram_start__ = .
                0x0000000020000000                __app_ram_start__ = __vectors_ram_start__
 *(.vectors_ram .vectors_ram.*)
                0x0000000020000000                __vectors_ram_end__ = (__vectors_ram_start__ + SIZEOF (.vectors_ram))
                0x0000000000000000                __vectors_ram_size__ = SIZEOF (.vectors_ram)
                0x0000000020000000                __vectors_ram_load_end__ = __vectors_ram_end__
                0x0000000000000001                . = ASSERT (((__vectors_ram_start__ == __vectors_ram_end__) || ((__vectors_ram_end__ - __RAM1_segment_start__) <= __RAM1_segment_size__)), error: .vectors_ram is too large to fit in RAM1 memory segment)
                0x0000000020000000                __nrf_sections_run_load_start__ = ALIGN (__vectors_ram_end__, 0x4)

.nrf_sections_run
                0x0000000020000000        0x0
                0x0000000020000000                __nrf_sections_run_start__ = .
                0x0000000020000000                __start_nrf_sections_run = __nrf_sections_run_start__
 *(.nrf_sections_run .nrf_sections_run.*)
                0x0000000020000000                __nrf_sections_run_end__ = (__nrf_sections_run_start__ + SIZEOF (.nrf_sections_run))
                0x0000000000000000                __nrf_sections_run_size__ = SIZEOF (.nrf_sections_run)
                0x0000000020000000                __nrf_sections_run_load_end__ = __nrf_sections_run_end__
                0x0000000000000001                . = ASSERT (((__nrf_sections_run_start__ == __nrf_sections_run_end__) || ((__nrf_sections_run_end__ - __RAM1_segment_start__) <= __RAM1_segment_size__)), error: .nrf_sections_run is too large to fit in RAM1 memory segment)
                0x0000000000000000                __vectors_load_start__ = 0x0

.vectors        0x0000000000000000      0x200
                0x0000000000000000                __vectors_start__ = .
 *(.vectors .vectors.*)
 .vectors       0x0000000000000000      0x200 Output/Debug/Obj/twi_scanner_pca10040/ses_startup_nrf52.o
                0x0000000000000000                _vectors
                0x0000000000000200                __vectors_end__ = (__vectors_start__ + SIZEOF (.vectors))
                0x0000000000000200                __vectors_size__ = SIZEOF (.vectors)
                0x0000000000000200                __vectors_load_end__ = __vectors_end__
                0x0000000000000001                . = ASSERT (((__vectors_start__ == __vectors_end__) || ((__vectors_end__ - __FLASH1_segment_start__) <= __FLASH1_segment_size__)), error: .vectors is too large to fit in FLASH1 memory segment)
                0x0000000000000200                __init_load_start__ = ALIGN (__vectors_end__, 0x4)

.init           0x0000000000000200      0x1cc
                0x0000000000000200                __init_start__ = .
 *(.init .init.*)
 .init          0x0000000000000200      0x158 Output/Debug/Obj/twi_scanner_pca10040/thumb_crt0.o
                0x0000000000000200                _start
                0x00000000000002ae                exit
 .init          0x0000000000000358       0x18 Output/Debug/Obj/twi_scanner_pca10040/ses_startup_nrf52.o
                0x0000000000000358                NMI_Handler
                0x000000000000035a                HardFault_Handler
                0x000000000000035c                MemoryManagement_Handler
                0x000000000000035e                BusFault_Handler
                0x0000000000000360                UsageFault_Handler
                0x0000000000000362                SVC_Handler
                0x0000000000000364                DebugMon_Handler
                0x0000000000000366                PendSV_Handler
                0x0000000000000368                SysTick_Handler
                0x000000000000036a                PWM1_IRQHandler
                0x000000000000036a                GPIOTE_IRQHandler
                0x000000000000036a                SWI0_EGU0_IRQHandler
                0x000000000000036a                POWER_CLOCK_IRQHandler
                0x000000000000036a                RADIO_IRQHandler
                0x000000000000036a                PDM_IRQHandler
                0x000000000000036a                TEMP_IRQHandler
                0x000000000000036a                RTC0_IRQHandler
                0x000000000000036a                TIMER3_IRQHandler
                0x000000000000036a                FPU_IRQHandler
                0x000000000000036a                SWI2_EGU2_IRQHandler
                0x000000000000036a                TIMER4_IRQHandler
                0x000000000000036a                I2S_IRQHandler
                0x000000000000036a                SWI4_EGU4_IRQHandler
                0x000000000000036a                TIMER0_IRQHandler
                0x000000000000036a                Dummy_Handler
                0x000000000000036a                TIMER1_IRQHandler
                0x000000000000036a                PWM2_IRQHandler
                0x000000000000036a                ECB_IRQHandler
                0x000000000000036a                SAADC_IRQHandler
                0x000000000000036a                CCM_AAR_IRQHandler
                0x000000000000036a                WDT_IRQHandler
                0x000000000000036a                QDEC_IRQHandler
                0x000000000000036a                SWI5_EGU5_IRQHandler
                0x000000000000036a                RNG_IRQHandler
                0x000000000000036a                RTC2_IRQHandler
                0x000000000000036a                PWM0_IRQHandler
                0x000000000000036a                SWI3_EGU3_IRQHandler
                0x000000000000036a                RTC1_IRQHandler
                0x000000000000036a                SWI1_EGU1_IRQHandler
                0x000000000000036a                SPIM2_SPIS2_SPI2_IRQHandler
                0x000000000000036a                NFCT_IRQHandler
                0x000000000000036a                TIMER2_IRQHandler
                0x000000000000036a                MWU_IRQHandler
                0x000000000000036a                COMP_LPCOMP_IRQHandler
                0x000000000000036c                nRFInitialize
 .init          0x0000000000000370       0x5c Output/Debug/Obj/twi_scanner_pca10040/ses_startup_nrf_common.o
                0x0000000000000370                Reset_Handler
                0x0000000000000374                afterInitialize
                0x0000000000000398                InitializeUserMemorySections
                0x00000000000003cc                __init_end__ = (__init_start__ + SIZEOF (.init))
                0x00000000000001cc                __init_size__ = SIZEOF (.init)
                0x00000000000003cc                __init_load_end__ = __init_end__
                0x0000000000000001                . = ASSERT (((__init_start__ == __init_end__) || ((__init_end__ - __FLASH1_segment_start__) <= __FLASH1_segment_size__)), error: .init is too large to fit in FLASH1 memory segment)
                0x00000000000003cc                __init_rodata_load_start__ = ALIGN (__init_end__, 0x4)

.init_rodata    0x00000000000003cc        0x0
                0x00000000000003cc                __init_rodata_start__ = .
 *(.init_rodata .init_rodata.*)
                0x00000000000003cc                __init_rodata_end__ = (__init_rodata_start__ + SIZEOF (.init_rodata))
                0x0000000000000000                __init_rodata_size__ = SIZEOF (.init_rodata)
                0x00000000000003cc                __init_rodata_load_end__ = __init_rodata_end__
                0x0000000000000001                . = ASSERT (((__init_rodata_start__ == __init_rodata_end__) || ((__init_rodata_end__ - __FLASH1_segment_start__) <= __FLASH1_segment_size__)), error: .init_rodata is too large to fit in FLASH1 memory segment)
                0x00000000000003cc                __text_load_start__ = ALIGN (__init_rodata_end__, 0x4)

.text           0x00000000000003cc     0x3b1c
                0x00000000000003cc                __text_start__ = .
 *(.text .text.* .gnu.linkonce.t.* .glue_7t .glue_7 .gcc_except_table .ARM.extab* .gnu.linkonce.armextab.*)
 .glue_7        0x00000000000003cc        0x0 linker stubs
 .glue_7t       0x00000000000003cc        0x0 linker stubs
 .text.nrfx_coredep_delay_us
                0x00000000000003cc       0x30 Output/Debug/Obj/twi_scanner_pca10040/nrf_log_backend_rtt.o
 .text.nrf_delay_ms
                0x00000000000003fc       0x2a Output/Debug/Obj/twi_scanner_pca10040/nrf_log_backend_rtt.o
 .text.nrf_log_backend_rtt_init
                0x0000000000000426        0xa Output/Debug/Obj/twi_scanner_pca10040/nrf_log_backend_rtt.o
                0x0000000000000426                nrf_log_backend_rtt_init
 .text.serial_tx
                0x0000000000000430       0x84 Output/Debug/Obj/twi_scanner_pca10040/nrf_log_backend_rtt.o
 .text.nrf_log_backend_rtt_put
                0x00000000000004b4       0x28 Output/Debug/Obj/twi_scanner_pca10040/nrf_log_backend_rtt.o
 .text.nrf_log_backend_rtt_flush
                0x00000000000004dc        0xa Output/Debug/Obj/twi_scanner_pca10040/nrf_log_backend_rtt.o
 .text.nrf_log_backend_rtt_panic_set
                0x00000000000004e6        0xa Output/Debug/Obj/twi_scanner_pca10040/nrf_log_backend_rtt.o
 .text.nrf_log_backend_serial_put
                0x00000000000004f0      0x124 Output/Debug/Obj/twi_scanner_pca10040/nrf_log_backend_serial.o
                0x00000000000004f0                nrf_log_backend_serial_put
 .text.nrf_log_backend_enable
                0x0000000000000614       0x12 Output/Debug/Obj/twi_scanner_pca10040/nrf_log_default_backends.o
 *fill*         0x0000000000000626        0x2 
 .text.nrf_log_default_backends_init
                0x0000000000000628       0x3c Output/Debug/Obj/twi_scanner_pca10040/nrf_log_default_backends.o
                0x0000000000000628                nrf_log_default_backends_init
 .text.nrf_log_backend_put
                0x0000000000000664       0x1c Output/Debug/Obj/twi_scanner_pca10040/nrf_log_frontend.o
 .text.nrf_log_backend_panic_set
                0x0000000000000680       0x18 Output/Debug/Obj/twi_scanner_pca10040/nrf_log_frontend.o
 .text.nrf_log_backend_flush
                0x0000000000000698       0x18 Output/Debug/Obj/twi_scanner_pca10040/nrf_log_frontend.o
 .text.nrf_log_backend_id_set
                0x00000000000006b0       0x1a Output/Debug/Obj/twi_scanner_pca10040/nrf_log_frontend.o
 .text.nrf_log_backend_id_get
                0x00000000000006ca       0x10 Output/Debug/Obj/twi_scanner_pca10040/nrf_log_frontend.o
 .text.nrf_log_backend_enable
                0x00000000000006da       0x12 Output/Debug/Obj/twi_scanner_pca10040/nrf_log_frontend.o
 .text.nrf_log_backend_is_enabled
                0x00000000000006ec       0x10 Output/Debug/Obj/twi_scanner_pca10040/nrf_log_frontend.o
 .text.nrf_log_init
                0x00000000000006fc       0x50 Output/Debug/Obj/twi_scanner_pca10040/nrf_log_frontend.o
                0x00000000000006fc                nrf_log_init
 .text.nrf_log_module_cnt_get
                0x000000000000074c       0x14 Output/Debug/Obj/twi_scanner_pca10040/nrf_log_frontend.o
                0x000000000000074c                nrf_log_module_cnt_get
 .text.module_idx_get
                0x0000000000000760       0x64 Output/Debug/Obj/twi_scanner_pca10040/nrf_log_frontend.o
 .text.nrf_log_module_name_get
                0x00000000000007c4       0x40 Output/Debug/Obj/twi_scanner_pca10040/nrf_log_frontend.o
                0x00000000000007c4                nrf_log_module_name_get
 .text.nrf_log_color_id_get
                0x0000000000000804       0x70 Output/Debug/Obj/twi_scanner_pca10040/nrf_log_frontend.o
                0x0000000000000804                nrf_log_color_id_get
 .text.invalid_packets_omit
                0x0000000000000874       0x6e Output/Debug/Obj/twi_scanner_pca10040/nrf_log_frontend.o
 *fill*         0x00000000000008e2        0x2 
 .text.log_skip
                0x00000000000008e4      0x118 Output/Debug/Obj/twi_scanner_pca10040/nrf_log_frontend.o
 .text.dropped_sat16_get
                0x00000000000009fc       0x28 Output/Debug/Obj/twi_scanner_pca10040/nrf_log_frontend.o
 .text.std_header_set
                0x0000000000000a24       0xb4 Output/Debug/Obj/twi_scanner_pca10040/nrf_log_frontend.o
 .text.log_pending_hook
                0x0000000000000ad8        0x4 Output/Debug/Obj/twi_scanner_pca10040/nrf_log_frontend.o
                0x0000000000000ad8                log_pending_hook
 .text.buf_prealloc
                0x0000000000000adc      0x128 Output/Debug/Obj/twi_scanner_pca10040/nrf_log_frontend.o
 .text.std_n    0x0000000000000c04       0x98 Output/Debug/Obj/twi_scanner_pca10040/nrf_log_frontend.o
 .text.nrf_log_frontend_std_0
                0x0000000000000c9c       0x1c Output/Debug/Obj/twi_scanner_pca10040/nrf_log_frontend.o
                0x0000000000000c9c                nrf_log_frontend_std_0
 .text.nrf_log_frontend_std_1
                0x0000000000000cb8       0x22 Output/Debug/Obj/twi_scanner_pca10040/nrf_log_frontend.o
                0x0000000000000cb8                nrf_log_frontend_std_1
 .text.nrf_log_frontend_std_2
                0x0000000000000cda       0x28 Output/Debug/Obj/twi_scanner_pca10040/nrf_log_frontend.o
                0x0000000000000cda                nrf_log_frontend_std_2
 .text.nrf_log_frontend_std_5
                0x0000000000000d02       0x34 Output/Debug/Obj/twi_scanner_pca10040/nrf_log_frontend.o
                0x0000000000000d02                nrf_log_frontend_std_5
 *fill*         0x0000000000000d36        0x2 
 .text.buffer_is_empty
                0x0000000000000d38       0x1c Output/Debug/Obj/twi_scanner_pca10040/nrf_log_frontend.o
                0x0000000000000d38                buffer_is_empty
 .text.nrf_log_frontend_dequeue
                0x0000000000000d54      0x3a0 Output/Debug/Obj/twi_scanner_pca10040/nrf_log_frontend.o
                0x0000000000000d54                nrf_log_frontend_dequeue
 .text.backend_id_assign
                0x00000000000010f4       0x68 Output/Debug/Obj/twi_scanner_pca10040/nrf_log_frontend.o
 .text.nrf_log_backend_add
                0x000000000000115c       0x70 Output/Debug/Obj/twi_scanner_pca10040/nrf_log_frontend.o
                0x000000000000115c                nrf_log_backend_add
 .text.nrf_log_panic
                0x00000000000011cc       0x3c Output/Debug/Obj/twi_scanner_pca10040/nrf_log_frontend.o
                0x00000000000011cc                nrf_log_panic
 .text.timestamp_print
                0x0000000000001208        0xc Output/Debug/Obj/twi_scanner_pca10040/nrf_log_str_formatter.o
 .text.prefix_process
                0x0000000000001214       0xb0 Output/Debug/Obj/twi_scanner_pca10040/nrf_log_str_formatter.o
 .text.postfix_process
                0x00000000000012c4       0x60 Output/Debug/Obj/twi_scanner_pca10040/nrf_log_str_formatter.o
 .text.nrf_log_std_entry_process
                0x0000000000001324      0x144 Output/Debug/Obj/twi_scanner_pca10040/nrf_log_str_formatter.o
                0x0000000000001324                nrf_log_std_entry_process
 .text.nrf_log_hexdump_entry_process
                0x0000000000001468       0xf0 Output/Debug/Obj/twi_scanner_pca10040/nrf_log_str_formatter.o
                0x0000000000001468                nrf_log_hexdump_entry_process
 .text.app_error_save_and_stop
                0x0000000000001558       0x98 Output/Debug/Obj/twi_scanner_pca10040/app_error.o
                0x0000000000001558                app_error_save_and_stop
 .text.app_error_handler
                0x00000000000015f0       0x1c Output/Debug/Obj/twi_scanner_pca10040/app_error_handler_gcc.o
                0x00000000000015f0                app_error_handler
 .text.app_error_fault_handler
                0x000000000000160c      0x104 Output/Debug/Obj/twi_scanner_pca10040/app_error_weak.o
                0x000000000000160c                app_error_fault_handler
 .text.app_util_disable_irq
                0x0000000000001710       0x18 Output/Debug/Obj/twi_scanner_pca10040/app_util_platform.o
                0x0000000000001710                app_util_disable_irq
 .text.app_util_enable_irq
                0x0000000000001728       0x20 Output/Debug/Obj/twi_scanner_pca10040/app_util_platform.o
                0x0000000000001728                app_util_enable_irq
 .text.app_util_critical_region_enter
                0x0000000000001748       0x28 Output/Debug/Obj/twi_scanner_pca10040/app_util_platform.o
                0x0000000000001748                app_util_critical_region_enter
 .text.app_util_critical_region_exit
                0x0000000000001770       0x2c Output/Debug/Obj/twi_scanner_pca10040/app_util_platform.o
                0x0000000000001770                app_util_critical_region_exit
 .text.privilege_level_get
                0x000000000000179c       0x3a Output/Debug/Obj/twi_scanner_pca10040/app_util_platform.o
                0x000000000000179c                privilege_level_get
 .text.assert_nrf_callback
                0x00000000000017d6       0x2c Output/Debug/Obj/twi_scanner_pca10040/nrf_assert.o
                0x00000000000017d6                assert_nrf_callback
 .text.nrf_atomic_u32_fetch_store
                0x0000000000001802       0x2e Output/Debug/Obj/twi_scanner_pca10040/nrf_atomic.o
                0x0000000000001802                nrf_atomic_u32_fetch_store
 .text.nrf_atomic_u32_or
                0x0000000000001830       0x30 Output/Debug/Obj/twi_scanner_pca10040/nrf_atomic.o
                0x0000000000001830                nrf_atomic_u32_or
 .text.nrf_atomic_u32_fetch_and
                0x0000000000001860       0x30 Output/Debug/Obj/twi_scanner_pca10040/nrf_atomic.o
                0x0000000000001860                nrf_atomic_u32_fetch_and
 .text.nrf_atomic_u32_add
                0x0000000000001890       0x30 Output/Debug/Obj/twi_scanner_pca10040/nrf_atomic.o
                0x0000000000001890                nrf_atomic_u32_add
 .text.nrf_atomic_u32_sub
                0x00000000000018c0       0x30 Output/Debug/Obj/twi_scanner_pca10040/nrf_atomic.o
                0x00000000000018c0                nrf_atomic_u32_sub
 .text.nrf_atomic_flag_set
                0x00000000000018f0       0x18 Output/Debug/Obj/twi_scanner_pca10040/nrf_atomic.o
                0x00000000000018f0                nrf_atomic_flag_set
 .text.nrf_atomic_flag_clear_fetch
                0x0000000000001908       0x18 Output/Debug/Obj/twi_scanner_pca10040/nrf_atomic.o
                0x0000000000001908                nrf_atomic_flag_clear_fetch
 .text.nrf_balloc_idx2block
                0x0000000000001920       0x38 Output/Debug/Obj/twi_scanner_pca10040/nrf_balloc.o
 .text.nrf_balloc_block2idx
                0x0000000000001958       0x34 Output/Debug/Obj/twi_scanner_pca10040/nrf_balloc.o
 .text.nrf_balloc_init
                0x000000000000198c       0xb8 Output/Debug/Obj/twi_scanner_pca10040/nrf_balloc.o
                0x000000000000198c                nrf_balloc_init
 .text.nrf_balloc_alloc
                0x0000000000001a44       0x84 Output/Debug/Obj/twi_scanner_pca10040/nrf_balloc.o
                0x0000000000001a44                nrf_balloc_alloc
 .text.nrf_balloc_free
                0x0000000000001ac8       0x58 Output/Debug/Obj/twi_scanner_pca10040/nrf_balloc.o
                0x0000000000001ac8                nrf_balloc_free
 .text.nrf_fprintf_buffer_flush
                0x0000000000001b20       0x44 Output/Debug/Obj/twi_scanner_pca10040/nrf_fprintf.o
                0x0000000000001b20                nrf_fprintf_buffer_flush
 .text.nrf_fprintf
                0x0000000000001b64       0x74 Output/Debug/Obj/twi_scanner_pca10040/nrf_fprintf.o
                0x0000000000001b64                nrf_fprintf
 .text.buffer_add
                0x0000000000001bd8       0x4c Output/Debug/Obj/twi_scanner_pca10040/nrf_fprintf_format.o
 .text.string_print
                0x0000000000001c24       0xc2 Output/Debug/Obj/twi_scanner_pca10040/nrf_fprintf_format.o
 *fill*         0x0000000000001ce6        0x2 
 .text.unsigned_print
                0x0000000000001ce8      0x130 Output/Debug/Obj/twi_scanner_pca10040/nrf_fprintf_format.o
 .text.int_print
                0x0000000000001e18      0x11c Output/Debug/Obj/twi_scanner_pca10040/nrf_fprintf_format.o
 .text.nrf_fprintf_fmt
                0x0000000000001f34      0x388 Output/Debug/Obj/twi_scanner_pca10040/nrf_fprintf_format.o
                0x0000000000001f34                nrf_fprintf_fmt
 .text.nrf_memobj_pool_init
                0x00000000000022bc       0x16 Output/Debug/Obj/twi_scanner_pca10040/nrf_memobj.o
                0x00000000000022bc                nrf_memobj_pool_init
 .text.nrf_memobj_alloc
                0x00000000000022d2       0xae Output/Debug/Obj/twi_scanner_pca10040/nrf_memobj.o
                0x00000000000022d2                nrf_memobj_alloc
 .text.nrf_memobj_free
                0x0000000000002380       0x74 Output/Debug/Obj/twi_scanner_pca10040/nrf_memobj.o
                0x0000000000002380                nrf_memobj_free
 .text.nrf_memobj_get
                0x00000000000023f4       0x1e Output/Debug/Obj/twi_scanner_pca10040/nrf_memobj.o
                0x00000000000023f4                nrf_memobj_get
 .text.nrf_memobj_put
                0x0000000000002412       0x34 Output/Debug/Obj/twi_scanner_pca10040/nrf_memobj.o
                0x0000000000002412                nrf_memobj_put
 *fill*         0x0000000000002446        0x2 
 .text.memobj_op
                0x0000000000002448      0x124 Output/Debug/Obj/twi_scanner_pca10040/nrf_memobj.o
 .text.nrf_memobj_write
                0x000000000000256c       0x3c Output/Debug/Obj/twi_scanner_pca10040/nrf_memobj.o
                0x000000000000256c                nrf_memobj_write
 .text.nrf_memobj_read
                0x00000000000025a8       0x40 Output/Debug/Obj/twi_scanner_pca10040/nrf_memobj.o
                0x00000000000025a8                nrf_memobj_read
 .text.nrf_ringbuf_init
                0x00000000000025e8       0x3a Output/Debug/Obj/twi_scanner_pca10040/nrf_ringbuf.o
                0x00000000000025e8                nrf_ringbuf_init
 *fill*         0x0000000000002622        0x2 
 .text.nrf_strerror_get
                0x0000000000002624       0x28 Output/Debug/Obj/twi_scanner_pca10040/nrf_strerror.o
                0x0000000000002624                nrf_strerror_get
 .text.nrf_strerror_find
                0x000000000000264c       0x68 Output/Debug/Obj/twi_scanner_pca10040/nrf_strerror.o
                0x000000000000264c                nrf_strerror_find
 .text.UARTE0_UART0_IRQHandler
                0x00000000000026b4       0x24 Output/Debug/Obj/twi_scanner_pca10040/nrfx_prs.o
                0x00000000000026b4                UARTE0_UART0_IRQHandler
 .text.__NVIC_ClearPendingIRQ
                0x00000000000026d8       0x38 Output/Debug/Obj/twi_scanner_pca10040/nrfx_twim.o
 .text.nrfx_get_irq_number
                0x0000000000002710       0x10 Output/Debug/Obj/twi_scanner_pca10040/nrfx_twim.o
 .text._NRFX_IRQ_PENDING_CLEAR
                0x0000000000002720       0x1c Output/Debug/Obj/twi_scanner_pca10040/nrfx_twim.o
 .text.nrf_twim_task_trigger
                0x000000000000273c       0x1c Output/Debug/Obj/twi_scanner_pca10040/nrfx_twim.o
 .text.nrf_twim_event_clear
                0x0000000000002758       0x2a Output/Debug/Obj/twi_scanner_pca10040/nrfx_twim.o
 .text.nrf_twim_event_check
                0x0000000000002782       0x24 Output/Debug/Obj/twi_scanner_pca10040/nrfx_twim.o
 .text.nrf_twim_int_enable
                0x00000000000027a6       0x14 Output/Debug/Obj/twi_scanner_pca10040/nrfx_twim.o
 .text.nrf_twim_int_disable
                0x00000000000027ba       0x14 Output/Debug/Obj/twi_scanner_pca10040/nrfx_twim.o
 .text.nrf_twim_enable
                0x00000000000027ce       0x12 Output/Debug/Obj/twi_scanner_pca10040/nrfx_twim.o
 .text.nrf_twim_disable
                0x00000000000027e0       0x12 Output/Debug/Obj/twi_scanner_pca10040/nrfx_twim.o
 .text.nrf_twim_errorsrc_get_and_clear
                0x00000000000027f2       0x1c Output/Debug/Obj/twi_scanner_pca10040/nrfx_twim.o
 .text.nrf_twim_shorts_set
                0x000000000000280e       0x14 Output/Debug/Obj/twi_scanner_pca10040/nrfx_twim.o
 .text.nrf_twim_txd_amount_get
                0x0000000000002822       0x10 Output/Debug/Obj/twi_scanner_pca10040/nrfx_twim.o
 .text.nrf_twim_shorts_get
                0x0000000000002832       0x10 Output/Debug/Obj/twi_scanner_pca10040/nrfx_twim.o
 .text.nrf_twim_rxd_amount_get
                0x0000000000002842       0x10 Output/Debug/Obj/twi_scanner_pca10040/nrfx_twim.o
 *fill*         0x0000000000002852        0x2 
 .text.xfer_completeness_check
                0x0000000000002854       0xfc Output/Debug/Obj/twi_scanner_pca10040/nrfx_twim.o
 .text.twim_irq_handler
                0x0000000000002950      0x2a4 Output/Debug/Obj/twi_scanner_pca10040/nrfx_twim.o
 .text.SPIM0_SPIS0_TWIM0_TWIS0_SPI0_TWI0_IRQHandler
                0x0000000000002bf4       0x18 Output/Debug/Obj/twi_scanner_pca10040/nrfx_twim.o
                0x0000000000002bf4                SPIM0_SPIS0_TWIM0_TWIS0_SPI0_TWI0_IRQHandler
 .text.SPIM1_SPIS1_TWIM1_TWIS1_SPI1_TWI1_IRQHandler
                0x0000000000002c0c       0x14 Output/Debug/Obj/twi_scanner_pca10040/nrfx_twim.o
                0x0000000000002c0c                SPIM1_SPIS1_TWIM1_TWIS1_SPI1_TWI1_IRQHandler
 .text.nrfx_coredep_delay_us
                0x0000000000002c20       0x30 Output/Debug/Obj/twi_scanner_pca10040/main.o
 .text.nrf_delay_ms
                0x0000000000002c50       0x2a Output/Debug/Obj/twi_scanner_pca10040/main.o
 *fill*         0x0000000000002c7a        0x2 
 .text.main     0x0000000000002c7c       0x9c Output/Debug/Obj/twi_scanner_pca10040/main.o
                0x0000000000002c7c                main
 .text.nrfx_coredep_delay_us
                0x0000000000002d18       0x30 Output/Debug/Obj/twi_scanner_pca10040/app_dht11.o
 .text.nrf_gpio_pin_port_decode
                0x0000000000002d48       0x30 Output/Debug/Obj/twi_scanner_pca10040/app_dht11.o
 .text.nrf_gpio_cfg
                0x0000000000002d78       0x62 Output/Debug/Obj/twi_scanner_pca10040/app_dht11.o
 .text.nrf_gpio_cfg_output
                0x0000000000002dda       0x22 Output/Debug/Obj/twi_scanner_pca10040/app_dht11.o
 .text.nrf_gpio_cfg_input
                0x0000000000002dfc       0x2a Output/Debug/Obj/twi_scanner_pca10040/app_dht11.o
 .text.nrf_gpio_pin_set
                0x0000000000002e26       0x28 Output/Debug/Obj/twi_scanner_pca10040/app_dht11.o
 .text.nrf_gpio_pin_clear
                0x0000000000002e4e       0x28 Output/Debug/Obj/twi_scanner_pca10040/app_dht11.o
 .text.nrf_gpio_pin_read
                0x0000000000002e76       0x2a Output/Debug/Obj/twi_scanner_pca10040/app_dht11.o
 .text.nrf_gpio_port_in_read
                0x0000000000002ea0       0x10 Output/Debug/Obj/twi_scanner_pca10040/app_dht11.o
 .text.nrf_gpio_port_out_set
                0x0000000000002eb0       0x14 Output/Debug/Obj/twi_scanner_pca10040/app_dht11.o
 .text.nrf_gpio_port_out_clear
                0x0000000000002ec4       0x14 Output/Debug/Obj/twi_scanner_pca10040/app_dht11.o
 .text.nrf_gpio_pin_present_check
                0x0000000000002ed8       0x40 Output/Debug/Obj/twi_scanner_pca10040/app_dht11.o
 .text.nrf_delay_ms
                0x0000000000002f18       0x2a Output/Debug/Obj/twi_scanner_pca10040/app_dht11.o
 .text.data_setinput
                0x0000000000002f42        0xe Output/Debug/Obj/twi_scanner_pca10040/app_dht11.o
 .text.data_getval
                0x0000000000002f50        0xe Output/Debug/Obj/twi_scanner_pca10040/app_dht11.o
 .text.data_setoutput
                0x0000000000002f5e       0x12 Output/Debug/Obj/twi_scanner_pca10040/app_dht11.o
 .text.data_clearval
                0x0000000000002f70        0xc Output/Debug/Obj/twi_scanner_pca10040/app_dht11.o
 .text.data_delayus
                0x0000000000002f7c       0x14 Output/Debug/Obj/twi_scanner_pca10040/app_dht11.o
 .text.data_delayms
                0x0000000000002f90       0x14 Output/Debug/Obj/twi_scanner_pca10040/app_dht11.o
 .text.dht11_read
                0x0000000000002fa4      0x1b0 Output/Debug/Obj/twi_scanner_pca10040/app_dht11.o
                0x0000000000002fa4                dht11_read
 .text._DoInit  0x0000000000003154       0x9c Output/Debug/Obj/twi_scanner_pca10040/SEGGER_RTT.o
 .text._WriteBlocking
                0x00000000000031f0       0xb2 Output/Debug/Obj/twi_scanner_pca10040/SEGGER_RTT.o
 .text._WriteNoCheck
                0x00000000000032a2       0x7e Output/Debug/Obj/twi_scanner_pca10040/SEGGER_RTT.o
 .text._GetAvailWriteSpace
                0x0000000000003320       0x3c Output/Debug/Obj/twi_scanner_pca10040/SEGGER_RTT.o
 .text.SEGGER_RTT_WriteNoLock
                0x000000000000335c       0xa0 Output/Debug/Obj/twi_scanner_pca10040/SEGGER_RTT.o
                0x000000000000335c                SEGGER_RTT_WriteNoLock
 .text.SEGGER_RTT_Init
                0x00000000000033fc        0xa Output/Debug/Obj/twi_scanner_pca10040/SEGGER_RTT.o
                0x00000000000033fc                SEGGER_RTT_Init
 *fill*         0x0000000000003406        0x2 
 .text.__NVIC_SystemReset
                0x0000000000003408       0x28 Output/Debug/Obj/twi_scanner_pca10040/system_nrf52.o
 .text.nrf52_errata_12
                0x0000000000003430       0x88 Output/Debug/Obj/twi_scanner_pca10040/system_nrf52.o
 .text.nrf52_errata_16
                0x00000000000034b8       0x68 Output/Debug/Obj/twi_scanner_pca10040/system_nrf52.o
 .text.nrf52_errata_31
                0x0000000000003520       0x88 Output/Debug/Obj/twi_scanner_pca10040/system_nrf52.o
 .text.nrf52_errata_32
                0x00000000000035a8       0x68 Output/Debug/Obj/twi_scanner_pca10040/system_nrf52.o
 .text.nrf52_errata_36
                0x0000000000003610       0x88 Output/Debug/Obj/twi_scanner_pca10040/system_nrf52.o
 .text.nrf52_errata_37
                0x0000000000003698       0x68 Output/Debug/Obj/twi_scanner_pca10040/system_nrf52.o
 .text.nrf52_errata_57
                0x0000000000003700       0x68 Output/Debug/Obj/twi_scanner_pca10040/system_nrf52.o
 .text.nrf52_errata_66
                0x0000000000003768       0x88 Output/Debug/Obj/twi_scanner_pca10040/system_nrf52.o
 .text.nrf52_errata_108
                0x00000000000037f0       0x88 Output/Debug/Obj/twi_scanner_pca10040/system_nrf52.o
 .text.nrf52_errata_136
                0x0000000000003878       0x88 Output/Debug/Obj/twi_scanner_pca10040/system_nrf52.o
 .text.nrf52_errata_182
                0x0000000000003900       0x60 Output/Debug/Obj/twi_scanner_pca10040/system_nrf52.o
 .text.nrf52_errata_249
                0x0000000000003960       0x60 Output/Debug/Obj/twi_scanner_pca10040/system_nrf52.o
 .text.nrf52_handle_approtect
                0x00000000000039c0       0x20 Output/Debug/Obj/twi_scanner_pca10040/system_nrf52.o
 .text.nvmc_wait
                0x00000000000039e0       0x18 Output/Debug/Obj/twi_scanner_pca10040/system_nrf52.o
                0x00000000000039e0                nvmc_wait
 .text.nvmc_config
                0x00000000000039f8       0x20 Output/Debug/Obj/twi_scanner_pca10040/system_nrf52.o
                0x00000000000039f8                nvmc_config
 .text.SystemCoreClockUpdate
                0x0000000000003a18       0x14 Output/Debug/Obj/twi_scanner_pca10040/system_nrf52.o
                0x0000000000003a18                SystemCoreClockUpdate
 .text.SystemInit
                0x0000000000003a2c      0x2ac Output/Debug/Obj/twi_scanner_pca10040/system_nrf52.o
                0x0000000000003a2c                SystemInit
 .text.libc.__SEGGER_RTL_ascii_mbtowc
                0x0000000000003cd8       0x2e C:/Program Files/SEGGER/SEGGER Embedded Studio for ARM 6.32a/lib/libc_v7em_fpv4_sp_d16_hard_t_le_eabi_balanced.a(mbops.o)
                0x0000000000003cd8                __SEGGER_RTL_ascii_mbtowc
 .text.libc.__SEGGER_RTL_ascii_wctomb
                0x0000000000003d06        0xe C:/Program Files/SEGGER/SEGGER Embedded Studio for ARM 6.32a/lib/libc_v7em_fpv4_sp_d16_hard_t_le_eabi_balanced.a(mbops.o)
                0x0000000000003d06                __SEGGER_RTL_ascii_wctomb
 .text.libc.__SEGGER_RTL_isctype
                0x0000000000003d14       0x1e C:/Program Files/SEGGER/SEGGER Embedded Studio for ARM 6.32a/lib/libc_v7em_fpv4_sp_d16_hard_t_le_eabi_balanced.a(mbops.o)
 .text.libc.isprint
                0x0000000000003d32        0x6 C:/Program Files/SEGGER/SEGGER Embedded Studio for ARM 6.32a/lib/libc_v7em_fpv4_sp_d16_hard_t_le_eabi_balanced.a(mbops.o)
                0x0000000000003d32                isprint
 .text.libc.__SEGGER_RTL_ascii_isctype
                0x0000000000003d38       0x20 C:/Program Files/SEGGER/SEGGER Embedded Studio for ARM 6.32a/lib/libc_v7em_fpv4_sp_d16_hard_t_le_eabi_balanced.a(mbops.o)
 .text.libc.__SEGGER_RTL_ascii_toupper
                0x0000000000003d58        0xc C:/Program Files/SEGGER/SEGGER Embedded Studio for ARM 6.32a/lib/libc_v7em_fpv4_sp_d16_hard_t_le_eabi_balanced.a(mbops.o)
 .text.libc.__SEGGER_RTL_ascii_tolower
                0x0000000000003d64        0xc C:/Program Files/SEGGER/SEGGER Embedded Studio for ARM 6.32a/lib/libc_v7em_fpv4_sp_d16_hard_t_le_eabi_balanced.a(mbops.o)
 .text.libc.__SEGGER_RTL_ascii_iswctype
                0x0000000000003d70       0x20 C:/Program Files/SEGGER/SEGGER Embedded Studio for ARM 6.32a/lib/libc_v7em_fpv4_sp_d16_hard_t_le_eabi_balanced.a(mbops.o)
 .text.libc.__SEGGER_RTL_ascii_towupper
                0x0000000000003d90        0xc C:/Program Files/SEGGER/SEGGER Embedded Studio for ARM 6.32a/lib/libc_v7em_fpv4_sp_d16_hard_t_le_eabi_balanced.a(mbops.o)
 .text.libc.__SEGGER_RTL_ascii_towlower
                0x0000000000003d9c        0xc C:/Program Files/SEGGER/SEGGER Embedded Studio for ARM 6.32a/lib/libc_v7em_fpv4_sp_d16_hard_t_le_eabi_balanced.a(mbops.o)
 .text.libc.strlen
                0x0000000000003da8       0x60 C:/Program Files/SEGGER/SEGGER Embedded Studio for ARM 6.32a/lib/libc_v7em_fpv4_sp_d16_hard_t_le_eabi_balanced.a(strasmops_arm.o)
                0x0000000000003da8                strlen
 .text.libc.memcpy
                0x0000000000003e08       0x64 C:/Program Files/SEGGER/SEGGER Embedded Studio for ARM 6.32a/lib/libc_v7em_fpv4_sp_d16_hard_t_le_eabi_balanced.a(strasmops_arm.o)
                0x0000000000003e08                __aeabi_memcpy
                0x0000000000003e08                memcpy
                0x0000000000003e2a                __aeabi_memcpy8
                0x0000000000003e2a                __aeabi_memcpy4
 .text.libc.__aeabi_memclr
                0x0000000000003e6c       0x68 C:/Program Files/SEGGER/SEGGER Embedded Studio for ARM 6.32a/lib/libc_v7em_fpv4_sp_d16_hard_t_le_eabi_balanced.a(strasmops_arm.o)
                0x0000000000003e6c                __aeabi_memclr8
                0x0000000000003e6c                __aeabi_memclr
                0x0000000000003e6c                __aeabi_memclr4
                0x0000000000003e6e                __aeabi_memset4
                0x0000000000003e6e                __aeabi_memset8
                0x0000000000003e6e                __aeabi_memset
                0x0000000000003e74                memset
 .text.__SEGGER_RTL_init_heap
                0x0000000000003ed4       0x14 C:/Program Files/SEGGER/SEGGER Embedded Studio for ARM 6.32a/lib/heapops_basic_v7em_little.a(heapops_basic.o)
                0x0000000000003ed4                __SEGGER_RTL_init_heap
                0x0000000000003ee8                __text_end__ = (__text_start__ + SIZEOF (.text))
                0x0000000000003b1c                __text_size__ = SIZEOF (.text)
                0x0000000000003ee8                __text_load_end__ = __text_end__

.vfp11_veneer   0x0000000100000000        0x0
 .vfp11_veneer  0x0000000100000000        0x0 linker stubs

.v4_bx          0x0000000100000000        0x0
 .v4_bx         0x0000000100000000        0x0 linker stubs

.iplt           0x0000000100000000        0x0
 .iplt          0x0000000100000000        0x0 Output/Debug/Obj/twi_scanner_pca10040/thumb_crt0.o
                0x0000000000000001                . = ASSERT (((__text_start__ == __text_end__) || ((__text_end__ - __FLASH1_segment_start__) <= __FLASH1_segment_size__)), error: .text is too large to fit in FLASH1 memory segment)
                0x0000000000003ee8                __log_const_data_load_start__ = ALIGN (__text_end__, 0x4)

.log_const_data
                0x0000000000003ee8       0x28
                0x0000000000003ee8                __log_const_data_start__ = .
                0x0000000000003ee8                __start_log_const_data = __log_const_data_start__
 *(SORT_BY_NAME(.log_const_data*))
 .log_const_data_PRS
                0x0000000000003ee8        0x8 Output/Debug/Obj/twi_scanner_pca10040/nrfx_prs.o
                0x0000000000003ee8                m_nrf_log_PRS_logs_data_const
 .log_const_data_TWIM
                0x0000000000003ef0        0x8 Output/Debug/Obj/twi_scanner_pca10040/nrfx_twim.o
                0x0000000000003ef0                m_nrf_log_TWIM_logs_data_const
 .log_const_data_UART
                0x0000000000003ef8        0x8 Output/Debug/Obj/twi_scanner_pca10040/nrfx_uart.o
                0x0000000000003ef8                m_nrf_log_UART_logs_data_const
 .log_const_data_UARTE
                0x0000000000003f00        0x8 Output/Debug/Obj/twi_scanner_pca10040/nrfx_uarte.o
                0x0000000000003f00                m_nrf_log_UARTE_logs_data_const
 .log_const_data_app
                0x0000000000003f08        0x8 Output/Debug/Obj/twi_scanner_pca10040/nrf_log_frontend.o
                0x0000000000003f08                m_nrf_log_app_logs_data_const
                0x0000000000003f10                __log_const_data_end__ = (__log_const_data_start__ + SIZEOF (.log_const_data))
                0x0000000000000028                __log_const_data_size__ = SIZEOF (.log_const_data)
                0x0000000000003f10                __stop_log_const_data = __log_const_data_end__
                0x0000000000003f10                __log_const_data_load_end__ = __log_const_data_end__
                0x0000000000000001                . = ASSERT (((__log_const_data_start__ == __log_const_data_end__) || ((__log_const_data_end__ - __FLASH1_segment_start__) <= __FLASH1_segment_size__)), error: .log_const_data is too large to fit in FLASH1 memory segment)
                0x0000000000003f10                __log_backends_load_start__ = ALIGN (__log_const_data_end__, 0x4)

.log_backends   0x0000000000003f10       0x10
                0x0000000000003f10                __log_backends_start__ = .
                0x0000000000003f10                __start_log_backends = __log_backends_start__
 *(SORT_BY_NAME(.log_backends*))
 .log_backends  0x0000000000003f10       0x10 Output/Debug/Obj/twi_scanner_pca10040/nrf_log_default_backends.o
                0x0000000000003f20                __log_backends_end__ = (__log_backends_start__ + SIZEOF (.log_backends))
                0x0000000000000010                __log_backends_size__ = SIZEOF (.log_backends)
                0x0000000000003f20                __stop_log_backends = __log_backends_end__
                0x0000000000003f20                __log_backends_load_end__ = __log_backends_end__
                0x0000000000000001                . = ASSERT (((__log_backends_start__ == __log_backends_end__) || ((__log_backends_end__ - __FLASH1_segment_start__) <= __FLASH1_segment_size__)), error: .log_backends is too large to fit in FLASH1 memory segment)
                0x0000000000003f20                __nrf_balloc_load_start__ = ALIGN (__log_backends_end__, 0x4)

.nrf_balloc     0x0000000000003f20       0x14
                0x0000000000003f20                __nrf_balloc_start__ = .
                0x0000000000003f20                __start_nrf_balloc = __nrf_balloc_start__
 *(.nrf_balloc*)
 .nrf_balloc    0x0000000000003f20       0x14 Output/Debug/Obj/twi_scanner_pca10040/nrf_log_frontend.o
                0x0000000000003f20                log_mempool
                0x0000000000003f34                __nrf_balloc_end__ = (__nrf_balloc_start__ + SIZEOF (.nrf_balloc))
                0x0000000000000014                __nrf_balloc_size__ = SIZEOF (.nrf_balloc)
                0x0000000000003f34                __stop_nrf_balloc = __nrf_balloc_end__
                0x0000000000003f34                __nrf_balloc_load_end__ = __nrf_balloc_end__
                0x0000000000000001                . = ASSERT (((__nrf_balloc_start__ == __nrf_balloc_end__) || ((__nrf_balloc_end__ - __FLASH1_segment_start__) <= __FLASH1_segment_size__)), error: .nrf_balloc is too large to fit in FLASH1 memory segment)
                0x0000000000003f34                __nrf_sections_load_start__ = ALIGN (__nrf_balloc_end__, 0x4)

.nrf_sections   0x0000000000003f34        0x0
                0x0000000000003f34                __nrf_sections_start__ = .
                0x0000000000003f34                __start_nrf_sections = __nrf_sections_start__
 *(.nrf_sections .nrf_sections.*)
                0x0000000000003f34                __nrf_sections_end__ = (__nrf_sections_start__ + SIZEOF (.nrf_sections))
                0x0000000000000000                __nrf_sections_size__ = SIZEOF (.nrf_sections)
                0x0000000000003f34                __nrf_sections_load_end__ = __nrf_sections_end__
                0x0000000000000001                . = ASSERT (((__nrf_sections_start__ == __nrf_sections_end__) || ((__nrf_sections_end__ - __FLASH1_segment_start__) <= __FLASH1_segment_size__)), error: .nrf_sections is too large to fit in FLASH1 memory segment)
                0x0000000000003f34                __log_dynamic_data_load_start__ = ALIGN (__nrf_sections_end__, 0x4)

.log_dynamic_data
                0x0000000020000000        0x0 load address 0x0000000000003f34
                0x0000000020000000                __log_dynamic_data_start__ = .
 *(SORT_BY_NAME(.log_dynamic_data*))
                0x0000000020000000                __log_dynamic_data_end__ = (__log_dynamic_data_start__ + SIZEOF (.log_dynamic_data))
                0x0000000000000000                __log_dynamic_data_size__ = SIZEOF (.log_dynamic_data)
                0x0000000000003f34                __log_dynamic_data_load_end__ = (__log_dynamic_data_load_start__ + SIZEOF (.log_dynamic_data))
                0x0000000000000001                . = ASSERT (((__log_dynamic_data_load_start__ == __log_dynamic_data_load_end__) || ((__log_dynamic_data_load_end__ - __FLASH1_segment_start__) <= __FLASH1_segment_size__)), error: .log_dynamic_data is too large to fit in FLASH1 memory segment)

.log_dynamic_data_run
                0x0000000020000000        0x0
                0x0000000020000000                __log_dynamic_data_run_start__ = .
                0x0000000020000000                __start_log_dynamic_data = __log_dynamic_data_run_start__
                0x0000000020000000                __log_dynamic_data_run_end__ = (__log_dynamic_data_run_start__ + SIZEOF (.log_dynamic_data))
                0x0000000000000000                __log_dynamic_data_run_size__ = (__log_dynamic_data_run_end__ - __log_dynamic_data_run_start__)
                0x0000000020000000                __stop_log_dynamic_data = __log_dynamic_data_run_end__
                0x0000000020000000                __log_dynamic_data_run_load_end__ = __log_dynamic_data_run_end__
                0x0000000000000001                . = ASSERT (((__log_dynamic_data_run_start__ == __log_dynamic_data_run_end__) || ((__log_dynamic_data_run_end__ - __RAM1_segment_start__) <= __RAM1_segment_size__)), error: .log_dynamic_data_run is too large to fit in RAM1 memory segment)
                0x0000000000003f34                __log_filter_data_load_start__ = ALIGN ((__log_dynamic_data_load_start__ + SIZEOF (.log_dynamic_data)), 0x4)

.log_filter_data
                0x0000000020000000        0x0 load address 0x0000000000003f34
                0x0000000020000000                __log_filter_data_start__ = .
 *(SORT_BY_NAME(.log_filter_data*))
                0x0000000020000000                __log_filter_data_end__ = (__log_filter_data_start__ + SIZEOF (.log_filter_data))
                0x0000000000000000                __log_filter_data_size__ = SIZEOF (.log_filter_data)
                0x0000000000003f34                __log_filter_data_load_end__ = (__log_filter_data_load_start__ + SIZEOF (.log_filter_data))
                0x0000000000000001                . = ASSERT (((__log_filter_data_load_start__ == __log_filter_data_load_end__) || ((__log_filter_data_load_end__ - __FLASH1_segment_start__) <= __FLASH1_segment_size__)), error: .log_filter_data is too large to fit in FLASH1 memory segment)

.log_filter_data_run
                0x0000000020000000        0x0
                0x0000000020000000                __log_filter_data_run_start__ = .
                0x0000000020000000                __start_log_filter_data = __log_filter_data_run_start__
                0x0000000020000000                __log_filter_data_run_end__ = (__log_filter_data_run_start__ + SIZEOF (.log_filter_data))
                0x0000000000000000                __log_filter_data_run_size__ = (__log_filter_data_run_end__ - __log_filter_data_run_start__)
                0x0000000020000000                __stop_log_filter_data = __log_filter_data_run_end__
                0x0000000020000000                __log_filter_data_run_load_end__ = __log_filter_data_run_end__
                0x0000000000000001                . = ASSERT (((__log_filter_data_run_start__ == __log_filter_data_run_end__) || ((__log_filter_data_run_end__ - __RAM1_segment_start__) <= __RAM1_segment_size__)), error: .log_filter_data_run is too large to fit in RAM1 memory segment)
                0x0000000020000000                __nrf_sections_run_end_load_start__ = ALIGN (__log_filter_data_run_end__, 0x4)

.nrf_sections_run_end
                0x0000000020000000        0x0
                0x0000000020000000                __nrf_sections_run_end_start__ = .
                0x0000000020000000                __end_nrf_sections_run = __nrf_sections_run_end_start__
 *(.nrf_sections_run_end .nrf_sections_run_end.*)
                0x0000000020000000                __nrf_sections_run_end_end__ = (__nrf_sections_run_end_start__ + SIZEOF (.nrf_sections_run_end))
                0x0000000000000000                __nrf_sections_run_end_size__ = SIZEOF (.nrf_sections_run_end)
                0x0000000020000000                __nrf_sections_run_end_load_end__ = __nrf_sections_run_end_end__
                0x0000000000000001                . = ASSERT (((__nrf_sections_run_end_start__ == __nrf_sections_run_end_end__) || ((__nrf_sections_run_end_end__ - __RAM1_segment_start__) <= __RAM1_segment_size__)), error: .nrf_sections_run_end is too large to fit in RAM1 memory segment)
                0x0000000000003f34                __dtors_load_start__ = ALIGN ((__log_filter_data_load_start__ + SIZEOF (.log_filter_data)), 0x4)

.dtors          0x0000000000003f34        0x0
                0x0000000000003f34                __dtors_start__ = .
 *(SORT_BY_NAME(.dtors.*))
 *(.dtors)
 *(.fini_array)
 *(SORT_BY_NAME(.fini_array.*))
                0x0000000000003f34                __dtors_end__ = (__dtors_start__ + SIZEOF (.dtors))
                0x0000000000000000                __dtors_size__ = SIZEOF (.dtors)
                0x0000000000003f34                __dtors_load_end__ = __dtors_end__
                0x0000000000000001                . = ASSERT (((__dtors_start__ == __dtors_end__) || ((__dtors_end__ - __FLASH1_segment_start__) <= __FLASH1_segment_size__)), error: .dtors is too large to fit in FLASH1 memory segment)
                0x0000000000003f34                __ctors_load_start__ = ALIGN (__dtors_end__, 0x4)

.ctors          0x0000000000003f34        0x0
                0x0000000000003f34                __ctors_start__ = .
 *(SORT_BY_NAME(.ctors.*))
 *(.ctors)
 *(.init_array)
 *(SORT_BY_NAME(.init_array.*))
                0x0000000000003f34                __ctors_end__ = (__ctors_start__ + SIZEOF (.ctors))
                0x0000000000000000                __ctors_size__ = SIZEOF (.ctors)
                0x0000000000003f34                __ctors_load_end__ = __ctors_end__
                0x0000000000000001                . = ASSERT (((__ctors_start__ == __ctors_end__) || ((__ctors_end__ - __FLASH1_segment_start__) <= __FLASH1_segment_size__)), error: .ctors is too large to fit in FLASH1 memory segment)
                0x0000000000003f34                __rodata_load_start__ = ALIGN (__ctors_end__, 0x4)

.rodata         0x0000000000003f34      0xd7d
                0x0000000000003f34                __rodata_start__ = .
 *(.rodata .rodata.* .gnu.linkonce.r.*)
 .rodata.nrf_log_backend_rtt_api
                0x0000000000003f34        0xc Output/Debug/Obj/twi_scanner_pca10040/nrf_log_backend_rtt.o
                0x0000000000003f34                nrf_log_backend_rtt_api
 .rodata.delay_machine_code.0
                0x0000000000003f40        0x6 Output/Debug/Obj/twi_scanner_pca10040/nrf_log_backend_rtt.o
 *fill*         0x0000000000003f46        0x2 
 .rodata        0x0000000000003f48       0x63 Output/Debug/Obj/twi_scanner_pca10040/nrf_log_default_backends.o
 *fill*         0x0000000000003fab        0x1 
 .rodata.m_log_push_ringbuf
                0x0000000000003fac        0xc Output/Debug/Obj/twi_scanner_pca10040/nrf_log_frontend.o
 .rodata        0x0000000000003fb8       0x61 Output/Debug/Obj/twi_scanner_pca10040/nrf_log_frontend.o
 *fill*         0x0000000000004019        0x3 
 .rodata        0x000000000000401c       0xaa Output/Debug/Obj/twi_scanner_pca10040/nrf_log_str_formatter.o
 *fill*         0x00000000000040c6        0x2 
 .rodata        0x00000000000040c8       0x70 Output/Debug/Obj/twi_scanner_pca10040/app_error_weak.o
 .rodata        0x0000000000004138       0x49 Output/Debug/Obj/twi_scanner_pca10040/app_util_platform.o
 *fill*         0x0000000000004181        0x3 
 .rodata        0x0000000000004184       0x44 Output/Debug/Obj/twi_scanner_pca10040/nrf_balloc.o
 .rodata        0x00000000000041c8       0x3a Output/Debug/Obj/twi_scanner_pca10040/nrf_fprintf.o
 *fill*         0x0000000000004202        0x2 
 .rodata        0x0000000000004204       0x41 Output/Debug/Obj/twi_scanner_pca10040/nrf_fprintf_format.o
 *fill*         0x0000000000004245        0x3 
 .rodata._aV2C.0
                0x0000000000004248       0x10 Output/Debug/Obj/twi_scanner_pca10040/nrf_fprintf_format.o
 .rodata        0x0000000000004258       0x44 Output/Debug/Obj/twi_scanner_pca10040/nrf_memobj.o
 .rodata.m_unknown_str
                0x000000000000429c       0x13 Output/Debug/Obj/twi_scanner_pca10040/nrf_strerror.o
 *fill*         0x00000000000042af        0x1 
 .rodata        0x00000000000042b0      0x3bd Output/Debug/Obj/twi_scanner_pca10040/nrf_strerror.o
 *fill*         0x000000000000466d        0x3 
 .rodata.nrf_strerror_array
                0x0000000000004670      0x118 Output/Debug/Obj/twi_scanner_pca10040/nrf_strerror.o
 .rodata        0x0000000000004788       0x47 Output/Debug/Obj/twi_scanner_pca10040/nrfx_prs.o
 *fill*         0x00000000000047cf        0x1 
 .rodata        0x00000000000047d0       0xa8 Output/Debug/Obj/twi_scanner_pca10040/nrfx_twim.o
 .rodata        0x0000000000004878       0xa8 Output/Debug/Obj/twi_scanner_pca10040/nrfx_uart.o
 .rodata        0x0000000000004920       0xa9 Output/Debug/Obj/twi_scanner_pca10040/nrfx_uarte.o
 *fill*         0x00000000000049c9        0x3 
 .rodata        0x00000000000049cc       0x62 Output/Debug/Obj/twi_scanner_pca10040/main.o
 *fill*         0x0000000000004a2e        0x2 
 .rodata.delay_machine_code.0
                0x0000000000004a30        0x6 Output/Debug/Obj/twi_scanner_pca10040/main.o
 *fill*         0x0000000000004a36        0x2 
 .rodata        0x0000000000004a38       0x2e Output/Debug/Obj/twi_scanner_pca10040/app_dht11.o
 *fill*         0x0000000000004a66        0xa 
 .rodata.delay_machine_code.0
                0x0000000000004a70        0x6 Output/Debug/Obj/twi_scanner_pca10040/app_dht11.o
 *fill*         0x0000000000004a76        0x2 
 .rodata        0x0000000000004a78       0x17 Output/Debug/Obj/twi_scanner_pca10040/SEGGER_RTT.o
 *fill*         0x0000000000004a8f        0x1 
 .rodata.libc.__SEGGER_RTL_c_locale
                0x0000000000004a90        0xc C:/Program Files/SEGGER/SEGGER Embedded Studio for ARM 6.32a/lib/libc_v7em_fpv4_sp_d16_hard_t_le_eabi_balanced.a(mbops.o)
                0x0000000000004a90                __SEGGER_RTL_c_locale
 .rodata.libc..L.str
                0x0000000000004a9c        0x2 C:/Program Files/SEGGER/SEGGER Embedded Studio for ARM 6.32a/lib/libc_v7em_fpv4_sp_d16_hard_t_le_eabi_balanced.a(mbops.o)
 *fill*         0x0000000000004a9e        0x2 
 .rodata.libc.__SEGGER_RTL_codeset_ascii
                0x0000000000004aa0       0x20 C:/Program Files/SEGGER/SEGGER Embedded Studio for ARM 6.32a/lib/libc_v7em_fpv4_sp_d16_hard_t_le_eabi_balanced.a(mbops.o)
                0x0000000000004aa0                __SEGGER_RTL_codeset_ascii
 .rodata.libc.__SEGGER_RTL_c_locale_abbrev_day_names
                0x0000000000004ac0       0x1d C:/Program Files/SEGGER/SEGGER Embedded Studio for ARM 6.32a/lib/libc_v7em_fpv4_sp_d16_hard_t_le_eabi_balanced.a(mbops.o)
                0x0000000000004ac0                __SEGGER_RTL_c_locale_abbrev_day_names
 .rodata.libc.__SEGGER_RTL_c_locale_abbrev_month_names
                0x0000000000004add       0x31 C:/Program Files/SEGGER/SEGGER Embedded Studio for ARM 6.32a/lib/libc_v7em_fpv4_sp_d16_hard_t_le_eabi_balanced.a(mbops.o)
                0x0000000000004add                __SEGGER_RTL_c_locale_abbrev_month_names
 .rodata.libc.__SEGGER_RTL_data_utf8_period
                0x0000000000004b0e        0x2 C:/Program Files/SEGGER/SEGGER Embedded Studio for ARM 6.32a/lib/libc_v7em_fpv4_sp_d16_hard_t_le_eabi_balanced.a(mbops.o)
                0x0000000000004b0e                __SEGGER_RTL_data_utf8_period
 .rodata.libc.__SEGGER_RTL_data_empty_string
                0x0000000000004b10        0x1 C:/Program Files/SEGGER/SEGGER Embedded Studio for ARM 6.32a/lib/libc_v7em_fpv4_sp_d16_hard_t_le_eabi_balanced.a(mbops.o)
                0x0000000000004b10                __SEGGER_RTL_data_empty_string
 .rodata.libc.__SEGGER_RTL_c_locale_day_names
                0x0000000000004b11       0x3a C:/Program Files/SEGGER/SEGGER Embedded Studio for ARM 6.32a/lib/libc_v7em_fpv4_sp_d16_hard_t_le_eabi_balanced.a(mbops.o)
 .rodata.libc.__SEGGER_RTL_c_locale_month_names
                0x0000000000004b4b       0x57 C:/Program Files/SEGGER/SEGGER Embedded Studio for ARM 6.32a/lib/libc_v7em_fpv4_sp_d16_hard_t_le_eabi_balanced.a(mbops.o)
 .rodata.libc.__SEGGER_RTL_c_locale_am_pm_indicator
                0x0000000000004ba2        0x7 C:/Program Files/SEGGER/SEGGER Embedded Studio for ARM 6.32a/lib/libc_v7em_fpv4_sp_d16_hard_t_le_eabi_balanced.a(mbops.o)
 .rodata.libc.__SEGGER_RTL_c_locale_date_format
                0x0000000000004ba9        0x9 C:/Program Files/SEGGER/SEGGER Embedded Studio for ARM 6.32a/lib/libc_v7em_fpv4_sp_d16_hard_t_le_eabi_balanced.a(mbops.o)
 .rodata.libc.__SEGGER_RTL_c_locale_time_format
                0x0000000000004bb2        0x9 C:/Program Files/SEGGER/SEGGER Embedded Studio for ARM 6.32a/lib/libc_v7em_fpv4_sp_d16_hard_t_le_eabi_balanced.a(mbops.o)
 .rodata.libc.__SEGGER_RTL_c_locale_date_time_format
                0x0000000000004bbb        0xf C:/Program Files/SEGGER/SEGGER Embedded Studio for ARM 6.32a/lib/libc_v7em_fpv4_sp_d16_hard_t_le_eabi_balanced.a(mbops.o)
 *fill*         0x0000000000004bca        0x2 
 .rodata.libc.__SEGGER_RTL_c_locale_data
                0x0000000000004bcc       0x58 C:/Program Files/SEGGER/SEGGER Embedded Studio for ARM 6.32a/lib/libc_v7em_fpv4_sp_d16_hard_t_le_eabi_balanced.a(mbops.o)
                0x0000000000004bcc                __SEGGER_RTL_c_locale_data
 .rodata.libc.__SEGGER_RTL_ascii_ctype_map
                0x0000000000004c24       0x80 C:/Program Files/SEGGER/SEGGER Embedded Studio for ARM 6.32a/lib/libc_v7em_fpv4_sp_d16_hard_t_le_eabi_balanced.a(mbops.o)
 .rodata.libc.__SEGGER_RTL_ascii_ctype_mask
                0x0000000000004ca4        0xd C:/Program Files/SEGGER/SEGGER Embedded Studio for ARM 6.32a/lib/libc_v7em_fpv4_sp_d16_hard_t_le_eabi_balanced.a(mbops.o)
                0x0000000000004cb1                __rodata_end__ = (__rodata_start__ + SIZEOF (.rodata))
                0x0000000000000d7d                __rodata_size__ = SIZEOF (.rodata)
                0x0000000000004cb1                __rodata_load_end__ = __rodata_end__

.rel.dyn        0x0000000000004cb4        0x0
 .rel.iplt      0x0000000000004cb4        0x0 Output/Debug/Obj/twi_scanner_pca10040/thumb_crt0.o
                0x0000000000000001                . = ASSERT (((__rodata_start__ == __rodata_end__) || ((__rodata_end__ - __FLASH1_segment_start__) <= __FLASH1_segment_size__)), error: .rodata is too large to fit in FLASH1 memory segment)
                0x0000000000004cb4                __ARM.exidx_load_start__ = ALIGN (__rodata_end__, 0x4)

.ARM.exidx      0x0000000000004cb4        0x0
                0x0000000000004cb4                __ARM.exidx_start__ = .
                0x0000000000004cb4                __exidx_start = __ARM.exidx_start__
 *(.ARM.exidx .ARM.exidx.*)
                0x0000000000004cb4                __ARM.exidx_end__ = (__ARM.exidx_start__ + SIZEOF (.ARM.exidx))
                0x0000000000000000                __ARM.exidx_size__ = SIZEOF (.ARM.exidx)
                0x0000000000004cb4                __exidx_end = __ARM.exidx_end__
                0x0000000000004cb4                __ARM.exidx_load_end__ = __ARM.exidx_end__
                0x0000000000000001                . = ASSERT (((__ARM.exidx_start__ == __ARM.exidx_end__) || ((__ARM.exidx_end__ - __FLASH1_segment_start__) <= __FLASH1_segment_size__)), error: .ARM.exidx is too large to fit in FLASH1 memory segment)
                0x0000000000004cb4                __fast_load_start__ = ALIGN (__ARM.exidx_end__, 0x4)

.fast           0x0000000020000000        0x0 load address 0x0000000000004cb4
                0x0000000020000000                __fast_start__ = .
 *(.fast .fast.*)
                0x0000000020000000                __fast_end__ = (__fast_start__ + SIZEOF (.fast))
                0x0000000000000000                __fast_size__ = SIZEOF (.fast)
                0x0000000000004cb4                __fast_load_end__ = (__fast_load_start__ + SIZEOF (.fast))
                0x0000000000000001                . = ASSERT (((__fast_load_start__ == __fast_load_end__) || ((__fast_load_end__ - __FLASH1_segment_start__) <= __FLASH1_segment_size__)), error: .fast is too large to fit in FLASH1 memory segment)

.fast_run       0x0000000020000000        0x0
                0x0000000020000000                __fast_run_start__ = .
                0x0000000020000000                __fast_run_end__ = (__fast_run_start__ + SIZEOF (.fast))
                0x0000000000000000                __fast_run_size__ = (__fast_run_end__ - __fast_run_start__)
                0x0000000020000000                __fast_run_load_end__ = __fast_run_end__
                0x0000000000000001                . = ASSERT (((__fast_run_start__ == __fast_run_end__) || ((__fast_run_end__ - __RAM1_segment_start__) <= __RAM1_segment_size__)), error: .fast_run is too large to fit in RAM1 memory segment)
                0x0000000000004cb4                __data_load_start__ = ALIGN ((__fast_load_start__ + SIZEOF (.fast)), 0x4)

.data           0x0000000020000000       0x5c load address 0x0000000000004cb4
                0x0000000020000000                __data_start__ = .
 *(.data .data.* .gnu.linkonce.d.*)
 .data.log_backend_cb_rtt_log_backend
                0x0000000020000000        0x8 Output/Debug/Obj/twi_scanner_pca10040/nrf_log_default_backends.o
 .data.m_buffer_mask
                0x0000000020000008        0x4 Output/Debug/Obj/twi_scanner_pca10040/nrf_log_frontend.o
 .data.severity_names
                0x000000002000000c       0x14 Output/Debug/Obj/twi_scanner_pca10040/nrf_log_str_formatter.o
 .data.m_colors
                0x0000000020000020       0x24 Output/Debug/Obj/twi_scanner_pca10040/nrf_log_str_formatter.o
 .data.SystemCoreClock
                0x0000000020000044        0x4 Output/Debug/Obj/twi_scanner_pca10040/system_nrf52.o
                0x0000000020000044                SystemCoreClock
 .data.libc.__SEGGER_RTL_global_locale
                0x0000000020000048       0x14 C:/Program Files/SEGGER/SEGGER Embedded Studio for ARM 6.32a/lib/libc_v7em_fpv4_sp_d16_hard_t_le_eabi_balanced.a(mbops.o)
                0x0000000020000048                __SEGGER_RTL_global_locale
                0x0000000020000048                __RAL_global_locale
                0x000000002000005c                __data_end__ = (__data_start__ + SIZEOF (.data))
                0x000000000000005c                __data_size__ = SIZEOF (.data)
                0x0000000000004d10                __data_load_end__ = (__data_load_start__ + SIZEOF (.data))

.igot.plt       0x0000000100000000        0x0
 .igot.plt      0x0000000100000000        0x0 Output/Debug/Obj/twi_scanner_pca10040/thumb_crt0.o
                0x0000000000000001                . = ASSERT (((__data_load_start__ == __data_load_end__) || ((__data_load_end__ - __FLASH1_segment_start__) <= __FLASH1_segment_size__)), error: .data is too large to fit in FLASH1 memory segment)

.data_run       0x0000000020000000        0x0
                0x0000000020000000                __data_run_start__ = .
                0x000000002000005c                __data_run_end__ = (__data_run_start__ + SIZEOF (.data))
                0x000000000000005c                __data_run_size__ = (__data_run_end__ - __data_run_start__)
                0x000000002000005c                __data_run_load_end__ = __data_run_end__
                0x0000000000000001                . = ASSERT (((__data_run_start__ == __data_run_end__) || ((__data_run_end__ - __RAM1_segment_start__) <= __RAM1_segment_size__)), error: .data_run is too large to fit in RAM1 memory segment)
                0x0000000000004d10                __tdata_load_start__ = ALIGN ((__data_load_start__ + SIZEOF (.data)), 0x4)

.tdata          0x000000002000005c        0x0 load address 0x0000000000004d10
                0x000000002000005c                __tdata_start__ = .
 *(.tdata .tdata.*)
                0x000000002000005c                __tdata_end__ = (__tdata_start__ + SIZEOF (.tdata))
                0x0000000000000000                __tdata_size__ = SIZEOF (.tdata)
                0x0000000000004d10                __tdata_load_end__ = (__tdata_load_start__ + SIZEOF (.tdata))
                0x0000000000004d10                __FLASH1_segment_used_end__ = (ALIGN ((__data_load_start__ + SIZEOF (.data)), 0x4) + SIZEOF (.tdata))
                0x0000000000004d10                __FLASH1_segment_used_size__ = (__FLASH1_segment_used_end__ - __FLASH1_segment_start__)
                0x0000000000000001                . = ASSERT (((__tdata_load_start__ == __tdata_load_end__) || ((__tdata_load_end__ - __FLASH1_segment_start__) <= __FLASH1_segment_size__)), error: .tdata is too large to fit in FLASH1 memory segment)

.tdata_run      0x000000002000005c        0x0
                0x000000002000005c                __tdata_run_start__ = .
                0x000000002000005c                __tdata_run_end__ = (__tdata_run_start__ + SIZEOF (.tdata))
                0x0000000000000000                __tdata_run_size__ = (__tdata_run_end__ - __tdata_run_start__)
                0x000000002000005c                __tdata_run_load_end__ = __tdata_run_end__
                0x0000000000000001                . = ASSERT (((__tdata_run_start__ == __tdata_run_end__) || ((__tdata_run_end__ - __RAM1_segment_start__) <= __RAM1_segment_size__)), error: .tdata_run is too large to fit in RAM1 memory segment)
                0x000000002000005c                __bss_load_start__ = ALIGN (__tdata_run_end__, 0x4)

.bss            0x000000002000005c      0x8f0
                0x000000002000005c                __bss_start__ = .
 *(.bss .bss.* .gnu.linkonce.b.*)
 .bss.m_host_present
                0x000000002000005c        0x1 Output/Debug/Obj/twi_scanner_pca10040/nrf_log_backend_rtt.o
 *fill*         0x000000002000005d        0x3 
 .bss.m_string_buff
                0x0000000020000060       0x40 Output/Debug/Obj/twi_scanner_pca10040/nrf_log_backend_rtt.o
 .bss.log_mempool_nrf_balloc_pool_stack
                0x00000000200000a0        0x8 Output/Debug/Obj/twi_scanner_pca10040/nrf_log_frontend.o
 .bss.log_mempool_nrf_balloc_pool_mem
                0x00000000200000a8       0xc0 Output/Debug/Obj/twi_scanner_pca10040/nrf_log_frontend.o
 .bss.log_mempool_nrf_balloc_cb
                0x0000000020000168        0x8 Output/Debug/Obj/twi_scanner_pca10040/nrf_log_frontend.o
 .bss.m_log_push_ringbuf_buf
                0x0000000020000170       0x80 Output/Debug/Obj/twi_scanner_pca10040/nrf_log_frontend.o
 .bss.m_log_push_ringbuf_cb
                0x00000000200001f0       0x18 Output/Debug/Obj/twi_scanner_pca10040/nrf_log_frontend.o
 .bss.m_log_data
                0x0000000020000208      0x420 Output/Debug/Obj/twi_scanner_pca10040/nrf_log_frontend.o
 .bss.m_error_data.0
                0x0000000020000628       0x20 Output/Debug/Obj/twi_scanner_pca10040/app_error.o
 .bss.m_in_critical_region
                0x0000000020000648        0x4 Output/Debug/Obj/twi_scanner_pca10040/app_util_platform.o
 .bss.m_prs_box_4
                0x000000002000064c        0x8 Output/Debug/Obj/twi_scanner_pca10040/nrfx_prs.o
 .bss.m_cb      0x0000000020000654       0x68 Output/Debug/Obj/twi_scanner_pca10040/nrfx_twim.o
 .bss._SEGGER_RTT
                0x00000000200006bc       0x78 Output/Debug/Obj/twi_scanner_pca10040/SEGGER_RTT.o
                0x00000000200006bc                _SEGGER_RTT
 .bss._acUpBuffer
                0x0000000020000734      0x200 Output/Debug/Obj/twi_scanner_pca10040/SEGGER_RTT.o
 .bss._acDownBuffer
                0x0000000020000934       0x10 Output/Debug/Obj/twi_scanner_pca10040/SEGGER_RTT.o
 .bss.libc.__SEGGER_RTL_locale_ptr
                0x0000000020000944        0x4 C:/Program Files/SEGGER/SEGGER Embedded Studio for ARM 6.32a/lib/libc_v7em_fpv4_sp_d16_hard_t_le_eabi_balanced.a(mbops.o)
                0x0000000020000944                __SEGGER_RTL_locale_ptr
 .bss.__SEGGER_RTL_heap_globals
                0x0000000020000948        0x4 C:/Program Files/SEGGER/SEGGER Embedded Studio for ARM 6.32a/lib/heapops_basic_v7em_little.a(heapops_basic.o)
 *(COMMON)
                0x000000002000094c                __bss_end__ = (__bss_start__ + SIZEOF (.bss))
                0x00000000000008f0                __bss_size__ = SIZEOF (.bss)
                0x000000002000094c                __bss_load_end__ = __bss_end__
                0x0000000000000001                . = ASSERT (((__bss_start__ == __bss_end__) || ((__bss_end__ - __RAM1_segment_start__) <= __RAM1_segment_size__)), error: .bss is too large to fit in RAM1 memory segment)
                0x000000002000094c                __tbss_load_start__ = ALIGN (__bss_end__, 0x4)

.tbss           0x000000002000094c        0x0
                0x000000002000094c                __tbss_start__ = .
 *(.tbss .tbss.*)
                0x000000002000094c                __tbss_end__ = (__tbss_start__ + SIZEOF (.tbss))
                0x0000000000000000                __tbss_size__ = SIZEOF (.tbss)
                0x000000002000094c                __tbss_load_end__ = __tbss_end__
                0x0000000000000001                . = ASSERT (((__tbss_start__ == __tbss_end__) || ((__tbss_end__ - __RAM1_segment_start__) <= __RAM1_segment_size__)), error: .tbss is too large to fit in RAM1 memory segment)
                0x000000002000094c                __non_init_load_start__ = ALIGN (__tbss_end__, 0x4)

.non_init       0x000000002000094c        0x0
                0x000000002000094c                __non_init_start__ = .
 *(.non_init .non_init.*)
                0x000000002000094c                __non_init_end__ = (__non_init_start__ + SIZEOF (.non_init))
                0x0000000000000000                __non_init_size__ = SIZEOF (.non_init)
                0x000000002000094c                __non_init_load_end__ = __non_init_end__
                0x0000000000000001                . = ASSERT (((__non_init_start__ == __non_init_end__) || ((__non_init_end__ - __RAM1_segment_start__) <= __RAM1_segment_size__)), error: .non_init is too large to fit in RAM1 memory segment)
                0x000000002000094c                __heap_load_start__ = ALIGN (__non_init_end__, 0x4)

.heap           0x000000002000094c     0x2000
                0x000000002000094c                __heap_start__ = .
 *(.heap .heap.*)
                0x000000002000294c                . = ALIGN (MAX ((__heap_start__ + __HEAPSIZE__), .), 0x4)
 *fill*         0x000000002000094c     0x2000 
                0x000000002000294c                __heap_end__ = (__heap_start__ + SIZEOF (.heap))
                0x0000000000002000                __heap_size__ = SIZEOF (.heap)
                0x000000002000294c                __heap_load_end__ = __heap_end__
                0x0000000000000001                . = ASSERT (((__heap_start__ == __heap_end__) || ((__heap_end__ - __RAM1_segment_start__) <= __RAM1_segment_size__)), error: .heap is too large to fit in RAM1 memory segment)
                0x0000000000000001                . = ASSERT ((__heap_size__ <= __HEAPSIZE__), error: .heap is larger than specified size)
                0x000000002000e000                __stack_load_start__ = (__RAM1_segment_start__ + (__RAM1_segment_size__ - 0x2000))

.stack          0x000000002000e000     0x2000
                0x000000002000e000                __stack_start__ = .
                0x000000002000e000                __StackLimit = __stack_start__
 *(.stack .stack.*)
                0x0000000020010000                . = ALIGN (MAX ((__stack_start__ + __STACKSIZE__), .), 0x8)
 *fill*         0x000000002000e000     0x2000 
                0x0000000020010000                __stack_end__ = (__stack_start__ + SIZEOF (.stack))
                0x0000000000002000                __stack_size__ = SIZEOF (.stack)
                0x0000000020010000                __StackTop = __stack_end__
                0x0000000020010000                __stack_load_end__ = __stack_end__
                0x0000000000000001                . = ASSERT (((__stack_start__ == __stack_end__) || ((__stack_end__ - __RAM1_segment_start__) <= __RAM1_segment_size__)), error: .stack is too large to fit in RAM1 memory segment)
                0x0000000000000001                . = ASSERT ((__heap_end__ <= __stack_start__), error: section .heap overlaps absolute placed section .stack)
                0x0000000000000001                . = ASSERT ((__stack_size__ <= __STACKSIZE__), error: .stack is larger than specified size)
                0x0000000020010000                __stack_process_load_start__ = ALIGN (__stack_end__, 0x8)

.stack_process  0x0000000020010000        0x0
                0x0000000020010000                __stack_process_start__ = .
 *(.stack_process .stack_process.*)
                0x0000000020010000                . = ALIGN (MAX ((__stack_process_start__ + __STACKSIZE_PROCESS__), .), 0x8)
                0x0000000020010000                __stack_process_end__ = (__stack_process_start__ + SIZEOF (.stack_process))
                0x0000000000000000                __stack_process_size__ = SIZEOF (.stack_process)
                0x0000000020010000                __stack_process_load_end__ = __stack_process_end__
                0x0000000020010000                __RAM1_segment_used_end__ = (ALIGN (__stack_end__, 0x8) + SIZEOF (.stack_process))
                0x0000000000010000                __RAM1_segment_used_size__ = (__RAM1_segment_used_end__ - __RAM1_segment_start__)
                0x0000000000000001                . = ASSERT (((__stack_process_start__ == __stack_process_end__) || ((__stack_process_end__ - __RAM1_segment_start__) <= __RAM1_segment_size__)), error: .stack_process is too large to fit in RAM1 memory segment)
                0x0000000000000001                . = ASSERT ((__stack_process_size__ <= __STACKSIZE_PROCESS__), error: .stack_process is larger than specified size)
START GROUP
LOAD Output/Debug/Obj/twi_scanner_pca10040/thumb_crt0.o
LOAD Output/Debug/Obj/twi_scanner_pca10040/nrf_log_backend_rtt.o
LOAD Output/Debug/Obj/twi_scanner_pca10040/nrf_log_backend_serial.o
LOAD Output/Debug/Obj/twi_scanner_pca10040/nrf_log_backend_uart.o
LOAD Output/Debug/Obj/twi_scanner_pca10040/nrf_log_default_backends.o
LOAD Output/Debug/Obj/twi_scanner_pca10040/nrf_log_frontend.o
LOAD Output/Debug/Obj/twi_scanner_pca10040/nrf_log_str_formatter.o
LOAD Output/Debug/Obj/twi_scanner_pca10040/boards.o
LOAD Output/Debug/Obj/twi_scanner_pca10040/app_error.o
LOAD Output/Debug/Obj/twi_scanner_pca10040/app_error_handler_gcc.o
LOAD Output/Debug/Obj/twi_scanner_pca10040/app_error_weak.o
LOAD Output/Debug/Obj/twi_scanner_pca10040/app_util_platform.o
LOAD Output/Debug/Obj/twi_scanner_pca10040/nrf_assert.o
LOAD Output/Debug/Obj/twi_scanner_pca10040/nrf_atomic.o
LOAD Output/Debug/Obj/twi_scanner_pca10040/nrf_balloc.o
LOAD Output/Debug/Obj/twi_scanner_pca10040/nrf_fprintf.o
LOAD Output/Debug/Obj/twi_scanner_pca10040/nrf_fprintf_format.o
LOAD Output/Debug/Obj/twi_scanner_pca10040/nrf_memobj.o
LOAD Output/Debug/Obj/twi_scanner_pca10040/nrf_ringbuf.o
LOAD Output/Debug/Obj/twi_scanner_pca10040/nrf_strerror.o
LOAD Output/Debug/Obj/twi_scanner_pca10040/nrf_drv_twi.o
LOAD Output/Debug/Obj/twi_scanner_pca10040/nrf_drv_uart.o
LOAD Output/Debug/Obj/twi_scanner_pca10040/nrfx_atomic.o
LOAD Output/Debug/Obj/twi_scanner_pca10040/nrfx_prs.o
LOAD Output/Debug/Obj/twi_scanner_pca10040/nrfx_twi.o
LOAD Output/Debug/Obj/twi_scanner_pca10040/nrfx_twim.o
LOAD Output/Debug/Obj/twi_scanner_pca10040/nrfx_uart.o
LOAD Output/Debug/Obj/twi_scanner_pca10040/nrfx_uarte.o
LOAD Output/Debug/Obj/twi_scanner_pca10040/app_timer.o
LOAD Output/Debug/Obj/twi_scanner_pca10040/main.o
LOAD Output/Debug/Obj/twi_scanner_pca10040/app_dht11.o
LOAD Output/Debug/Obj/twi_scanner_pca10040/SEGGER_RTT.o
LOAD Output/Debug/Obj/twi_scanner_pca10040/SEGGER_RTT_Syscalls_SES.o
LOAD Output/Debug/Obj/twi_scanner_pca10040/SEGGER_RTT_printf.o
LOAD Output/Debug/Obj/twi_scanner_pca10040/ses_startup_nrf52.o
LOAD Output/Debug/Obj/twi_scanner_pca10040/ses_startup_nrf_common.o
LOAD Output/Debug/Obj/twi_scanner_pca10040/system_nrf52.o
LOAD C:/Users/DELL/AppData/Local/SEGGER/SEGGER Embedded Studio/v3/packages/libraries/libcxx/lib/libcxx_noexcept_v7em_fpv4_sp_d16_hard_t_le_eabi_balanced.a
LOAD C:/Program Files/SEGGER/SEGGER Embedded Studio for ARM 6.32a/lib/libc_v7em_fpv4_sp_d16_hard_t_le_eabi_balanced.a
LOAD C:/Program Files/SEGGER/SEGGER Embedded Studio for ARM 6.32a/lib/heapops_basic_v7em_little.a
LOAD C:/Program Files/SEGGER/SEGGER Embedded Studio for ARM 6.32a/lib/heapops_disable_interrupts_locking_v7em_little.a
END GROUP
OUTPUT(F:/nRF5_SDK_17.1.0_ddde560/examples/Myproject/twi_tutotrial/pca10040/blank/ses/Output/Debug/Exe/twi_scanner_pca10040.elf elf32-littlearm)
LOAD linker stubs

.ARM.attributes
                0x0000000000000000       0x36
 .ARM.attributes
                0x0000000000000000       0x20 Output/Debug/Obj/twi_scanner_pca10040/thumb_crt0.o
 .ARM.attributes
                0x0000000000000020       0x36 Output/Debug/Obj/twi_scanner_pca10040/nrf_log_backend_rtt.o
 .ARM.attributes
                0x0000000000000056       0x36 Output/Debug/Obj/twi_scanner_pca10040/nrf_log_backend_serial.o
 .ARM.attributes
                0x000000000000008c       0x36 Output/Debug/Obj/twi_scanner_pca10040/nrf_log_default_backends.o
 .ARM.attributes
                0x00000000000000c2       0x36 Output/Debug/Obj/twi_scanner_pca10040/nrf_log_frontend.o
 .ARM.attributes
                0x00000000000000f8       0x36 Output/Debug/Obj/twi_scanner_pca10040/nrf_log_str_formatter.o
 .ARM.attributes
                0x000000000000012e       0x36 Output/Debug/Obj/twi_scanner_pca10040/app_error.o
 .ARM.attributes
                0x0000000000000164       0x36 Output/Debug/Obj/twi_scanner_pca10040/app_error_handler_gcc.o
 .ARM.attributes
                0x000000000000019a       0x36 Output/Debug/Obj/twi_scanner_pca10040/app_error_weak.o
 .ARM.attributes
                0x00000000000001d0       0x36 Output/Debug/Obj/twi_scanner_pca10040/app_util_platform.o
 .ARM.attributes
                0x0000000000000206       0x36 Output/Debug/Obj/twi_scanner_pca10040/nrf_assert.o
 .ARM.attributes
                0x000000000000023c       0x36 Output/Debug/Obj/twi_scanner_pca10040/nrf_atomic.o
 .ARM.attributes
                0x0000000000000272       0x36 Output/Debug/Obj/twi_scanner_pca10040/nrf_balloc.o
 .ARM.attributes
                0x00000000000002a8       0x36 Output/Debug/Obj/twi_scanner_pca10040/nrf_fprintf.o
 .ARM.attributes
                0x00000000000002de       0x36 Output/Debug/Obj/twi_scanner_pca10040/nrf_fprintf_format.o
 .ARM.attributes
                0x0000000000000314       0x36 Output/Debug/Obj/twi_scanner_pca10040/nrf_memobj.o
 .ARM.attributes
                0x000000000000034a       0x36 Output/Debug/Obj/twi_scanner_pca10040/nrf_ringbuf.o
 .ARM.attributes
                0x0000000000000380       0x36 Output/Debug/Obj/twi_scanner_pca10040/nrf_strerror.o
 .ARM.attributes
                0x00000000000003b6       0x36 Output/Debug/Obj/twi_scanner_pca10040/nrfx_prs.o
 .ARM.attributes
                0x00000000000003ec       0x36 Output/Debug/Obj/twi_scanner_pca10040/nrfx_twim.o
 .ARM.attributes
                0x0000000000000422       0x36 Output/Debug/Obj/twi_scanner_pca10040/nrfx_uart.o
 .ARM.attributes
                0x0000000000000458       0x36 Output/Debug/Obj/twi_scanner_pca10040/nrfx_uarte.o
 .ARM.attributes
                0x000000000000048e       0x36 Output/Debug/Obj/twi_scanner_pca10040/main.o
 .ARM.attributes
                0x00000000000004c4       0x36 Output/Debug/Obj/twi_scanner_pca10040/app_dht11.o
 .ARM.attributes
                0x00000000000004fa       0x36 Output/Debug/Obj/twi_scanner_pca10040/SEGGER_RTT.o
 .ARM.attributes
                0x0000000000000530       0x20 Output/Debug/Obj/twi_scanner_pca10040/ses_startup_nrf52.o
 .ARM.attributes
                0x0000000000000550       0x20 Output/Debug/Obj/twi_scanner_pca10040/ses_startup_nrf_common.o
 .ARM.attributes
                0x0000000000000570       0x36 Output/Debug/Obj/twi_scanner_pca10040/system_nrf52.o
 .ARM.attributes
                0x00000000000005a6       0x3e C:/Program Files/SEGGER/SEGGER Embedded Studio for ARM 6.32a/lib/libc_v7em_fpv4_sp_d16_hard_t_le_eabi_balanced.a(mbops.o)
 .ARM.attributes
                0x00000000000005e4       0x20 C:/Program Files/SEGGER/SEGGER Embedded Studio for ARM 6.32a/lib/libc_v7em_fpv4_sp_d16_hard_t_le_eabi_balanced.a(strasmops_arm.o)

.comment        0x0000000000000000       0x6c
 .comment       0x0000000000000000       0x35 Output/Debug/Obj/twi_scanner_pca10040/nrf_log_backend_rtt.o
                                         0x36 (size before relaxing)
 .comment       0x0000000000000035       0x36 Output/Debug/Obj/twi_scanner_pca10040/nrf_log_backend_serial.o
 .comment       0x0000000000000035       0x36 Output/Debug/Obj/twi_scanner_pca10040/nrf_log_default_backends.o
 .comment       0x0000000000000035       0x36 Output/Debug/Obj/twi_scanner_pca10040/nrf_log_frontend.o
 .comment       0x0000000000000035       0x36 Output/Debug/Obj/twi_scanner_pca10040/nrf_log_str_formatter.o
 .comment       0x0000000000000035       0x36 Output/Debug/Obj/twi_scanner_pca10040/app_error.o
 .comment       0x0000000000000035       0x36 Output/Debug/Obj/twi_scanner_pca10040/app_error_handler_gcc.o
 .comment       0x0000000000000035       0x36 Output/Debug/Obj/twi_scanner_pca10040/app_error_weak.o
 .comment       0x0000000000000035       0x36 Output/Debug/Obj/twi_scanner_pca10040/app_util_platform.o
 .comment       0x0000000000000035       0x36 Output/Debug/Obj/twi_scanner_pca10040/nrf_assert.o
 .comment       0x0000000000000035       0x36 Output/Debug/Obj/twi_scanner_pca10040/nrf_atomic.o
 .comment       0x0000000000000035       0x36 Output/Debug/Obj/twi_scanner_pca10040/nrf_balloc.o
 .comment       0x0000000000000035       0x36 Output/Debug/Obj/twi_scanner_pca10040/nrf_fprintf.o
 .comment       0x0000000000000035       0x36 Output/Debug/Obj/twi_scanner_pca10040/nrf_fprintf_format.o
 .comment       0x0000000000000035       0x36 Output/Debug/Obj/twi_scanner_pca10040/nrf_memobj.o
 .comment       0x0000000000000035       0x36 Output/Debug/Obj/twi_scanner_pca10040/nrf_ringbuf.o
 .comment       0x0000000000000035       0x36 Output/Debug/Obj/twi_scanner_pca10040/nrf_strerror.o
 .comment       0x0000000000000035       0x36 Output/Debug/Obj/twi_scanner_pca10040/nrfx_prs.o
 .comment       0x0000000000000035       0x36 Output/Debug/Obj/twi_scanner_pca10040/nrfx_twim.o
 .comment       0x0000000000000035       0x36 Output/Debug/Obj/twi_scanner_pca10040/nrfx_uart.o
 .comment       0x0000000000000035       0x36 Output/Debug/Obj/twi_scanner_pca10040/nrfx_uarte.o
 .comment       0x0000000000000035       0x36 Output/Debug/Obj/twi_scanner_pca10040/main.o
 .comment       0x0000000000000035       0x36 Output/Debug/Obj/twi_scanner_pca10040/app_dht11.o
 .comment       0x0000000000000035       0x36 Output/Debug/Obj/twi_scanner_pca10040/SEGGER_RTT.o
 .comment       0x0000000000000035       0x36 Output/Debug/Obj/twi_scanner_pca10040/system_nrf52.o
 .comment       0x0000000000000035       0x37 C:/Program Files/SEGGER/SEGGER Embedded Studio for ARM 6.32a/lib/libc_v7em_fpv4_sp_d16_hard_t_le_eabi_balanced.a(mbops.o)
                                         0x38 (size before relaxing)
 .comment       0x000000000000006c       0x36 C:/Program Files/SEGGER/SEGGER Embedded Studio for ARM 6.32a/lib/heapops_basic_v7em_little.a(heapops_basic.o)

.note.GNU-stack
                0x0000000000000000        0x0
 .note.GNU-stack
                0x0000000000000000        0x0 C:/Program Files/SEGGER/SEGGER Embedded Studio for ARM 6.32a/lib/libc_v7em_fpv4_sp_d16_hard_t_le_eabi_balanced.a(mbops.o)

.debug_line     0x0000000000000000    0x1239e
 .debug_line    0x0000000000000000      0x17e Output/Debug/Obj/twi_scanner_pca10040/thumb_crt0.o
 .debug_line    0x000000000000017e      0x9d9 Output/Debug/Obj/twi_scanner_pca10040/nrf_log_backend_rtt.o
 .debug_line    0x0000000000000b57      0x72c Output/Debug/Obj/twi_scanner_pca10040/nrf_log_backend_serial.o
 .debug_line    0x0000000000001283      0x6a4 Output/Debug/Obj/twi_scanner_pca10040/nrf_log_default_backends.o
 .debug_line    0x0000000000001927     0x1142 Output/Debug/Obj/twi_scanner_pca10040/nrf_log_frontend.o
 .debug_line    0x0000000000002a69      0x863 Output/Debug/Obj/twi_scanner_pca10040/nrf_log_str_formatter.o
 .debug_line    0x00000000000032cc      0x419 Output/Debug/Obj/twi_scanner_pca10040/app_error.o
 .debug_line    0x00000000000036e5      0x42b Output/Debug/Obj/twi_scanner_pca10040/app_error_handler_gcc.o
 .debug_line    0x0000000000003b10      0x70a Output/Debug/Obj/twi_scanner_pca10040/app_error_weak.o
 .debug_line    0x000000000000421a      0x4f1 Output/Debug/Obj/twi_scanner_pca10040/app_util_platform.o
 .debug_line    0x000000000000470b      0x39d Output/Debug/Obj/twi_scanner_pca10040/nrf_assert.o
 .debug_line    0x0000000000004aa8      0x66a Output/Debug/Obj/twi_scanner_pca10040/nrf_atomic.o
 .debug_line    0x0000000000005112      0x732 Output/Debug/Obj/twi_scanner_pca10040/nrf_balloc.o
 .debug_line    0x0000000000005844      0x4bf Output/Debug/Obj/twi_scanner_pca10040/nrf_fprintf.o
 .debug_line    0x0000000000005d03      0x7ba Output/Debug/Obj/twi_scanner_pca10040/nrf_fprintf_format.o
 .debug_line    0x00000000000064bd      0x7bb Output/Debug/Obj/twi_scanner_pca10040/nrf_memobj.o
 .debug_line    0x0000000000006c78      0x8c3 Output/Debug/Obj/twi_scanner_pca10040/nrf_ringbuf.o
 .debug_line    0x000000000000753b      0x481 Output/Debug/Obj/twi_scanner_pca10040/nrf_strerror.o
 .debug_line    0x00000000000079bc      0x7fa Output/Debug/Obj/twi_scanner_pca10040/nrfx_prs.o
 .debug_line    0x00000000000081b6     0x1453 Output/Debug/Obj/twi_scanner_pca10040/nrfx_twim.o
 .debug_line    0x0000000000009609     0x1397 Output/Debug/Obj/twi_scanner_pca10040/nrfx_uart.o
 .debug_line    0x000000000000a9a0     0x1350 Output/Debug/Obj/twi_scanner_pca10040/nrfx_uarte.o
 .debug_line    0x000000000000bcf0      0xab2 Output/Debug/Obj/twi_scanner_pca10040/main.o
 .debug_line    0x000000000000c7a2      0xd4b Output/Debug/Obj/twi_scanner_pca10040/app_dht11.o
 .debug_line    0x000000000000d4ed      0xbf6 Output/Debug/Obj/twi_scanner_pca10040/SEGGER_RTT.o
 .debug_line    0x000000000000e0e3       0x7e Output/Debug/Obj/twi_scanner_pca10040/ses_startup_nrf52.o
 .debug_line    0x000000000000e161       0xa0 Output/Debug/Obj/twi_scanner_pca10040/ses_startup_nrf_common.o
 .debug_line    0x000000000000e201     0x419d Output/Debug/Obj/twi_scanner_pca10040/system_nrf52.o

.debug_info     0x0000000000000000    0x12a86
 .debug_info    0x0000000000000000       0x22 Output/Debug/Obj/twi_scanner_pca10040/thumb_crt0.o
 .debug_info    0x0000000000000022      0x471 Output/Debug/Obj/twi_scanner_pca10040/nrf_log_backend_rtt.o
 .debug_info    0x0000000000000493      0x6dc Output/Debug/Obj/twi_scanner_pca10040/nrf_log_backend_serial.o
 .debug_info    0x0000000000000b6f      0x2cc Output/Debug/Obj/twi_scanner_pca10040/nrf_log_default_backends.o
 .debug_info    0x0000000000000e3b     0x1a52 Output/Debug/Obj/twi_scanner_pca10040/nrf_log_frontend.o
 .debug_info    0x000000000000288d      0x502 Output/Debug/Obj/twi_scanner_pca10040/nrf_log_str_formatter.o
 .debug_info    0x0000000000002d8f      0x280 Output/Debug/Obj/twi_scanner_pca10040/app_error.o
 .debug_info    0x000000000000300f       0xf8 Output/Debug/Obj/twi_scanner_pca10040/app_error_handler_gcc.o
 .debug_info    0x0000000000003107      0x3a1 Output/Debug/Obj/twi_scanner_pca10040/app_error_weak.o
 .debug_info    0x00000000000034a8      0x744 Output/Debug/Obj/twi_scanner_pca10040/app_util_platform.o
 .debug_info    0x0000000000003bec      0x12b Output/Debug/Obj/twi_scanner_pca10040/nrf_assert.o
 .debug_info    0x0000000000003d17      0x86a Output/Debug/Obj/twi_scanner_pca10040/nrf_atomic.o
 .debug_info    0x0000000000004581      0x311 Output/Debug/Obj/twi_scanner_pca10040/nrf_balloc.o
 .debug_info    0x0000000000004892      0x225 Output/Debug/Obj/twi_scanner_pca10040/nrf_fprintf.o
 .debug_info    0x0000000000004ab7      0x4b1 Output/Debug/Obj/twi_scanner_pca10040/nrf_fprintf_format.o
 .debug_info    0x0000000000004f68      0x759 Output/Debug/Obj/twi_scanner_pca10040/nrf_memobj.o
 .debug_info    0x00000000000056c1      0x507 Output/Debug/Obj/twi_scanner_pca10040/nrf_ringbuf.o
 .debug_info    0x0000000000005bc8      0x1ba Output/Debug/Obj/twi_scanner_pca10040/nrf_strerror.o
 .debug_info    0x0000000000005d82      0x785 Output/Debug/Obj/twi_scanner_pca10040/nrfx_prs.o
 .debug_info    0x0000000000006507     0x1ec3 Output/Debug/Obj/twi_scanner_pca10040/nrfx_twim.o
 .debug_info    0x00000000000083ca     0x1e7a Output/Debug/Obj/twi_scanner_pca10040/nrfx_uart.o
 .debug_info    0x000000000000a244     0x1fc3 Output/Debug/Obj/twi_scanner_pca10040/nrfx_uarte.o
 .debug_info    0x000000000000c207      0xed1 Output/Debug/Obj/twi_scanner_pca10040/main.o
 .debug_info    0x000000000000d0d8      0x7fe Output/Debug/Obj/twi_scanner_pca10040/app_dht11.o
 .debug_info    0x000000000000d8d6      0xe3b Output/Debug/Obj/twi_scanner_pca10040/SEGGER_RTT.o
 .debug_info    0x000000000000e711       0x23 Output/Debug/Obj/twi_scanner_pca10040/ses_startup_nrf52.o
 .debug_info    0x000000000000e734       0x23 Output/Debug/Obj/twi_scanner_pca10040/ses_startup_nrf_common.o
 .debug_info    0x000000000000e757     0x432f Output/Debug/Obj/twi_scanner_pca10040/system_nrf52.o

.debug_abbrev   0x0000000000000000     0x33b2
 .debug_abbrev  0x0000000000000000       0x12 Output/Debug/Obj/twi_scanner_pca10040/thumb_crt0.o
 .debug_abbrev  0x0000000000000012      0x1d4 Output/Debug/Obj/twi_scanner_pca10040/nrf_log_backend_rtt.o
 .debug_abbrev  0x00000000000001e6      0x1d3 Output/Debug/Obj/twi_scanner_pca10040/nrf_log_backend_serial.o
 .debug_abbrev  0x00000000000003b9      0x16c Output/Debug/Obj/twi_scanner_pca10040/nrf_log_default_backends.o
 .debug_abbrev  0x0000000000000525      0x4c8 Output/Debug/Obj/twi_scanner_pca10040/nrf_log_frontend.o
 .debug_abbrev  0x00000000000009ed      0x1bd Output/Debug/Obj/twi_scanner_pca10040/nrf_log_str_formatter.o
 .debug_abbrev  0x0000000000000baa      0x130 Output/Debug/Obj/twi_scanner_pca10040/app_error.o
 .debug_abbrev  0x0000000000000cda       0x96 Output/Debug/Obj/twi_scanner_pca10040/app_error_handler_gcc.o
 .debug_abbrev  0x0000000000000d70      0x1d3 Output/Debug/Obj/twi_scanner_pca10040/app_error_weak.o
 .debug_abbrev  0x0000000000000f43      0x275 Output/Debug/Obj/twi_scanner_pca10040/app_util_platform.o
 .debug_abbrev  0x00000000000011b8       0xc7 Output/Debug/Obj/twi_scanner_pca10040/nrf_assert.o
 .debug_abbrev  0x000000000000127f      0x121 Output/Debug/Obj/twi_scanner_pca10040/nrf_atomic.o
 .debug_abbrev  0x00000000000013a0      0x19f Output/Debug/Obj/twi_scanner_pca10040/nrf_balloc.o
 .debug_abbrev  0x000000000000153f      0x11b Output/Debug/Obj/twi_scanner_pca10040/nrf_fprintf.o
 .debug_abbrev  0x000000000000165a      0x1eb Output/Debug/Obj/twi_scanner_pca10040/nrf_fprintf_format.o
 .debug_abbrev  0x0000000000001845      0x1df Output/Debug/Obj/twi_scanner_pca10040/nrf_memobj.o
 .debug_abbrev  0x0000000000001a24      0x12f Output/Debug/Obj/twi_scanner_pca10040/nrf_ringbuf.o
 .debug_abbrev  0x0000000000001b53       0xe6 Output/Debug/Obj/twi_scanner_pca10040/nrf_strerror.o
 .debug_abbrev  0x0000000000001c39      0x205 Output/Debug/Obj/twi_scanner_pca10040/nrfx_prs.o
 .debug_abbrev  0x0000000000001e3e      0x3b6 Output/Debug/Obj/twi_scanner_pca10040/nrfx_twim.o
 .debug_abbrev  0x00000000000021f4      0x3ce Output/Debug/Obj/twi_scanner_pca10040/nrfx_uart.o
 .debug_abbrev  0x00000000000025c2      0x396 Output/Debug/Obj/twi_scanner_pca10040/nrfx_uarte.o
 .debug_abbrev  0x0000000000002958      0x2e1 Output/Debug/Obj/twi_scanner_pca10040/main.o
 .debug_abbrev  0x0000000000002c39      0x29c Output/Debug/Obj/twi_scanner_pca10040/app_dht11.o
 .debug_abbrev  0x0000000000002ed5      0x236 Output/Debug/Obj/twi_scanner_pca10040/SEGGER_RTT.o
 .debug_abbrev  0x000000000000310b       0x14 Output/Debug/Obj/twi_scanner_pca10040/ses_startup_nrf52.o
 .debug_abbrev  0x000000000000311f       0x14 Output/Debug/Obj/twi_scanner_pca10040/ses_startup_nrf_common.o
 .debug_abbrev  0x0000000000003133      0x27f Output/Debug/Obj/twi_scanner_pca10040/system_nrf52.o

.debug_aranges  0x0000000000000000     0x19c8
 .debug_aranges
                0x0000000000000000       0x50 Output/Debug/Obj/twi_scanner_pca10040/thumb_crt0.o
 .debug_aranges
                0x0000000000000050       0x50 Output/Debug/Obj/twi_scanner_pca10040/nrf_log_backend_rtt.o
 .debug_aranges
                0x00000000000000a0       0x20 Output/Debug/Obj/twi_scanner_pca10040/nrf_log_backend_serial.o
 .debug_aranges
                0x00000000000000c0       0x28 Output/Debug/Obj/twi_scanner_pca10040/nrf_log_default_backends.o
 .debug_aranges
                0x00000000000000e8      0x148 Output/Debug/Obj/twi_scanner_pca10040/nrf_log_frontend.o
 .debug_aranges
                0x0000000000000230       0x48 Output/Debug/Obj/twi_scanner_pca10040/nrf_log_str_formatter.o
 .debug_aranges
                0x0000000000000278       0x28 Output/Debug/Obj/twi_scanner_pca10040/app_error.o
 .debug_aranges
                0x00000000000002a0       0x20 Output/Debug/Obj/twi_scanner_pca10040/app_error_handler_gcc.o
 .debug_aranges
                0x00000000000002c0       0x20 Output/Debug/Obj/twi_scanner_pca10040/app_error_weak.o
 .debug_aranges
                0x00000000000002e0       0x50 Output/Debug/Obj/twi_scanner_pca10040/app_util_platform.o
 .debug_aranges
                0x0000000000000330       0x20 Output/Debug/Obj/twi_scanner_pca10040/nrf_assert.o
 .debug_aranges
                0x0000000000000350       0xb8 Output/Debug/Obj/twi_scanner_pca10040/nrf_atomic.o
 .debug_aranges
                0x0000000000000408       0x40 Output/Debug/Obj/twi_scanner_pca10040/nrf_balloc.o
 .debug_aranges
                0x0000000000000448       0x28 Output/Debug/Obj/twi_scanner_pca10040/nrf_fprintf.o
 .debug_aranges
                0x0000000000000470       0x40 Output/Debug/Obj/twi_scanner_pca10040/nrf_fprintf_format.o
 .debug_aranges
                0x00000000000004b0       0x58 Output/Debug/Obj/twi_scanner_pca10040/nrf_memobj.o
 .debug_aranges
                0x0000000000000508       0x50 Output/Debug/Obj/twi_scanner_pca10040/nrf_ringbuf.o
 .debug_aranges
                0x0000000000000558       0x28 Output/Debug/Obj/twi_scanner_pca10040/nrf_strerror.o
 .debug_aranges
                0x0000000000000580       0x38 Output/Debug/Obj/twi_scanner_pca10040/nrfx_prs.o
 .debug_aranges